******************************************************************************
                  TI ARM Linker Unix v16.9.6                   
******************************************************************************
>> Linked Sun Mar  4 13:01:25 2018

OUTPUT FILE NAME:   <Practica2.out>
ENTRY POINT SYMBOL: "_c_int00"  address: 00003ffd


MEMORY CONFIGURATION

         name            origin    length      used     unused   attr    fill
----------------------  --------  ---------  --------  --------  ----  --------
  MAIN                  00000000   00040000  000052c3  0003ad3d  R  X
  INFO                  00200000   00004000  00000000  00004000  R  X
  SRAM_CODE             01000000   00010000  00000668  0000f998  RW X
  SRAM_DATA             20000000   00010000  00000668  0000f998  RW  


SEGMENT ALLOCATION MAP

run origin  load origin   length   init length attrs members
----------  ----------- ---------- ----------- ----- -------
00000000    00000000    000052c8   000052c8    r-x
  00000000    00000000    000000e4   000000e4    r-- .intvecs
  000000e4    000000e4    000041d8   000041d8    r-x .text
  000042bc    000042bc    00000f9f   00000f9f    r-- .const
  00005260    00005260    00000068   00000068    r-- .cinit
20000000    20000000    00000468   00000000    rw-
  20000000    20000000    00000410   00000000    rw- .bss
  20000410    20000410    00000058   00000000    rw- .data
2000fe00    2000fe00    00000200   00000000    rw-
  2000fe00    2000fe00    00000200   00000000    rw- .stack


SECTION ALLOCATION MAP

 output                                  attributes/
section   page    origin      length       input sections
--------  ----  ----------  ----------   ----------------
.intvecs   0    00000000    000000e4     
                  00000000    000000e4     startup_msp432p401r_ccs.obj (.intvecs:retain)

.text      0    000000e4    000041d8     
                  000000e4    0000113e     rtsv7M4_T_le_v4SPD16_eabi.lib : _printfi.obj (.text)
                  00001222    00000002                                   : mpu_init.obj (.text)
                  00001224    0000104c     lib_PAE2.lib : graphics.obj (.text)
                  00002270    000008a8                  : lcd.obj (.text)
                  00002b18    0000051c     Practica_02 PAE_Alumnes.obj (.text)
                  00003034    0000032c     system_msp432p401r.obj (.text)
                  00003360    000001f4     rtsv7M4_T_le_v4SPD16_eabi.lib : ull_div_t2.obj (.text)
                  00003554    000001b6                                   : fd_add_t2.obj (.text)
                  0000370a    00000002                                   : startup.obj (.text)
                  0000370c    00000188     lib_PAE2.lib : msp_LCD.obj (.text)
                  00003894    00000136     rtsv7M4_T_le_v4SPD16_eabi.lib : fd_div_t2.obj (.text)
                  000039ca    000000fc                                   : fd_mul_t2.obj (.text)
                  00003ac6    00000002     --HOLE-- [fill = 0]
                  00003ac8    000000fc                                   : s_scalbn.obj (.text)
                  00003bc4    0000009c                                   : memcpy_t2.obj (.text)
                  00003c60    00000086                                   : fd_cmp_t2.obj (.text:__aeabi_cdcmple)
                  00003ce6    00000086                                   : fd_cmp_t2.obj (.text:__aeabi_cdrcmple)
                  00003d6c    0000007a                                   : memset_t2.obj (.text)
                  00003de6    00000002     --HOLE-- [fill = 0]
                  00003de8    00000078     lib_PAE2.lib : Inicializacion.obj (.text)
                  00003e60    00000070     rtsv7M4_T_le_v4SPD16_eabi.lib : autoinit.obj (.text)
                  00003ed0    00000068                                   : copy_decompress_lzss.obj (.text:decompress:lzss)
                  00003f38    00000064                                   : s_frexp.obj (.text)
                  00003f9c    00000060                                   : sprintf.obj (.text)
                  00003ffc    00000054                                   : boot.obj (.text)
                  00004050    00000054                                   : exit.obj (.text)
                  000040a4    00000054                                   : ltoa.obj (.text)
                  000040f8    0000004c                                   : atoi.obj (.text)
                  00004144    0000004c                                   : cpy_tbl.obj (.text)
                  00004190    00000048                                   : fd_toi_t2.obj (.text)
                  000041d8    0000002e                                   : i_tofd_t2.obj (.text)
                  00004206    0000001c                                   : memccpy.obj (.text)
                  00004222    00000002     --HOLE-- [fill = 0]
                  00004224    00000018                                   : args_main.obj (.text)
                  0000423c    00000016                                   : strchr.obj (.text)
                  00004252    00000002     --HOLE-- [fill = 0]
                  00004254    00000014                                   : _lock.obj (.text)
                  00004268    00000014                                   : s_copysign.obj (.text)
                  0000427c    00000014                                   : strlen.obj (.text)
                  00004290    0000000e                                   : copy_decompress_none.obj (.text:decompress:none)
                  0000429e    0000000e     startup_msp432p401r_ccs.obj (.text)
                  000042ac    0000000c     rtsv7M4_T_le_v4SPD16_eabi.lib : copy_zero_init.obj (.text:decompress:ZI)
                  000042b8    00000004                                   : pre_init.obj (.text)

.const     0    000042bc    00000f9f     
                  000042bc    0000082a     lib_PAE2.lib : graphics.obj (.const:font_11x16)
                  00004ae6    00000474                  : graphics.obj (.const:font_8x12)
                  00004f5a    000001e0                  : graphics.obj (.const:font_5x7)
                  0000513a    00000101     rtsv7M4_T_le_v4SPD16_eabi.lib : ctype.obj (.const:.string:_ctypes_)
                  0000523b    00000010     lib_PAE2.lib : lcd.obj (.const:.string:$P$T0$1)
                  0000524b    00000010                  : lcd.obj (.const:.string:$P$T1$2)

.cinit     0    00005260    00000068     
                  00005260    00000042     (.cinit..data.load) [load image, compression = lzss]
                  000052a2    00000002     --HOLE-- [fill = 0]
                  000052a4    0000000c     (__TI_handler_table)
                  000052b0    00000008     (.cinit..bss.load) [load image, compression = zero_init]
                  000052b8    00000010     (__TI_cinit_table)

.init_array 
*          0    00000000    00000000     UNINITIALIZED

.binit     0    00000000    00000000     

.bss       0    20000000    00000410     UNINITIALIZED
                  20000000    00000400     lib_PAE2.lib : graphics.obj (.bss:g_pulConvertedPalette)
                  20000400    00000010     (.common:cadena)

.data      0    20000410    00000058     UNINITIALIZED
                  20000410    00000010     Practica_02 PAE_Alumnes.obj (.data:borrado)
                  20000420    00000010     Practica_02 PAE_Alumnes.obj (.data:saludo)
                  20000430    0000000c     rtsv7M4_T_le_v4SPD16_eabi.lib : exit.obj (.data:$O1$$)
                  2000043c    0000000a     lib_PAE2.lib : lcd.obj (.data)
                  20000446    00000002     --HOLE--
                  20000448    00000008     rtsv7M4_T_le_v4SPD16_eabi.lib : _lock.obj (.data:$O1$$)
                  20000450    00000008     Practica_02 PAE_Alumnes.obj (.data)
                  20000458    00000004     lib_PAE2.lib : graphics.obj (.data)
                  2000045c    00000004     rtsv7M4_T_le_v4SPD16_eabi.lib : errno.obj (.data)
                  20000460    00000004                                   : stkdepth_vars.obj (.data)
                  20000464    00000004     system_msp432p401r.obj (.data)

.stack     0    2000fe00    00000200     UNINITIALIZED
                  2000fe00    00000200     --HOLE--

MODULE SUMMARY

       Module                        code    ro data   rw data
       ------                        ----    -------   -------
    ./
       Practica_02 PAE_Alumnes.obj   1308    0         112    
       system_msp432p401r.obj        812     0         8      
       startup_msp432p401r_ccs.obj   14      228       0      
    +--+-----------------------------+-------+---------+---------+
       Total:                        2134    228       120    
                                                              
    ../lib_PAE2.lib
       graphics.obj                  4172    3710      2056   
       lcd.obj                       2216    32        20     
       msp_LCD.obj                   392     0         0      
       Inicializacion.obj            120     0         0      
    +--+-----------------------------+-------+---------+---------+
       Total:                        6900    3742      2076   
                                                              
    /home/frosbi/ti/ccsv7/tools/compiler/ti-cgt-arm_16.9.6.LTS/lib/rtsv7M4_T_le_v4SPD16_eabi.lib
       _printfi.obj                  4414    0         0      
       ull_div_t2.obj                500     0         0      
       fd_add_t2.obj                 438     0         0      
       fd_div_t2.obj                 310     0         0      
       fd_cmp_t2.obj                 268     0         0      
       ctype.obj                     0       257       0      
       fd_mul_t2.obj                 252     0         0      
       s_scalbn.obj                  252     0         0      
       memcpy_t2.obj                 156     0         0      
       memset_t2.obj                 122     0         0      
       autoinit.obj                  112     0         0      
       exit.obj                      84      0         24     
       copy_decompress_lzss.obj      104     0         0      
       s_frexp.obj                   100     0         0      
       sprintf.obj                   96      0         0      
       boot.obj                      84      0         0      
       ltoa.obj                      84      0         0      
       atoi.obj                      76      0         0      
       cpy_tbl.obj                   76      0         0      
       fd_toi_t2.obj                 72      0         0      
       i_tofd_t2.obj                 46      0         0      
       _lock.obj                     20      0         16     
       memccpy.obj                   28      0         0      
       args_main.obj                 24      0         0      
       strchr.obj                    22      0         0      
       s_copysign.obj                20      0         0      
       strlen.obj                    20      0         0      
       copy_decompress_none.obj      14      0         0      
       copy_zero_init.obj            12      0         0      
       errno.obj                     0       0         8      
       stkdepth_vars.obj             0       0         8      
       pre_init.obj                  4       0         0      
       mpu_init.obj                  2       0         0      
       startup.obj                   2       0         0      
    +--+-----------------------------+-------+---------+---------+
       Total:                        7814    257       56     
                                                              
       Stack:                        0       0         1024   
       Linker Generated:             0       102       0      
    +--+-----------------------------+-------+---------+---------+
       Grand Total:                  16848   4329      3276   


LINKER GENERATED COPY TABLES

__TI_cinit_table @ 000052b8 records: 2, size/record: 8, table size: 16
	.data: load addr=00005260, load size=00000042 bytes, run addr=20000410, run size=00000058 bytes, compression=lzss
	.bss: load addr=000052b0, load size=00000008 bytes, run addr=20000000, run size=00000410 bytes, compression=zero_init


LINKER GENERATED HANDLER TABLE

__TI_handler_table @ 000052a4 records: 3, size/record: 4, table size: 12
	index: 0, handler: __TI_decompress_lzss
	index: 1, handler: __TI_decompress_none
	index: 2, handler: __TI_zero_init


GLOBAL SYMBOLS: SORTED ALPHABETICALLY BY Name 

address   name                           
-------   ----                           
000042ab  ADC14_IRQHandler               
000042ab  AES256_IRQHandler              
000042ab  BusFault_Handler               
00004051  C$$EXIT                        
000042ab  COMP_E0_IRQHandler             
000042ab  COMP_E1_IRQHandler             
000042ab  CS_IRQHandler                  
2000043e  Color_Fondo                    
20000442  Color_Fondo_Inv                
20000440  Color_Texto                    
20000444  Color_Texto_Inv                
000042ab  DMA_ERR_IRQHandler             
000042ab  DMA_INT0_IRQHandler            
000042ab  DMA_INT1_IRQHandler            
000042ab  DMA_INT2_IRQHandler            
000042ab  DMA_INT3_IRQHandler            
000042ab  DebugMon_Handler               
000042ab  Default_Handler                
000042ab  EUSCIA0_IRQHandler             
000042ab  EUSCIA1_IRQHandler             
000042ab  EUSCIA2_IRQHandler             
000042ab  EUSCIA3_IRQHandler             
000042ab  EUSCIB0_IRQHandler             
000042ab  EUSCIB1_IRQHandler             
000042ab  EUSCIB2_IRQHandler             
000042ab  EUSCIB3_IRQHandler             
000042ab  FLCTL_IRQHandler               
000042ab  FPU_IRQHandler                 
2000043d  Fuente                         
000042ab  HardFault_Handler              
000042ab  MemManage_Handler              
000042ab  NMI_Handler                    
000042ab  PCM_IRQHandler                 
000042ab  PORT1_IRQHandler               
000042ab  PORT2_IRQHandler               
00002eb9  PORT3_IRQHandler               
00002eb9  PORT3_IRQHandler               
00002f31  PORT4_IRQHandler               
00002f31  PORT4_IRQHandler               
00002f99  PORT5_IRQHandler               
00002f99  PORT5_IRQHandler               
000042ab  PORT6_IRQHandler               
000042ab  PSS_IRQHandler                 
000042ab  PendSV_Handler                 
000042ab  RTC_C_IRQHandler               
0000429f  Reset_Handler                  
UNDEFED   SHT$$INIT_ARRAY$$Base          
UNDEFED   SHT$$INIT_ARRAY$$Limit         
000042ab  SVC_Handler                    
000042ab  SysTick_Handler                
20000464  SystemCoreClock                
00003035  SystemCoreClockUpdate          
000032a9  SystemInit                     
000042ab  T32_INT1_IRQHandler            
000042ab  T32_INT2_IRQHandler            
000042ab  T32_INTC_IRQHandler            
000042ab  TA0_0_IRQHandler               
000042ab  TA0_N_IRQHandler               
000042ab  TA1_0_IRQHandler               
000042ab  TA1_N_IRQHandler               
000042ab  TA2_0_IRQHandler               
000042ab  TA2_N_IRQHandler               
000042ab  TA3_0_IRQHandler               
000042ab  TA3_N_IRQHandler               
000042ab  UsageFault_Handler             
4000480c  WDTCTL_SYM                     
000042ab  WDT_A_IRQHandler               
20010000  __STACK_END                    
00000200  __STACK_SIZE                   
000052b8  __TI_CINIT_Base                
000052c8  __TI_CINIT_Limit               
000052a4  __TI_Handler_Table_Base        
000052b0  __TI_Handler_Table_Limit       
00003e61  __TI_auto_init                 
20000430  __TI_cleanup_ptr               
00003ed1  __TI_decompress_lzss           
00004291  __TI_decompress_none           
20000434  __TI_dtors_ptr                 
20000438  __TI_enable_exit_profile_output
ffffffff  __TI_pprof_out_hndl            
00000929  __TI_printfi                   
ffffffff  __TI_prof_data_size            
ffffffff  __TI_prof_data_start           
00000000  __TI_static_base__             
000042ad  __TI_zero_init                 
00003c61  __aeabi_cdcmpeq                
00003c61  __aeabi_cdcmple                
00003ce7  __aeabi_cdrcmple               
00004191  __aeabi_d2iz                   
0000355f  __aeabi_dadd                   
00003895  __aeabi_ddiv                   
000039cb  __aeabi_dmul                   
00003555  __aeabi_dsub                   
000041d9  __aeabi_i2d                    
00003d6d  __aeabi_memclr                 
00003d6d  __aeabi_memclr4                
00003d6d  __aeabi_memclr8                
00003bc5  __aeabi_memcpy                 
00003bc5  __aeabi_memcpy4                
00003bc5  __aeabi_memcpy8                
00003d6f  __aeabi_memset                 
00003d6f  __aeabi_memset4                
00003d6f  __aeabi_memset8                
00003361  __aeabi_uldivmod               
ffffffff  __binit__                      
ffffffff  __c_args__                     
00001223  __mpu_init                     
2000fe00  __stack                        
00004225  _args_main                     
00003ffd  _c_int00                       
0000513a  _ctypes_                       
20000448  _lock                          
00004263  _nop                           
2000043c  _orientation                   
0000425b  _register_lock                 
00004255  _register_unlock               
0000370b  _system_post_cinit             
000042b9  _system_pre_init               
2000044c  _unlock                        
00004055  abort                          
000040f9  atoi                           
2000045b  bgColorHighByte                
2000045a  bgColorLowByte                 
ffffffff  binit                          
20000410  borrado                        
00002b65  borrar                         
20000400  cadena                         
000026a1  cambiar_orientacion            
00001261  clearScreen                    
000012ef  clearScreenBkg                 
20000459  colorHighByte                  
20000458  colorLowByte                   
00002cc9  config_P7_LEDS                 
00004145  copy_in                        
00004269  copysign                       
00004269  copysignl                      
00003831  delay                          
00002cad  delay_t                        
00001661  drawCharLg                     
00001709  drawCharLgBkg                  
000017ed  drawCharMd                     
0000189b  drawCharMdBkg                  
000014e1  drawCharSm                     
00001587  drawCharSmBkg                  
00001edb  drawCircle                     
000019fd  drawImage                      
00001a15  drawImageLut                   
00001b23  drawImageMono                  
00001c81  drawLine                       
00001b41  drawLogicLine                  
00001377  drawPixel                      
00001e77  drawRect                       
000013a7  drawString                     
2000045c  errno                          
00002b79  escribir                       
20000451  estado                         
20000452  estado_anterior                
0000405d  exit                           
000020f9  fillCircle                     
0000205b  fillRect                       
000042bc  font_11x16                     
00004f5a  font_5x7                       
00004ae6  font_8x12                      
00003f39  frexp                          
00003f39  frexpl                         
0000231b  getAltura                      
000022c9  getColumna                     
00002277  getLinea                       
00002271  getOrientacion                 
00002377  getScreenHeight                
00002361  getScreenWidth                 
00002831  halLcdClearLine                
000026cf  halLcdClearScreen              
000026f3  halLcdClearScreenBkg           
000029a5  halLcdDrawCircle               
00002aad  halLcdDrawImageLut             
000028f9  halLcdDrawLine                 
000028a7  halLcdDrawPixel                
0000294d  halLcdDrawRect                 
00002a51  halLcdFillCircle               
000029f5  halLcdFillRect                 
000026c3  halLcdInit                     
00002713  halLcdPrintLine                
00002793  halLcdPrintLineCol             
000024ed  initLCD                        
00002b59  init_LCD                       
00002b8f  init_botons                    
00002b19  init_interrupciones            
0000370d  init_spi_lcd_tactil            
00003de9  init_ucs_16MHz                 
00003e21  init_ucs_24MHz                 
00000000  interruptVectors               
00003ac9  ldexp                          
00003ac9  ldexpl                         
00002d3d  ledsprogressius2F              
00002d55  ledsprogressius2S              
00002cdd  ledsprogressiusL2R             
00002d0d  ledsprogressiusR2L             
20000450  linea                          
000040a5  ltoa                           
00002d75  main                           
20000460  main_func_sp                   
00004207  memccpy                        
00003bc5  memcpy                         
00003d75  memset                         
20000454  retraso                        
20000420  saludo                         
00003ac9  scalbn                         
00003ac9  scalbnl                        
0000238d  setArea                        
00001243  setBackgroundColor             
00001225  setColor                       
00002633  setOrientation                 
00003f9d  sprintf                        
0000423d  strchr                         
0000427d  strlen                         
0000380b  writeCommand                   
000037e5  writeData                      


GLOBAL SYMBOLS: SORTED BY Symbol Address 

address   name                           
-------   ----                           
00000000  __TI_static_base__             
00000000  interruptVectors               
00000200  __STACK_SIZE                   
00000929  __TI_printfi                   
00001223  __mpu_init                     
00001225  setColor                       
00001243  setBackgroundColor             
00001261  clearScreen                    
000012ef  clearScreenBkg                 
00001377  drawPixel                      
000013a7  drawString                     
000014e1  drawCharSm                     
00001587  drawCharSmBkg                  
00001661  drawCharLg                     
00001709  drawCharLgBkg                  
000017ed  drawCharMd                     
0000189b  drawCharMdBkg                  
000019fd  drawImage                      
00001a15  drawImageLut                   
00001b23  drawImageMono                  
00001b41  drawLogicLine                  
00001c81  drawLine                       
00001e77  drawRect                       
00001edb  drawCircle                     
0000205b  fillRect                       
000020f9  fillCircle                     
00002271  getOrientacion                 
00002277  getLinea                       
000022c9  getColumna                     
0000231b  getAltura                      
00002361  getScreenWidth                 
00002377  getScreenHeight                
0000238d  setArea                        
000024ed  initLCD                        
00002633  setOrientation                 
000026a1  cambiar_orientacion            
000026c3  halLcdInit                     
000026cf  halLcdClearScreen              
000026f3  halLcdClearScreenBkg           
00002713  halLcdPrintLine                
00002793  halLcdPrintLineCol             
00002831  halLcdClearLine                
000028a7  halLcdDrawPixel                
000028f9  halLcdDrawLine                 
0000294d  halLcdDrawRect                 
000029a5  halLcdDrawCircle               
000029f5  halLcdFillRect                 
00002a51  halLcdFillCircle               
00002aad  halLcdDrawImageLut             
00002b19  init_interrupciones            
00002b59  init_LCD                       
00002b65  borrar                         
00002b79  escribir                       
00002b8f  init_botons                    
00002cad  delay_t                        
00002cc9  config_P7_LEDS                 
00002cdd  ledsprogressiusL2R             
00002d0d  ledsprogressiusR2L             
00002d3d  ledsprogressius2F              
00002d55  ledsprogressius2S              
00002d75  main                           
00002eb9  PORT3_IRQHandler               
00002eb9  PORT3_IRQHandler               
00002f31  PORT4_IRQHandler               
00002f31  PORT4_IRQHandler               
00002f99  PORT5_IRQHandler               
00002f99  PORT5_IRQHandler               
00003035  SystemCoreClockUpdate          
000032a9  SystemInit                     
00003361  __aeabi_uldivmod               
00003555  __aeabi_dsub                   
0000355f  __aeabi_dadd                   
0000370b  _system_post_cinit             
0000370d  init_spi_lcd_tactil            
000037e5  writeData                      
0000380b  writeCommand                   
00003831  delay                          
00003895  __aeabi_ddiv                   
000039cb  __aeabi_dmul                   
00003ac9  ldexp                          
00003ac9  ldexpl                         
00003ac9  scalbn                         
00003ac9  scalbnl                        
00003bc5  __aeabi_memcpy                 
00003bc5  __aeabi_memcpy4                
00003bc5  __aeabi_memcpy8                
00003bc5  memcpy                         
00003c61  __aeabi_cdcmpeq                
00003c61  __aeabi_cdcmple                
00003ce7  __aeabi_cdrcmple               
00003d6d  __aeabi_memclr                 
00003d6d  __aeabi_memclr4                
00003d6d  __aeabi_memclr8                
00003d6f  __aeabi_memset                 
00003d6f  __aeabi_memset4                
00003d6f  __aeabi_memset8                
00003d75  memset                         
00003de9  init_ucs_16MHz                 
00003e21  init_ucs_24MHz                 
00003e61  __TI_auto_init                 
00003ed1  __TI_decompress_lzss           
00003f39  frexp                          
00003f39  frexpl                         
00003f9d  sprintf                        
00003ffd  _c_int00                       
00004051  C$$EXIT                        
00004055  abort                          
0000405d  exit                           
000040a5  ltoa                           
000040f9  atoi                           
00004145  copy_in                        
00004191  __aeabi_d2iz                   
000041d9  __aeabi_i2d                    
00004207  memccpy                        
00004225  _args_main                     
0000423d  strchr                         
00004255  _register_unlock               
0000425b  _register_lock                 
00004263  _nop                           
00004269  copysign                       
00004269  copysignl                      
0000427d  strlen                         
00004291  __TI_decompress_none           
0000429f  Reset_Handler                  
000042ab  ADC14_IRQHandler               
000042ab  AES256_IRQHandler              
000042ab  BusFault_Handler               
000042ab  COMP_E0_IRQHandler             
000042ab  COMP_E1_IRQHandler             
000042ab  CS_IRQHandler                  
000042ab  DMA_ERR_IRQHandler             
000042ab  DMA_INT0_IRQHandler            
000042ab  DMA_INT1_IRQHandler            
000042ab  DMA_INT2_IRQHandler            
000042ab  DMA_INT3_IRQHandler            
000042ab  DebugMon_Handler               
000042ab  Default_Handler                
000042ab  EUSCIA0_IRQHandler             
000042ab  EUSCIA1_IRQHandler             
000042ab  EUSCIA2_IRQHandler             
000042ab  EUSCIA3_IRQHandler             
000042ab  EUSCIB0_IRQHandler             
000042ab  EUSCIB1_IRQHandler             
000042ab  EUSCIB2_IRQHandler             
000042ab  EUSCIB3_IRQHandler             
000042ab  FLCTL_IRQHandler               
000042ab  FPU_IRQHandler                 
000042ab  HardFault_Handler              
000042ab  MemManage_Handler              
000042ab  NMI_Handler                    
000042ab  PCM_IRQHandler                 
000042ab  PORT1_IRQHandler               
000042ab  PORT2_IRQHandler               
000042ab  PORT6_IRQHandler               
000042ab  PSS_IRQHandler                 
000042ab  PendSV_Handler                 
000042ab  RTC_C_IRQHandler               
000042ab  SVC_Handler                    
000042ab  SysTick_Handler                
000042ab  T32_INT1_IRQHandler            
000042ab  T32_INT2_IRQHandler            
000042ab  T32_INTC_IRQHandler            
000042ab  TA0_0_IRQHandler               
000042ab  TA0_N_IRQHandler               
000042ab  TA1_0_IRQHandler               
000042ab  TA1_N_IRQHandler               
000042ab  TA2_0_IRQHandler               
000042ab  TA2_N_IRQHandler               
000042ab  TA3_0_IRQHandler               
000042ab  TA3_N_IRQHandler               
000042ab  UsageFault_Handler             
000042ab  WDT_A_IRQHandler               
000042ad  __TI_zero_init                 
000042b9  _system_pre_init               
000042bc  font_11x16                     
00004ae6  font_8x12                      
00004f5a  font_5x7                       
0000513a  _ctypes_                       
000052a4  __TI_Handler_Table_Base        
000052b0  __TI_Handler_Table_Limit       
000052b8  __TI_CINIT_Base                
000052c8  __TI_CINIT_Limit               
20000400  cadena                         
20000410  borrado                        
20000420  saludo                         
20000430  __TI_cleanup_ptr               
20000434  __TI_dtors_ptr                 
20000438  __TI_enable_exit_profile_output
2000043c  _orientation                   
2000043d  Fuente                         
2000043e  Color_Fondo                    
20000440  Color_Texto                    
20000442  Color_Fondo_Inv                
20000444  Color_Texto_Inv                
20000448  _lock                          
2000044c  _unlock                        
20000450  linea                          
20000451  estado                         
20000452  estado_anterior                
20000454  retraso                        
20000458  colorLowByte                   
20000459  colorHighByte                  
2000045a  bgColorLowByte                 
2000045b  bgColorHighByte                
2000045c  errno                          
20000460  main_func_sp                   
20000464  SystemCoreClock                
2000fe00  __stack                        
20010000  __STACK_END                    
4000480c  WDTCTL_SYM                     
ffffffff  __TI_pprof_out_hndl            
ffffffff  __TI_prof_data_size            
ffffffff  __TI_prof_data_start           
ffffffff  __binit__                      
ffffffff  __c_args__                     
ffffffff  binit                          
UNDEFED   SHT$$INIT_ARRAY$$Base          
UNDEFED   SHT$$INIT_ARRAY$$Limit         

[218 symbols]
