<?xml version="1.0"?>
<link_info>
   <banner>TI ARM Linker PC v16.9.3.LTS</banner>
   <copyright>Copyright (c) 1996-2017 Texas Instruments Incorporated</copyright>
   <link_time>0x5aec1ef2</link_time>
   <link_errors>0x0</link_errors>
   <output_file>Practica4.out</output_file>
   <entry_point>
      <name>_c_int00</name>
      <address>0x4681</address>
   </entry_point>
   <input_file_list>
      <input_file id="fl-2">
         <path>.\</path>
         <kind>object</kind>
         <file>logoUB_256.obj</file>
         <name>logoUB_256.obj</name>
      </input_file>
      <input_file id="fl-3">
         <path>.\</path>
         <kind>object</kind>
         <file>practica4_EduMartin_JoanPeracaula.obj</file>
         <name>practica4_EduMartin_JoanPeracaula.obj</name>
      </input_file>
      <input_file id="fl-4">
         <path>.\</path>
         <kind>object</kind>
         <file>startup_msp432p401r_ccs.obj</file>
         <name>startup_msp432p401r_ccs.obj</name>
      </input_file>
      <input_file id="fl-5">
         <path>.\</path>
         <kind>object</kind>
         <file>system_msp432p401r.obj</file>
         <name>system_msp432p401r.obj</name>
      </input_file>
      <input_file id="fl-a">
         <kind>object</kind>
         <file>&lt;internal&gt;</file>
         <name>&lt;internal&gt;</name>
      </input_file>
      <input_file id="fl-b">
         <path>..\</path>
         <kind>archive</kind>
         <file>lib_PAE2.lib</file>
         <name>Inicializacion.obj</name>
      </input_file>
      <input_file id="fl-c">
         <path>..\</path>
         <kind>archive</kind>
         <file>lib_PAE2.lib</file>
         <name>lcd.obj</name>
      </input_file>
      <input_file id="fl-d">
         <path>..\</path>
         <kind>archive</kind>
         <file>lib_PAE2.lib</file>
         <name>msp_LCD.obj</name>
      </input_file>
      <input_file id="fl-e">
         <path>..\</path>
         <kind>archive</kind>
         <file>lib_PAE2.lib</file>
         <name>graphics.obj</name>
      </input_file>
      <input_file id="fl-c4">
         <path>C:\ti\ccsv7\tools\compiler\ti-cgt-arm_16.9.3.LTS\lib\</path>
         <kind>archive</kind>
         <file>rtsv7M4_T_le_v4SPD16_eabi.lib</file>
         <name>boot.obj</name>
      </input_file>
      <input_file id="fl-c5">
         <path>C:\ti\ccsv7\tools\compiler\ti-cgt-arm_16.9.3.LTS\lib\</path>
         <kind>archive</kind>
         <file>rtsv7M4_T_le_v4SPD16_eabi.lib</file>
         <name>copy_decompress_lzss.obj</name>
      </input_file>
      <input_file id="fl-c6">
         <path>C:\ti\ccsv7\tools\compiler\ti-cgt-arm_16.9.3.LTS\lib\</path>
         <kind>archive</kind>
         <file>rtsv7M4_T_le_v4SPD16_eabi.lib</file>
         <name>copy_decompress_none.obj</name>
      </input_file>
      <input_file id="fl-c7">
         <path>C:\ti\ccsv7\tools\compiler\ti-cgt-arm_16.9.3.LTS\lib\</path>
         <kind>archive</kind>
         <file>rtsv7M4_T_le_v4SPD16_eabi.lib</file>
         <name>copy_zero_init.obj</name>
      </input_file>
      <input_file id="fl-c8">
         <path>C:\ti\ccsv7\tools\compiler\ti-cgt-arm_16.9.3.LTS\lib\</path>
         <kind>archive</kind>
         <file>rtsv7M4_T_le_v4SPD16_eabi.lib</file>
         <name>exit.obj</name>
      </input_file>
      <input_file id="fl-c9">
         <path>C:\ti\ccsv7\tools\compiler\ti-cgt-arm_16.9.3.LTS\lib\</path>
         <kind>archive</kind>
         <file>rtsv7M4_T_le_v4SPD16_eabi.lib</file>
         <name>memcpy_t2.obj</name>
      </input_file>
      <input_file id="fl-ca">
         <path>C:\ti\ccsv7\tools\compiler\ti-cgt-arm_16.9.3.LTS\lib\</path>
         <kind>archive</kind>
         <file>rtsv7M4_T_le_v4SPD16_eabi.lib</file>
         <name>memset_t2.obj</name>
      </input_file>
      <input_file id="fl-cb">
         <path>C:\ti\ccsv7\tools\compiler\ti-cgt-arm_16.9.3.LTS\lib\</path>
         <kind>archive</kind>
         <file>rtsv7M4_T_le_v4SPD16_eabi.lib</file>
         <name>mpu_init.obj</name>
      </input_file>
      <input_file id="fl-cc">
         <path>C:\ti\ccsv7\tools\compiler\ti-cgt-arm_16.9.3.LTS\lib\</path>
         <kind>archive</kind>
         <file>rtsv7M4_T_le_v4SPD16_eabi.lib</file>
         <name>pre_init.obj</name>
      </input_file>
      <input_file id="fl-cd">
         <path>C:\ti\ccsv7\tools\compiler\ti-cgt-arm_16.9.3.LTS\lib\</path>
         <kind>archive</kind>
         <file>rtsv7M4_T_le_v4SPD16_eabi.lib</file>
         <name>sprintf.obj</name>
      </input_file>
      <input_file id="fl-ce">
         <path>C:\ti\ccsv7\tools\compiler\ti-cgt-arm_16.9.3.LTS\lib\</path>
         <kind>archive</kind>
         <file>rtsv7M4_T_le_v4SPD16_eabi.lib</file>
         <name>stkdepth_vars.obj</name>
      </input_file>
      <input_file id="fl-cf">
         <path>C:\ti\ccsv7\tools\compiler\ti-cgt-arm_16.9.3.LTS\lib\</path>
         <kind>archive</kind>
         <file>rtsv7M4_T_le_v4SPD16_eabi.lib</file>
         <name>_lock.obj</name>
      </input_file>
      <input_file id="fl-d0">
         <path>C:\ti\ccsv7\tools\compiler\ti-cgt-arm_16.9.3.LTS\lib\</path>
         <kind>archive</kind>
         <file>rtsv7M4_T_le_v4SPD16_eabi.lib</file>
         <name>_printfi.obj</name>
      </input_file>
      <input_file id="fl-d1">
         <path>C:\ti\ccsv7\tools\compiler\ti-cgt-arm_16.9.3.LTS\lib\</path>
         <kind>archive</kind>
         <file>rtsv7M4_T_le_v4SPD16_eabi.lib</file>
         <name>args_main.obj</name>
      </input_file>
      <input_file id="fl-d2">
         <path>C:\ti\ccsv7\tools\compiler\ti-cgt-arm_16.9.3.LTS\lib\</path>
         <kind>archive</kind>
         <file>rtsv7M4_T_le_v4SPD16_eabi.lib</file>
         <name>atoi.obj</name>
      </input_file>
      <input_file id="fl-d3">
         <path>C:\ti\ccsv7\tools\compiler\ti-cgt-arm_16.9.3.LTS\lib\</path>
         <kind>archive</kind>
         <file>rtsv7M4_T_le_v4SPD16_eabi.lib</file>
         <name>autoinit.obj</name>
      </input_file>
      <input_file id="fl-d4">
         <path>C:\ti\ccsv7\tools\compiler\ti-cgt-arm_16.9.3.LTS\lib\</path>
         <kind>archive</kind>
         <file>rtsv7M4_T_le_v4SPD16_eabi.lib</file>
         <name>cpy_tbl.obj</name>
      </input_file>
      <input_file id="fl-d5">
         <path>C:\ti\ccsv7\tools\compiler\ti-cgt-arm_16.9.3.LTS\lib\</path>
         <kind>archive</kind>
         <file>rtsv7M4_T_le_v4SPD16_eabi.lib</file>
         <name>ctype.obj</name>
      </input_file>
      <input_file id="fl-d6">
         <path>C:\ti\ccsv7\tools\compiler\ti-cgt-arm_16.9.3.LTS\lib\</path>
         <kind>archive</kind>
         <file>rtsv7M4_T_le_v4SPD16_eabi.lib</file>
         <name>fd_add_t2.obj</name>
      </input_file>
      <input_file id="fl-d7">
         <path>C:\ti\ccsv7\tools\compiler\ti-cgt-arm_16.9.3.LTS\lib\</path>
         <kind>archive</kind>
         <file>rtsv7M4_T_le_v4SPD16_eabi.lib</file>
         <name>fd_cmp_t2.obj</name>
      </input_file>
      <input_file id="fl-d8">
         <path>C:\ti\ccsv7\tools\compiler\ti-cgt-arm_16.9.3.LTS\lib\</path>
         <kind>archive</kind>
         <file>rtsv7M4_T_le_v4SPD16_eabi.lib</file>
         <name>fd_div_t2.obj</name>
      </input_file>
      <input_file id="fl-d9">
         <path>C:\ti\ccsv7\tools\compiler\ti-cgt-arm_16.9.3.LTS\lib\</path>
         <kind>archive</kind>
         <file>rtsv7M4_T_le_v4SPD16_eabi.lib</file>
         <name>fd_mul_t2.obj</name>
      </input_file>
      <input_file id="fl-da">
         <path>C:\ti\ccsv7\tools\compiler\ti-cgt-arm_16.9.3.LTS\lib\</path>
         <kind>archive</kind>
         <file>rtsv7M4_T_le_v4SPD16_eabi.lib</file>
         <name>fd_toi_t2.obj</name>
      </input_file>
      <input_file id="fl-db">
         <path>C:\ti\ccsv7\tools\compiler\ti-cgt-arm_16.9.3.LTS\lib\</path>
         <kind>archive</kind>
         <file>rtsv7M4_T_le_v4SPD16_eabi.lib</file>
         <name>i_tofd_t2.obj</name>
      </input_file>
      <input_file id="fl-dc">
         <path>C:\ti\ccsv7\tools\compiler\ti-cgt-arm_16.9.3.LTS\lib\</path>
         <kind>archive</kind>
         <file>rtsv7M4_T_le_v4SPD16_eabi.lib</file>
         <name>ltoa.obj</name>
      </input_file>
      <input_file id="fl-dd">
         <path>C:\ti\ccsv7\tools\compiler\ti-cgt-arm_16.9.3.LTS\lib\</path>
         <kind>archive</kind>
         <file>rtsv7M4_T_le_v4SPD16_eabi.lib</file>
         <name>memccpy.obj</name>
      </input_file>
      <input_file id="fl-de">
         <path>C:\ti\ccsv7\tools\compiler\ti-cgt-arm_16.9.3.LTS\lib\</path>
         <kind>archive</kind>
         <file>rtsv7M4_T_le_v4SPD16_eabi.lib</file>
         <name>s_frexp.obj</name>
      </input_file>
      <input_file id="fl-df">
         <path>C:\ti\ccsv7\tools\compiler\ti-cgt-arm_16.9.3.LTS\lib\</path>
         <kind>archive</kind>
         <file>rtsv7M4_T_le_v4SPD16_eabi.lib</file>
         <name>s_scalbn.obj</name>
      </input_file>
      <input_file id="fl-e0">
         <path>C:\ti\ccsv7\tools\compiler\ti-cgt-arm_16.9.3.LTS\lib\</path>
         <kind>archive</kind>
         <file>rtsv7M4_T_le_v4SPD16_eabi.lib</file>
         <name>startup.obj</name>
      </input_file>
      <input_file id="fl-e1">
         <path>C:\ti\ccsv7\tools\compiler\ti-cgt-arm_16.9.3.LTS\lib\</path>
         <kind>archive</kind>
         <file>rtsv7M4_T_le_v4SPD16_eabi.lib</file>
         <name>strchr.obj</name>
      </input_file>
      <input_file id="fl-e2">
         <path>C:\ti\ccsv7\tools\compiler\ti-cgt-arm_16.9.3.LTS\lib\</path>
         <kind>archive</kind>
         <file>rtsv7M4_T_le_v4SPD16_eabi.lib</file>
         <name>strlen.obj</name>
      </input_file>
      <input_file id="fl-e3">
         <path>C:\ti\ccsv7\tools\compiler\ti-cgt-arm_16.9.3.LTS\lib\</path>
         <kind>archive</kind>
         <file>rtsv7M4_T_le_v4SPD16_eabi.lib</file>
         <name>ull_div_t2.obj</name>
      </input_file>
      <input_file id="fl-e4">
         <path>C:\ti\ccsv7\tools\compiler\ti-cgt-arm_16.9.3.LTS\lib\</path>
         <kind>archive</kind>
         <file>rtsv7M4_T_le_v4SPD16_eabi.lib</file>
         <name>errno.obj</name>
      </input_file>
      <input_file id="fl-e5">
         <path>C:\ti\ccsv7\tools\compiler\ti-cgt-arm_16.9.3.LTS\lib\</path>
         <kind>archive</kind>
         <file>rtsv7M4_T_le_v4SPD16_eabi.lib</file>
         <name>s_copysign.obj</name>
      </input_file>
   </input_file_list>
   <object_component_list>
      <object_component id="oc-2c">
         <name>.intvecs:retain</name>
         <load_address>0x0</load_address>
         <run_address>0x0</run_address>
         <size>0xe4</size>
         <input_file_ref idref="fl-4"/>
      </object_component>
      <object_component id="oc-115">
         <name>.text</name>
         <load_address>0xe4</load_address>
         <run_address>0xe4</run_address>
         <size>0x113e</size>
         <input_file_ref idref="fl-d0"/>
      </object_component>
      <object_component id="oc-53">
         <name>.text</name>
         <load_address>0x1222</load_address>
         <run_address>0x1222</run_address>
         <size>0x2</size>
         <input_file_ref idref="fl-cb"/>
      </object_component>
      <object_component id="oc-137">
         <name>.text</name>
         <load_address>0x1224</load_address>
         <run_address>0x1224</run_address>
         <size>0x104c</size>
         <input_file_ref idref="fl-e"/>
      </object_component>
      <object_component id="oc-7b">
         <name>.text</name>
         <load_address>0x2270</load_address>
         <run_address>0x2270</run_address>
         <size>0xb98</size>
         <input_file_ref idref="fl-3"/>
      </object_component>
      <object_component id="oc-ca">
         <name>.text</name>
         <load_address>0x2e08</load_address>
         <run_address>0x2e08</run_address>
         <size>0x8a8</size>
         <input_file_ref idref="fl-c"/>
      </object_component>
      <object_component id="oc-b7">
         <name>.text</name>
         <load_address>0x36b0</load_address>
         <run_address>0x36b0</run_address>
         <size>0x334</size>
         <input_file_ref idref="fl-5"/>
      </object_component>
      <object_component id="oc-15b">
         <name>.text</name>
         <load_address>0x39e4</load_address>
         <run_address>0x39e4</run_address>
         <size>0x1f4</size>
         <input_file_ref idref="fl-e3"/>
      </object_component>
      <object_component id="oc-18a">
         <name>.text</name>
         <load_address>0x3bd8</load_address>
         <run_address>0x3bd8</run_address>
         <size>0x1b6</size>
         <input_file_ref idref="fl-d6"/>
      </object_component>
      <object_component id="oc-a2">
         <name>.text</name>
         <load_address>0x3d8e</load_address>
         <run_address>0x3d8e</run_address>
         <size>0x2</size>
         <input_file_ref idref="fl-e0"/>
      </object_component>
      <object_component id="oc-12e">
         <name>.text</name>
         <load_address>0x3d90</load_address>
         <run_address>0x3d90</run_address>
         <size>0x188</size>
         <input_file_ref idref="fl-d"/>
      </object_component>
      <object_component id="oc-170">
         <name>.text</name>
         <load_address>0x3f18</load_address>
         <run_address>0x3f18</run_address>
         <size>0x136</size>
         <input_file_ref idref="fl-d8"/>
      </object_component>
      <object_component id="oc-16b">
         <name>.text</name>
         <load_address>0x404e</load_address>
         <run_address>0x404e</run_address>
         <size>0xfc</size>
         <input_file_ref idref="fl-d9"/>
      </object_component>
      <object_component id="oc-195">
         <name>.text</name>
         <load_address>0x414c</load_address>
         <run_address>0x414c</run_address>
         <size>0xfc</size>
         <input_file_ref idref="fl-df"/>
      </object_component>
      <object_component id="oc-3b">
         <name>.text</name>
         <load_address>0x4248</load_address>
         <run_address>0x4248</run_address>
         <size>0x9c</size>
         <input_file_ref idref="fl-c9"/>
      </object_component>
      <object_component id="oc-166">
         <name>.text:__aeabi_cdcmple</name>
         <load_address>0x42e4</load_address>
         <run_address>0x42e4</run_address>
         <size>0x86</size>
         <input_file_ref idref="fl-d7"/>
      </object_component>
      <object_component id="oc-175">
         <name>.text:__aeabi_cdrcmple</name>
         <load_address>0x436a</load_address>
         <run_address>0x436a</run_address>
         <size>0x86</size>
         <input_file_ref idref="fl-d7"/>
      </object_component>
      <object_component id="oc-47">
         <name>.text</name>
         <load_address>0x43f0</load_address>
         <run_address>0x43f0</run_address>
         <size>0x7a</size>
         <input_file_ref idref="fl-ca"/>
      </object_component>
      <object_component id="oc-d0">
         <name>.text</name>
         <load_address>0x446c</load_address>
         <run_address>0x446c</run_address>
         <size>0x78</size>
         <input_file_ref idref="fl-b"/>
      </object_component>
      <object_component id="oc-5f">
         <name>.text</name>
         <load_address>0x44e4</load_address>
         <run_address>0x44e4</run_address>
         <size>0x70</size>
         <input_file_ref idref="fl-d3"/>
      </object_component>
      <object_component id="oc-14">
         <name>.text:decompress:lzss</name>
         <load_address>0x4554</load_address>
         <run_address>0x4554</run_address>
         <size>0x68</size>
         <input_file_ref idref="fl-c5"/>
      </object_component>
      <object_component id="oc-18f">
         <name>.text</name>
         <load_address>0x45bc</load_address>
         <run_address>0x45bc</run_address>
         <size>0x64</size>
         <input_file_ref idref="fl-de"/>
      </object_component>
      <object_component id="oc-c1">
         <name>.text</name>
         <load_address>0x4620</load_address>
         <run_address>0x4620</run_address>
         <size>0x60</size>
         <input_file_ref idref="fl-cd"/>
      </object_component>
      <object_component id="oc-26">
         <name>.text</name>
         <load_address>0x4680</load_address>
         <run_address>0x4680</run_address>
         <size>0x54</size>
         <input_file_ref idref="fl-c4"/>
      </object_component>
      <object_component id="oc-6b">
         <name>.text</name>
         <load_address>0x46d4</load_address>
         <run_address>0x46d4</run_address>
         <size>0x54</size>
         <input_file_ref idref="fl-c8"/>
      </object_component>
      <object_component id="oc-17f">
         <name>.text</name>
         <load_address>0x4728</load_address>
         <run_address>0x4728</run_address>
         <size>0x54</size>
         <input_file_ref idref="fl-dc"/>
      </object_component>
      <object_component id="oc-1a1">
         <name>.text</name>
         <load_address>0x477c</load_address>
         <run_address>0x477c</run_address>
         <size>0x4c</size>
         <input_file_ref idref="fl-d2"/>
      </object_component>
      <object_component id="oc-9c">
         <name>.text</name>
         <load_address>0x47c8</load_address>
         <run_address>0x47c8</run_address>
         <size>0x4c</size>
         <input_file_ref idref="fl-d4"/>
      </object_component>
      <object_component id="oc-17a">
         <name>.text</name>
         <load_address>0x4814</load_address>
         <run_address>0x4814</run_address>
         <size>0x48</size>
         <input_file_ref idref="fl-da"/>
      </object_component>
      <object_component id="oc-185">
         <name>.text</name>
         <load_address>0x485c</load_address>
         <run_address>0x485c</run_address>
         <size>0x2e</size>
         <input_file_ref idref="fl-db"/>
      </object_component>
      <object_component id="oc-1a7">
         <name>.text</name>
         <load_address>0x488a</load_address>
         <run_address>0x488a</run_address>
         <size>0x1c</size>
         <input_file_ref idref="fl-dd"/>
      </object_component>
      <object_component id="oc-65">
         <name>.text</name>
         <load_address>0x48a8</load_address>
         <run_address>0x48a8</run_address>
         <size>0x18</size>
         <input_file_ref idref="fl-d1"/>
      </object_component>
      <object_component id="oc-19b">
         <name>.text</name>
         <load_address>0x48c0</load_address>
         <run_address>0x48c0</run_address>
         <size>0x16</size>
         <input_file_ref idref="fl-e1"/>
      </object_component>
      <object_component id="oc-103">
         <name>.text</name>
         <load_address>0x48d8</load_address>
         <run_address>0x48d8</run_address>
         <size>0x14</size>
         <input_file_ref idref="fl-cf"/>
      </object_component>
      <object_component id="oc-1f2">
         <name>.text</name>
         <load_address>0x48ec</load_address>
         <run_address>0x48ec</run_address>
         <size>0x14</size>
         <input_file_ref idref="fl-e5"/>
      </object_component>
      <object_component id="oc-160">
         <name>.text</name>
         <load_address>0x4900</load_address>
         <run_address>0x4900</run_address>
         <size>0x14</size>
         <input_file_ref idref="fl-e2"/>
      </object_component>
      <object_component id="oc-1a">
         <name>.text:decompress:none</name>
         <load_address>0x4914</load_address>
         <run_address>0x4914</run_address>
         <size>0xe</size>
         <input_file_ref idref="fl-c6"/>
      </object_component>
      <object_component id="oc-75">
         <name>.text</name>
         <load_address>0x4922</load_address>
         <run_address>0x4922</run_address>
         <size>0xe</size>
         <input_file_ref idref="fl-4"/>
      </object_component>
      <object_component id="oc-20">
         <name>.text:decompress:ZI</name>
         <load_address>0x4930</load_address>
         <run_address>0x4930</run_address>
         <size>0xc</size>
         <input_file_ref idref="fl-c7"/>
      </object_component>
      <object_component id="oc-59">
         <name>.text</name>
         <load_address>0x493c</load_address>
         <run_address>0x493c</run_address>
         <size>0x4</size>
         <input_file_ref idref="fl-cc"/>
      </object_component>
      <object_component id="oc-1c9">
         <name>.const:font_11x16</name>
         <load_address>0x4940</load_address>
         <run_address>0x4940</run_address>
         <size>0x82a</size>
         <input_file_ref idref="fl-e"/>
      </object_component>
      <object_component id="oc-1cc">
         <name>.const:font_8x12</name>
         <load_address>0x516a</load_address>
         <run_address>0x516a</run_address>
         <size>0x474</size>
         <input_file_ref idref="fl-e"/>
      </object_component>
      <object_component id="oc-1c6">
         <name>.const:font_5x7</name>
         <load_address>0x55de</load_address>
         <run_address>0x55de</run_address>
         <size>0x1e0</size>
         <input_file_ref idref="fl-e"/>
      </object_component>
      <object_component id="oc-1ff">
         <name>.const:.string:_ctypes_</name>
         <load_address>0x57be</load_address>
         <run_address>0x57be</run_address>
         <size>0x101</size>
         <input_file_ref idref="fl-d5"/>
      </object_component>
      <object_component id="oc-13d">
         <name>.const:.string:$P$T0$1</name>
         <load_address>0x58bf</load_address>
         <run_address>0x58bf</run_address>
         <size>0x10</size>
         <input_file_ref idref="fl-c"/>
      </object_component>
      <object_component id="oc-140">
         <name>.const:.string:$P$T1$2</name>
         <load_address>0x58cf</load_address>
         <run_address>0x58cf</run_address>
         <size>0x10</size>
         <input_file_ref idref="fl-c"/>
      </object_component>
      <object_component id="oc-256">
         <name>.cinit..data.load</name>
         <load_address>0x58e0</load_address>
         <run_address>0x58e0</run_address>
         <size>0x4b</size>
      </object_component>
      <object_component id="oc-254">
         <name>__TI_handler_table</name>
         <load_address>0x592c</load_address>
         <run_address>0x592c</run_address>
         <size>0xc</size>
      </object_component>
      <object_component id="oc-257">
         <name>.cinit..bss.load</name>
         <load_address>0x5938</load_address>
         <run_address>0x5938</run_address>
         <size>0x8</size>
      </object_component>
      <object_component id="oc-255">
         <name>__TI_cinit_table</name>
         <load_address>0x5940</load_address>
         <run_address>0x5940</run_address>
         <size>0x10</size>
      </object_component>
      <object_component id="oc-231">
         <name>.binit</name>
         <load_address>0x0</load_address>
         <run_address>0x0</run_address>
         <size>0x0</size>
      </object_component>
      <object_component id="oc-d9">
         <name>.data:saludo</name>
         <load_address>0x20000433</load_address>
         <run_address>0x20000433</run_address>
         <size>0x10</size>
         <input_file_ref idref="fl-3"/>
      </object_component>
      <object_component id="oc-d6">
         <name>.data:borrado</name>
         <load_address>0x20000423</load_address>
         <run_address>0x20000423</run_address>
         <size>0x10</size>
         <input_file_ref idref="fl-3"/>
      </object_component>
      <object_component id="oc-be">
         <name>.data</name>
         <load_address>0x20000410</load_address>
         <run_address>0x20000410</run_address>
         <size>0x13</size>
         <input_file_ref idref="fl-3"/>
      </object_component>
      <object_component id="oc-10f">
         <name>.data</name>
         <load_address>0x20000470</load_address>
         <run_address>0x20000470</run_address>
         <size>0x4</size>
         <input_file_ref idref="fl-5"/>
      </object_component>
      <object_component id="oc-134">
         <name>.data</name>
         <load_address>0x20000450</load_address>
         <run_address>0x20000450</run_address>
         <size>0xa</size>
         <input_file_ref idref="fl-c"/>
      </object_component>
      <object_component id="oc-1c3">
         <name>.data</name>
         <load_address>0x20000464</load_address>
         <run_address>0x20000464</run_address>
         <size>0x4</size>
         <input_file_ref idref="fl-e"/>
      </object_component>
      <object_component id="oc-ac">
         <name>.data:$O1$$</name>
         <load_address>0x20000444</load_address>
         <run_address>0x20000444</run_address>
         <size>0xc</size>
         <input_file_ref idref="fl-c8"/>
      </object_component>
      <object_component id="oc-71">
         <name>.data</name>
         <load_address>0x2000046c</load_address>
         <run_address>0x2000046c</run_address>
         <size>0x4</size>
         <input_file_ref idref="fl-ce"/>
      </object_component>
      <object_component id="oc-af">
         <name>.data:$O1$$</name>
         <load_address>0x2000045c</load_address>
         <run_address>0x2000045c</run_address>
         <size>0x8</size>
         <input_file_ref idref="fl-cf"/>
      </object_component>
      <object_component id="oc-1f8">
         <name>.data</name>
         <load_address>0x20000468</load_address>
         <run_address>0x20000468</run_address>
         <size>0x4</size>
         <input_file_ref idref="fl-e4"/>
      </object_component>
      <object_component id="oc-1cf">
         <name>.bss:g_pulConvertedPalette</name>
         <uninitialized>true</uninitialized>
         <run_address>0x20000000</run_address>
         <size>0x400</size>
         <input_file_ref idref="fl-e"/>
      </object_component>
      <object_component id="oc-c7">
         <name>.common:cadena</name>
         <uninitialized>true</uninitialized>
         <run_address>0x20000400</run_address>
         <size>0x10</size>
      </object_component>
      <object_component id="oc-2f">
         <name>.stack</name>
         <uninitialized>true</uninitialized>
         <run_address>0x2000fe00</run_address>
         <size>0x0</size>
         <input_file_ref idref="fl-c4"/>
      </object_component>
      <object_component id="oc-258">
         <name>.stack</name>
         <uninitialized>true</uninitialized>
         <run_address>0x2000fe00</run_address>
         <size>0x0</size>
      </object_component>
      <object_component id="oc-36">
         <name>.debug_info</name>
         <load_address>0x0</load_address>
         <run_address>0x0</run_address>
         <size>0x84</size>
         <input_file_ref idref="fl-2"/>
      </object_component>
      <object_component id="oc-dd">
         <name>.debug_info</name>
         <load_address>0x84</load_address>
         <run_address>0x84</run_address>
         <size>0x18b</size>
         <input_file_ref idref="fl-2"/>
      </object_component>
      <object_component id="oc-c8">
         <name>.debug_info</name>
         <load_address>0x20f</load_address>
         <run_address>0x20f</run_address>
         <size>0x6e3</size>
         <input_file_ref idref="fl-3"/>
      </object_component>
      <object_component id="oc-da">
         <name>.debug_info</name>
         <load_address>0x8f2</load_address>
         <run_address>0x8f2</run_address>
         <size>0xfd</size>
         <input_file_ref idref="fl-3"/>
      </object_component>
      <object_component id="oc-d7">
         <name>.debug_info</name>
         <load_address>0x9ef</load_address>
         <run_address>0x9ef</run_address>
         <size>0xff</size>
         <input_file_ref idref="fl-3"/>
      </object_component>
      <object_component id="oc-bf">
         <name>.debug_info</name>
         <load_address>0xaee</load_address>
         <run_address>0xaee</run_address>
         <size>0x2c1</size>
         <input_file_ref idref="fl-3"/>
      </object_component>
      <object_component id="oc-7c">
         <name>.debug_info</name>
         <load_address>0xdaf</load_address>
         <run_address>0xdaf</run_address>
         <size>0x1d13</size>
         <input_file_ref idref="fl-3"/>
      </object_component>
      <object_component id="oc-129">
         <name>.debug_info</name>
         <load_address>0x2ac2</load_address>
         <run_address>0x2ac2</run_address>
         <size>0x1055</size>
         <input_file_ref idref="fl-3"/>
      </object_component>
      <object_component id="oc-124">
         <name>.debug_info</name>
         <load_address>0x3b17</load_address>
         <run_address>0x3b17</run_address>
         <size>0x37cd</size>
         <input_file_ref idref="fl-3"/>
      </object_component>
      <object_component id="oc-e2">
         <name>.debug_info</name>
         <load_address>0x72e4</load_address>
         <run_address>0x72e4</run_address>
         <size>0xc0</size>
         <input_file_ref idref="fl-3"/>
      </object_component>
      <object_component id="oc-11d">
         <name>.debug_info</name>
         <load_address>0x73a4</load_address>
         <run_address>0x73a4</run_address>
         <size>0x4e</size>
         <input_file_ref idref="fl-3"/>
      </object_component>
      <object_component id="oc-83">
         <name>.debug_info</name>
         <load_address>0x73f2</load_address>
         <run_address>0x73f2</run_address>
         <size>0x2c9</size>
         <input_file_ref idref="fl-4"/>
      </object_component>
      <object_component id="oc-2d">
         <name>.debug_info</name>
         <load_address>0x76bb</load_address>
         <run_address>0x76bb</run_address>
         <size>0x107</size>
         <input_file_ref idref="fl-4"/>
      </object_component>
      <object_component id="oc-76">
         <name>.debug_info</name>
         <load_address>0x77c2</load_address>
         <run_address>0x77c2</run_address>
         <size>0x1ce</size>
         <input_file_ref idref="fl-4"/>
      </object_component>
      <object_component id="oc-110">
         <name>.debug_info</name>
         <load_address>0x7990</load_address>
         <run_address>0x7990</run_address>
         <size>0x100</size>
         <input_file_ref idref="fl-5"/>
      </object_component>
      <object_component id="oc-b8">
         <name>.debug_info</name>
         <load_address>0x7a90</load_address>
         <run_address>0x7a90</run_address>
         <size>0x272</size>
         <input_file_ref idref="fl-5"/>
      </object_component>
      <object_component id="oc-d1">
         <name>.debug_info</name>
         <load_address>0x7d02</load_address>
         <run_address>0x7d02</run_address>
         <size>0x181</size>
         <input_file_ref idref="fl-b"/>
      </object_component>
      <object_component id="oc-144">
         <name>.debug_info</name>
         <load_address>0x7e83</load_address>
         <run_address>0x7e83</run_address>
         <size>0x689</size>
         <input_file_ref idref="fl-c"/>
      </object_component>
      <object_component id="oc-135">
         <name>.debug_info</name>
         <load_address>0x850c</load_address>
         <run_address>0x850c</run_address>
         <size>0x19a</size>
         <input_file_ref idref="fl-c"/>
      </object_component>
      <object_component id="oc-13e">
         <name>.debug_info</name>
         <load_address>0x86a6</load_address>
         <run_address>0x86a6</run_address>
         <size>0xc6</size>
         <input_file_ref idref="fl-c"/>
      </object_component>
      <object_component id="oc-141">
         <name>.debug_info</name>
         <load_address>0x876c</load_address>
         <run_address>0x876c</run_address>
         <size>0xc6</size>
         <input_file_ref idref="fl-c"/>
      </object_component>
      <object_component id="oc-cc">
         <name>.debug_info</name>
         <load_address>0x8832</load_address>
         <run_address>0x8832</run_address>
         <size>0x1818</size>
         <input_file_ref idref="fl-c"/>
      </object_component>
      <object_component id="oc-1da">
         <name>.debug_info</name>
         <load_address>0xa04a</load_address>
         <run_address>0xa04a</run_address>
         <size>0x37cd</size>
         <input_file_ref idref="fl-c"/>
      </object_component>
      <object_component id="oc-12f">
         <name>.debug_info</name>
         <load_address>0xd817</load_address>
         <run_address>0xd817</run_address>
         <size>0x28b</size>
         <input_file_ref idref="fl-d"/>
      </object_component>
      <object_component id="oc-1d3">
         <name>.debug_info</name>
         <load_address>0xdaa2</load_address>
         <run_address>0xdaa2</run_address>
         <size>0x1f1</size>
         <input_file_ref idref="fl-e"/>
      </object_component>
      <object_component id="oc-1c7">
         <name>.debug_info</name>
         <load_address>0xdc93</load_address>
         <run_address>0xdc93</run_address>
         <size>0xce</size>
         <input_file_ref idref="fl-e"/>
      </object_component>
      <object_component id="oc-1cd">
         <name>.debug_info</name>
         <load_address>0xdd61</load_address>
         <run_address>0xdd61</run_address>
         <size>0xd0</size>
         <input_file_ref idref="fl-e"/>
      </object_component>
      <object_component id="oc-1ca">
         <name>.debug_info</name>
         <load_address>0xde31</load_address>
         <run_address>0xde31</run_address>
         <size>0xd2</size>
         <input_file_ref idref="fl-e"/>
      </object_component>
      <object_component id="oc-1c4">
         <name>.debug_info</name>
         <load_address>0xdf03</load_address>
         <run_address>0xdf03</run_address>
         <size>0x15d</size>
         <input_file_ref idref="fl-e"/>
      </object_component>
      <object_component id="oc-1d0">
         <name>.debug_info</name>
         <load_address>0xe060</load_address>
         <run_address>0xe060</run_address>
         <size>0xe7</size>
         <input_file_ref idref="fl-e"/>
      </object_component>
      <object_component id="oc-13b">
         <name>.debug_info</name>
         <load_address>0xe147</load_address>
         <run_address>0xe147</run_address>
         <size>0x1a6f</size>
         <input_file_ref idref="fl-e"/>
      </object_component>
      <object_component id="oc-29">
         <name>.debug_info</name>
         <load_address>0xfbb6</load_address>
         <run_address>0xfbb6</run_address>
         <size>0x160</size>
         <input_file_ref idref="fl-c4"/>
      </object_component>
      <object_component id="oc-89">
         <name>.debug_info</name>
         <load_address>0xfd16</load_address>
         <run_address>0xfd16</run_address>
         <size>0x293</size>
         <input_file_ref idref="fl-c5"/>
      </object_component>
      <object_component id="oc-16">
         <name>.debug_info</name>
         <load_address>0xffa9</load_address>
         <run_address>0xffa9</run_address>
         <size>0x245</size>
         <input_file_ref idref="fl-c5"/>
      </object_component>
      <object_component id="oc-31">
         <name>.debug_info</name>
         <load_address>0x101ee</load_address>
         <run_address>0x101ee</run_address>
         <size>0x60</size>
         <input_file_ref idref="fl-c5"/>
      </object_component>
      <object_component id="oc-84">
         <name>.debug_info</name>
         <load_address>0x1024e</load_address>
         <run_address>0x1024e</run_address>
         <size>0x46</size>
         <input_file_ref idref="fl-c5"/>
      </object_component>
      <object_component id="oc-46">
         <name>.debug_info</name>
         <load_address>0x10294</load_address>
         <run_address>0x10294</run_address>
         <size>0x2da</size>
         <input_file_ref idref="fl-c6"/>
      </object_component>
      <object_component id="oc-1b">
         <name>.debug_info</name>
         <load_address>0x1056e</load_address>
         <run_address>0x1056e</run_address>
         <size>0x1df</size>
         <input_file_ref idref="fl-c6"/>
      </object_component>
      <object_component id="oc-41">
         <name>.debug_info</name>
         <load_address>0x1074d</load_address>
         <run_address>0x1074d</run_address>
         <size>0x46</size>
         <input_file_ref idref="fl-c6"/>
      </object_component>
      <object_component id="oc-8b">
         <name>.debug_info</name>
         <load_address>0x10793</load_address>
         <run_address>0x10793</run_address>
         <size>0x2c</size>
         <input_file_ref idref="fl-c6"/>
      </object_component>
      <object_component id="oc-52">
         <name>.debug_info</name>
         <load_address>0x107bf</load_address>
         <run_address>0x107bf</run_address>
         <size>0x2c9</size>
         <input_file_ref idref="fl-c7"/>
      </object_component>
      <object_component id="oc-21">
         <name>.debug_info</name>
         <load_address>0x10a88</load_address>
         <run_address>0x10a88</run_address>
         <size>0x1aa</size>
         <input_file_ref idref="fl-c7"/>
      </object_component>
      <object_component id="oc-4d">
         <name>.debug_info</name>
         <load_address>0x10c32</load_address>
         <run_address>0x10c32</run_address>
         <size>0x46</size>
         <input_file_ref idref="fl-c7"/>
      </object_component>
      <object_component id="oc-93">
         <name>.debug_info</name>
         <load_address>0x10c78</load_address>
         <run_address>0x10c78</run_address>
         <size>0x2c</size>
         <input_file_ref idref="fl-c7"/>
      </object_component>
      <object_component id="oc-b3">
         <name>.debug_info</name>
         <load_address>0x10ca4</load_address>
         <run_address>0x10ca4</run_address>
         <size>0x3ce</size>
         <input_file_ref idref="fl-c8"/>
      </object_component>
      <object_component id="oc-ad">
         <name>.debug_info</name>
         <load_address>0x11072</load_address>
         <run_address>0x11072</run_address>
         <size>0x185</size>
         <input_file_ref idref="fl-c8"/>
      </object_component>
      <object_component id="oc-6c">
         <name>.debug_info</name>
         <load_address>0x111f7</load_address>
         <run_address>0x111f7</run_address>
         <size>0x214</size>
         <input_file_ref idref="fl-c8"/>
      </object_component>
      <object_component id="oc-3c">
         <name>.debug_info</name>
         <load_address>0x1140b</load_address>
         <run_address>0x1140b</run_address>
         <size>0x111</size>
         <input_file_ref idref="fl-c9"/>
      </object_component>
      <object_component id="oc-48">
         <name>.debug_info</name>
         <load_address>0x1151c</load_address>
         <run_address>0x1151c</run_address>
         <size>0x13f</size>
         <input_file_ref idref="fl-ca"/>
      </object_component>
      <object_component id="oc-54">
         <name>.debug_info</name>
         <load_address>0x1165b</load_address>
         <run_address>0x1165b</run_address>
         <size>0x138</size>
         <input_file_ref idref="fl-cb"/>
      </object_component>
      <object_component id="oc-5a">
         <name>.debug_info</name>
         <load_address>0x11793</load_address>
         <run_address>0x11793</run_address>
         <size>0x148</size>
         <input_file_ref idref="fl-cc"/>
      </object_component>
      <object_component id="oc-11c">
         <name>.debug_info</name>
         <load_address>0x118db</load_address>
         <run_address>0x118db</run_address>
         <size>0x355</size>
         <input_file_ref idref="fl-cd"/>
      </object_component>
      <object_component id="oc-c2">
         <name>.debug_info</name>
         <load_address>0x11c30</load_address>
         <run_address>0x11c30</run_address>
         <size>0x2e4</size>
         <input_file_ref idref="fl-cd"/>
      </object_component>
      <object_component id="oc-1b9">
         <name>.debug_info</name>
         <load_address>0x11f14</load_address>
         <run_address>0x11f14</run_address>
         <size>0x2c</size>
         <input_file_ref idref="fl-cd"/>
      </object_component>
      <object_component id="oc-72">
         <name>.debug_info</name>
         <load_address>0x11f40</load_address>
         <run_address>0x11f40</run_address>
         <size>0x109</size>
         <input_file_ref idref="fl-ce"/>
      </object_component>
      <object_component id="oc-10b">
         <name>.debug_info</name>
         <load_address>0x12049</load_address>
         <run_address>0x12049</run_address>
         <size>0x2be</size>
         <input_file_ref idref="fl-cf"/>
      </object_component>
      <object_component id="oc-b0">
         <name>.debug_info</name>
         <load_address>0x12307</load_address>
         <run_address>0x12307</run_address>
         <size>0x113</size>
         <input_file_ref idref="fl-cf"/>
      </object_component>
      <object_component id="oc-104">
         <name>.debug_info</name>
         <load_address>0x1241a</load_address>
         <run_address>0x1241a</run_address>
         <size>0x21f</size>
         <input_file_ref idref="fl-cf"/>
      </object_component>
      <object_component id="oc-1ae">
         <name>.debug_info</name>
         <load_address>0x12639</load_address>
         <run_address>0x12639</run_address>
         <size>0x51f</size>
         <input_file_ref idref="fl-d0"/>
      </object_component>
      <object_component id="oc-116">
         <name>.debug_info</name>
         <load_address>0x12b58</load_address>
         <run_address>0x12b58</run_address>
         <size>0x1543</size>
         <input_file_ref idref="fl-d0"/>
      </object_component>
      <object_component id="oc-1af">
         <name>.debug_info</name>
         <load_address>0x1409b</load_address>
         <run_address>0x1409b</run_address>
         <size>0x86</size>
         <input_file_ref idref="fl-d0"/>
      </object_component>
      <object_component id="oc-208">
         <name>.debug_info</name>
         <load_address>0x14121</load_address>
         <run_address>0x14121</run_address>
         <size>0x46</size>
         <input_file_ref idref="fl-d0"/>
      </object_component>
      <object_component id="oc-1b4">
         <name>.debug_info</name>
         <load_address>0x14167</load_address>
         <run_address>0x14167</run_address>
         <size>0x39</size>
         <input_file_ref idref="fl-d0"/>
      </object_component>
      <object_component id="oc-ab">
         <name>.debug_info</name>
         <load_address>0x141a0</load_address>
         <run_address>0x141a0</run_address>
         <size>0x300</size>
         <input_file_ref idref="fl-d1"/>
      </object_component>
      <object_component id="oc-66">
         <name>.debug_info</name>
         <load_address>0x144a0</load_address>
         <run_address>0x144a0</run_address>
         <size>0x167</size>
         <input_file_ref idref="fl-d1"/>
      </object_component>
      <object_component id="oc-fc">
         <name>.debug_info</name>
         <load_address>0x14607</load_address>
         <run_address>0x14607</run_address>
         <size>0x5e</size>
         <input_file_ref idref="fl-d1"/>
      </object_component>
      <object_component id="oc-203">
         <name>.debug_info</name>
         <load_address>0x14665</load_address>
         <run_address>0x14665</run_address>
         <size>0x2ae</size>
         <input_file_ref idref="fl-d2"/>
      </object_component>
      <object_component id="oc-1a5">
         <name>.debug_info</name>
         <load_address>0x14913</load_address>
         <run_address>0x14913</run_address>
         <size>0x171</size>
         <input_file_ref idref="fl-d2"/>
      </object_component>
      <object_component id="oc-a9">
         <name>.debug_info</name>
         <load_address>0x14a84</load_address>
         <run_address>0x14a84</run_address>
         <size>0x483</size>
         <input_file_ref idref="fl-d3"/>
      </object_component>
      <object_component id="oc-60">
         <name>.debug_info</name>
         <load_address>0x14f07</load_address>
         <run_address>0x14f07</run_address>
         <size>0x190</size>
         <input_file_ref idref="fl-d3"/>
      </object_component>
      <object_component id="oc-f0">
         <name>.debug_info</name>
         <load_address>0x15097</load_address>
         <run_address>0x15097</run_address>
         <size>0x39</size>
         <input_file_ref idref="fl-d3"/>
      </object_component>
      <object_component id="oc-151">
         <name>.debug_info</name>
         <load_address>0x150d0</load_address>
         <run_address>0x150d0</run_address>
         <size>0x39</size>
         <input_file_ref idref="fl-d3"/>
      </object_component>
      <object_component id="oc-f5">
         <name>.debug_info</name>
         <load_address>0x15109</load_address>
         <run_address>0x15109</run_address>
         <size>0xcd</size>
         <input_file_ref idref="fl-d3"/>
      </object_component>
      <object_component id="oc-ec">
         <name>.debug_info</name>
         <load_address>0x151d6</load_address>
         <run_address>0x151d6</run_address>
         <size>0x37a</size>
         <input_file_ref idref="fl-d4"/>
      </object_component>
      <object_component id="oc-9d">
         <name>.debug_info</name>
         <load_address>0x15550</load_address>
         <run_address>0x15550</run_address>
         <size>0x183</size>
         <input_file_ref idref="fl-d4"/>
      </object_component>
      <object_component id="oc-14c">
         <name>.debug_info</name>
         <load_address>0x156d3</load_address>
         <run_address>0x156d3</run_address>
         <size>0x2c</size>
         <input_file_ref idref="fl-d4"/>
      </object_component>
      <object_component id="oc-228">
         <name>.debug_info</name>
         <load_address>0x156ff</load_address>
         <run_address>0x156ff</run_address>
         <size>0xee</size>
         <input_file_ref idref="fl-d5"/>
      </object_component>
      <object_component id="oc-200">
         <name>.debug_info</name>
         <load_address>0x157ed</load_address>
         <run_address>0x157ed</run_address>
         <size>0xfa</size>
         <input_file_ref idref="fl-d5"/>
      </object_component>
      <object_component id="oc-18c">
         <name>.debug_info</name>
         <load_address>0x158e7</load_address>
         <run_address>0x158e7</run_address>
         <size>0x144</size>
         <input_file_ref idref="fl-d6"/>
      </object_component>
      <object_component id="oc-167">
         <name>.debug_info</name>
         <load_address>0x15a2b</load_address>
         <run_address>0x15a2b</run_address>
         <size>0x120</size>
         <input_file_ref idref="fl-d7"/>
      </object_component>
      <object_component id="oc-176">
         <name>.debug_info</name>
         <load_address>0x15b4b</load_address>
         <run_address>0x15b4b</run_address>
         <size>0x122</size>
         <input_file_ref idref="fl-d7"/>
      </object_component>
      <object_component id="oc-171">
         <name>.debug_info</name>
         <load_address>0x15c6d</load_address>
         <run_address>0x15c6d</run_address>
         <size>0x132</size>
         <input_file_ref idref="fl-d8"/>
      </object_component>
      <object_component id="oc-16c">
         <name>.debug_info</name>
         <load_address>0x15d9f</load_address>
         <run_address>0x15d9f</run_address>
         <size>0x132</size>
         <input_file_ref idref="fl-d9"/>
      </object_component>
      <object_component id="oc-17b">
         <name>.debug_info</name>
         <load_address>0x15ed1</load_address>
         <run_address>0x15ed1</run_address>
         <size>0x126</size>
         <input_file_ref idref="fl-da"/>
      </object_component>
      <object_component id="oc-186">
         <name>.debug_info</name>
         <load_address>0x15ff7</load_address>
         <run_address>0x15ff7</run_address>
         <size>0x124</size>
         <input_file_ref idref="fl-db"/>
      </object_component>
      <object_component id="oc-1e8">
         <name>.debug_info</name>
         <load_address>0x1611b</load_address>
         <run_address>0x1611b</run_address>
         <size>0x2e6</size>
         <input_file_ref idref="fl-dc"/>
      </object_component>
      <object_component id="oc-180">
         <name>.debug_info</name>
         <load_address>0x16401</load_address>
         <run_address>0x16401</run_address>
         <size>0x1c2</size>
         <input_file_ref idref="fl-dc"/>
      </object_component>
      <object_component id="oc-205">
         <name>.debug_info</name>
         <load_address>0x165c3</load_address>
         <run_address>0x165c3</run_address>
         <size>0x28b</size>
         <input_file_ref idref="fl-dd"/>
      </object_component>
      <object_component id="oc-1a9">
         <name>.debug_info</name>
         <load_address>0x1684e</load_address>
         <run_address>0x1684e</run_address>
         <size>0x1ab</size>
         <input_file_ref idref="fl-dd"/>
      </object_component>
      <object_component id="oc-1ec">
         <name>.debug_info</name>
         <load_address>0x169f9</load_address>
         <run_address>0x169f9</run_address>
         <size>0x2d9</size>
         <input_file_ref idref="fl-de"/>
      </object_component>
      <object_component id="oc-190">
         <name>.debug_info</name>
         <load_address>0x16cd2</load_address>
         <run_address>0x16cd2</run_address>
         <size>0x18a</size>
         <input_file_ref idref="fl-de"/>
      </object_component>
      <object_component id="oc-1ed">
         <name>.debug_info</name>
         <load_address>0x16e5c</load_address>
         <run_address>0x16e5c</run_address>
         <size>0x2c</size>
         <input_file_ref idref="fl-de"/>
      </object_component>
      <object_component id="oc-1fc">
         <name>.debug_info</name>
         <load_address>0x16e88</load_address>
         <run_address>0x16e88</run_address>
         <size>0x316</size>
         <input_file_ref idref="fl-df"/>
      </object_component>
      <object_component id="oc-196">
         <name>.debug_info</name>
         <load_address>0x1719e</load_address>
         <run_address>0x1719e</run_address>
         <size>0x1d5</size>
         <input_file_ref idref="fl-df"/>
      </object_component>
      <object_component id="oc-a4">
         <name>.debug_info</name>
         <load_address>0x17373</load_address>
         <run_address>0x17373</run_address>
         <size>0x145</size>
         <input_file_ref idref="fl-e0"/>
      </object_component>
      <object_component id="oc-1fe">
         <name>.debug_info</name>
         <load_address>0x174b8</load_address>
         <run_address>0x174b8</run_address>
         <size>0x28f</size>
         <input_file_ref idref="fl-e1"/>
      </object_component>
      <object_component id="oc-19c">
         <name>.debug_info</name>
         <load_address>0x17747</load_address>
         <run_address>0x17747</run_address>
         <size>0x244</size>
         <input_file_ref idref="fl-e1"/>
      </object_component>
      <object_component id="oc-1e1">
         <name>.debug_info</name>
         <load_address>0x1798b</load_address>
         <run_address>0x1798b</run_address>
         <size>0x284</size>
         <input_file_ref idref="fl-e2"/>
      </object_component>
      <object_component id="oc-161">
         <name>.debug_info</name>
         <load_address>0x17c0f</load_address>
         <run_address>0x17c0f</run_address>
         <size>0x22a</size>
         <input_file_ref idref="fl-e2"/>
      </object_component>
      <object_component id="oc-15d">
         <name>.debug_info</name>
         <load_address>0x17e39</load_address>
         <run_address>0x17e39</run_address>
         <size>0x17d</size>
         <input_file_ref idref="fl-e3"/>
      </object_component>
      <object_component id="oc-1f9">
         <name>.debug_info</name>
         <load_address>0x17fb6</load_address>
         <run_address>0x17fb6</run_address>
         <size>0xf3</size>
         <input_file_ref idref="fl-e4"/>
      </object_component>
      <object_component id="oc-1f3">
         <name>.debug_info</name>
         <load_address>0x180a9</load_address>
         <run_address>0x180a9</run_address>
         <size>0x156</size>
         <input_file_ref idref="fl-e5"/>
      </object_component>
      <object_component id="oc-259">
         <name>.debug_info</name>
         <load_address>0x181ff</load_address>
         <run_address>0x181ff</run_address>
         <size>0xb6</size>
      </object_component>
      <object_component id="oc-39">
         <name>.debug_line</name>
         <load_address>0x0</load_address>
         <run_address>0x0</run_address>
         <size>0x20</size>
         <input_file_ref idref="fl-2"/>
      </object_component>
      <object_component id="oc-e0">
         <name>.debug_line</name>
         <load_address>0x20</load_address>
         <run_address>0x20</run_address>
         <size>0x65</size>
         <input_file_ref idref="fl-2"/>
      </object_component>
      <object_component id="oc-123">
         <name>.debug_line</name>
         <load_address>0x85</load_address>
         <run_address>0x85</run_address>
         <size>0x9f</size>
         <input_file_ref idref="fl-3"/>
      </object_component>
      <object_component id="oc-149">
         <name>.debug_line</name>
         <load_address>0x124</load_address>
         <run_address>0x124</run_address>
         <size>0x4a</size>
         <input_file_ref idref="fl-3"/>
      </object_component>
      <object_component id="oc-147">
         <name>.debug_line</name>
         <load_address>0x16e</load_address>
         <run_address>0x16e</run_address>
         <size>0x4a</size>
         <input_file_ref idref="fl-3"/>
      </object_component>
      <object_component id="oc-114">
         <name>.debug_line</name>
         <load_address>0x1b8</load_address>
         <run_address>0x1b8</run_address>
         <size>0x4a</size>
         <input_file_ref idref="fl-3"/>
      </object_component>
      <object_component id="oc-7f">
         <name>.debug_line</name>
         <load_address>0x202</load_address>
         <run_address>0x202</run_address>
         <size>0x5af</size>
         <input_file_ref idref="fl-3"/>
      </object_component>
      <object_component id="oc-12c">
         <name>.debug_line</name>
         <load_address>0x7b1</load_address>
         <run_address>0x7b1</run_address>
         <size>0x55</size>
         <input_file_ref idref="fl-3"/>
      </object_component>
      <object_component id="oc-127">
         <name>.debug_line</name>
         <load_address>0x806</load_address>
         <run_address>0x806</run_address>
         <size>0x52</size>
         <input_file_ref idref="fl-3"/>
      </object_component>
      <object_component id="oc-e5">
         <name>.debug_line</name>
         <load_address>0x858</load_address>
         <run_address>0x858</run_address>
         <size>0x4a</size>
         <input_file_ref idref="fl-3"/>
      </object_component>
      <object_component id="oc-120">
         <name>.debug_line</name>
         <load_address>0x8a2</load_address>
         <run_address>0x8a2</run_address>
         <size>0x65</size>
         <input_file_ref idref="fl-3"/>
      </object_component>
      <object_component id="oc-e8">
         <name>.debug_line</name>
         <load_address>0x907</load_address>
         <run_address>0x907</run_address>
         <size>0x40</size>
         <input_file_ref idref="fl-4"/>
      </object_component>
      <object_component id="oc-82">
         <name>.debug_line</name>
         <load_address>0x947</load_address>
         <run_address>0x947</run_address>
         <size>0x40</size>
         <input_file_ref idref="fl-4"/>
      </object_component>
      <object_component id="oc-79">
         <name>.debug_line</name>
         <load_address>0x987</load_address>
         <run_address>0x987</run_address>
         <size>0x71</size>
         <input_file_ref idref="fl-4"/>
      </object_component>
      <object_component id="oc-15a">
         <name>.debug_line</name>
         <load_address>0x9f8</load_address>
         <run_address>0x9f8</run_address>
         <size>0x3b</size>
         <input_file_ref idref="fl-5"/>
      </object_component>
      <object_component id="oc-bb">
         <name>.debug_line</name>
         <load_address>0xa33</load_address>
         <run_address>0xa33</run_address>
         <size>0x159</size>
         <input_file_ref idref="fl-5"/>
      </object_component>
      <object_component id="oc-d4">
         <name>.debug_line</name>
         <load_address>0xb8c</load_address>
         <run_address>0xb8c</run_address>
         <size>0x75</size>
         <input_file_ref idref="fl-b"/>
      </object_component>
      <object_component id="oc-1d9">
         <name>.debug_line</name>
         <load_address>0xc01</load_address>
         <run_address>0xc01</run_address>
         <size>0x41</size>
         <input_file_ref idref="fl-c"/>
      </object_component>
      <object_component id="oc-1c2">
         <name>.debug_line</name>
         <load_address>0xc42</load_address>
         <run_address>0xc42</run_address>
         <size>0x2c</size>
         <input_file_ref idref="fl-c"/>
      </object_component>
      <object_component id="oc-1d5">
         <name>.debug_line</name>
         <load_address>0xc6e</load_address>
         <run_address>0xc6e</run_address>
         <size>0x2c</size>
         <input_file_ref idref="fl-c"/>
      </object_component>
      <object_component id="oc-1d7">
         <name>.debug_line</name>
         <load_address>0xc9a</load_address>
         <run_address>0xc9a</run_address>
         <size>0x2c</size>
         <input_file_ref idref="fl-c"/>
      </object_component>
      <object_component id="oc-cb">
         <name>.debug_line</name>
         <load_address>0xcc6</load_address>
         <run_address>0xcc6</run_address>
         <size>0x3fd</size>
         <input_file_ref idref="fl-c"/>
      </object_component>
      <object_component id="oc-1dd">
         <name>.debug_line</name>
         <load_address>0x10c3</load_address>
         <run_address>0x10c3</run_address>
         <size>0x52</size>
         <input_file_ref idref="fl-c"/>
      </object_component>
      <object_component id="oc-132">
         <name>.debug_line</name>
         <load_address>0x1115</load_address>
         <run_address>0x1115</run_address>
         <size>0xb5</size>
         <input_file_ref idref="fl-d"/>
      </object_component>
      <object_component id="oc-218">
         <name>.debug_line</name>
         <load_address>0x11ca</load_address>
         <run_address>0x11ca</run_address>
         <size>0x41</size>
         <input_file_ref idref="fl-e"/>
      </object_component>
      <object_component id="oc-210">
         <name>.debug_line</name>
         <load_address>0x120b</load_address>
         <run_address>0x120b</run_address>
         <size>0x2e</size>
         <input_file_ref idref="fl-e"/>
      </object_component>
      <object_component id="oc-214">
         <name>.debug_line</name>
         <load_address>0x1239</load_address>
         <run_address>0x1239</run_address>
         <size>0x2e</size>
         <input_file_ref idref="fl-e"/>
      </object_component>
      <object_component id="oc-212">
         <name>.debug_line</name>
         <load_address>0x1267</load_address>
         <run_address>0x1267</run_address>
         <size>0x2e</size>
         <input_file_ref idref="fl-e"/>
      </object_component>
      <object_component id="oc-20e">
         <name>.debug_line</name>
         <load_address>0x1295</load_address>
         <run_address>0x1295</run_address>
         <size>0x31</size>
         <input_file_ref idref="fl-e"/>
      </object_component>
      <object_component id="oc-216">
         <name>.debug_line</name>
         <load_address>0x12c6</load_address>
         <run_address>0x12c6</run_address>
         <size>0x31</size>
         <input_file_ref idref="fl-e"/>
      </object_component>
      <object_component id="oc-13a">
         <name>.debug_line</name>
         <load_address>0x12f7</load_address>
         <run_address>0x12f7</run_address>
         <size>0x629</size>
         <input_file_ref idref="fl-e"/>
      </object_component>
      <object_component id="oc-27">
         <name>.debug_line</name>
         <load_address>0x1920</load_address>
         <run_address>0x1920</run_address>
         <size>0x53</size>
         <input_file_ref idref="fl-c4"/>
      </object_component>
      <object_component id="oc-ea">
         <name>.debug_line</name>
         <load_address>0x1973</load_address>
         <run_address>0x1973</run_address>
         <size>0x20</size>
         <input_file_ref idref="fl-c5"/>
      </object_component>
      <object_component id="oc-15">
         <name>.debug_line</name>
         <load_address>0x1993</load_address>
         <run_address>0x1993</run_address>
         <size>0xa9</size>
         <input_file_ref idref="fl-c5"/>
      </object_component>
      <object_component id="oc-34">
         <name>.debug_line</name>
         <load_address>0x1a3c</load_address>
         <run_address>0x1a3c</run_address>
         <size>0x3a</size>
         <input_file_ref idref="fl-c5"/>
      </object_component>
      <object_component id="oc-87">
         <name>.debug_line</name>
         <load_address>0x1a76</load_address>
         <run_address>0x1a76</run_address>
         <size>0x8a</size>
         <input_file_ref idref="fl-c5"/>
      </object_component>
      <object_component id="oc-91">
         <name>.debug_line</name>
         <load_address>0x1b00</load_address>
         <run_address>0x1b00</run_address>
         <size>0x8a</size>
         <input_file_ref idref="fl-c6"/>
      </object_component>
      <object_component id="oc-1e">
         <name>.debug_line</name>
         <load_address>0x1b8a</load_address>
         <run_address>0x1b8a</run_address>
         <size>0x55</size>
         <input_file_ref idref="fl-c6"/>
      </object_component>
      <object_component id="oc-44">
         <name>.debug_line</name>
         <load_address>0x1bdf</load_address>
         <run_address>0x1bdf</run_address>
         <size>0x3a</size>
         <input_file_ref idref="fl-c6"/>
      </object_component>
      <object_component id="oc-8e">
         <name>.debug_line</name>
         <load_address>0x1c19</load_address>
         <run_address>0x1c19</run_address>
         <size>0x8a</size>
         <input_file_ref idref="fl-c6"/>
      </object_component>
      <object_component id="oc-99">
         <name>.debug_line</name>
         <load_address>0x1ca3</load_address>
         <run_address>0x1ca3</run_address>
         <size>0x8a</size>
         <input_file_ref idref="fl-c7"/>
      </object_component>
      <object_component id="oc-24">
         <name>.debug_line</name>
         <load_address>0x1d2d</load_address>
         <run_address>0x1d2d</run_address>
         <size>0x4f</size>
         <input_file_ref idref="fl-c7"/>
      </object_component>
      <object_component id="oc-50">
         <name>.debug_line</name>
         <load_address>0x1d7c</load_address>
         <run_address>0x1d7c</run_address>
         <size>0x34</size>
         <input_file_ref idref="fl-c7"/>
      </object_component>
      <object_component id="oc-96">
         <name>.debug_line</name>
         <load_address>0x1db0</load_address>
         <run_address>0x1db0</run_address>
         <size>0x8a</size>
         <input_file_ref idref="fl-c7"/>
      </object_component>
      <object_component id="oc-10e">
         <name>.debug_line</name>
         <load_address>0x1e3a</load_address>
         <run_address>0x1e3a</run_address>
         <size>0xf2</size>
         <input_file_ref idref="fl-c8"/>
      </object_component>
      <object_component id="oc-102">
         <name>.debug_line</name>
         <load_address>0x1f2c</load_address>
         <run_address>0x1f2c</run_address>
         <size>0x2a</size>
         <input_file_ref idref="fl-c8"/>
      </object_component>
      <object_component id="oc-6f">
         <name>.debug_line</name>
         <load_address>0x1f56</load_address>
         <run_address>0x1f56</run_address>
         <size>0x86</size>
         <input_file_ref idref="fl-c8"/>
      </object_component>
      <object_component id="oc-3f">
         <name>.debug_line</name>
         <load_address>0x1fdc</load_address>
         <run_address>0x1fdc</run_address>
         <size>0x88</size>
         <input_file_ref idref="fl-c9"/>
      </object_component>
      <object_component id="oc-4b">
         <name>.debug_line</name>
         <load_address>0x2064</load_address>
         <run_address>0x2064</run_address>
         <size>0x79</size>
         <input_file_ref idref="fl-ca"/>
      </object_component>
      <object_component id="oc-57">
         <name>.debug_line</name>
         <load_address>0x20dd</load_address>
         <run_address>0x20dd</run_address>
         <size>0x3d</size>
         <input_file_ref idref="fl-cb"/>
      </object_component>
      <object_component id="oc-5d">
         <name>.debug_line</name>
         <load_address>0x211a</load_address>
         <run_address>0x211a</run_address>
         <size>0x40</size>
         <input_file_ref idref="fl-cc"/>
      </object_component>
      <object_component id="oc-1bf">
         <name>.debug_line</name>
         <load_address>0x215a</load_address>
         <run_address>0x215a</run_address>
         <size>0x97</size>
         <input_file_ref idref="fl-cd"/>
      </object_component>
      <object_component id="oc-c5">
         <name>.debug_line</name>
         <load_address>0x21f1</load_address>
         <run_address>0x21f1</run_address>
         <size>0x83</size>
         <input_file_ref idref="fl-cd"/>
      </object_component>
      <object_component id="oc-1bc">
         <name>.debug_line</name>
         <load_address>0x2274</load_address>
         <run_address>0x2274</run_address>
         <size>0x89</size>
         <input_file_ref idref="fl-cd"/>
      </object_component>
      <object_component id="oc-b6">
         <name>.debug_line</name>
         <load_address>0x22fd</load_address>
         <run_address>0x22fd</run_address>
         <size>0x33</size>
         <input_file_ref idref="fl-ce"/>
      </object_component>
      <object_component id="oc-158">
         <name>.debug_line</name>
         <load_address>0x2330</load_address>
         <run_address>0x2330</run_address>
         <size>0x20</size>
         <input_file_ref idref="fl-cf"/>
      </object_component>
      <object_component id="oc-10a">
         <name>.debug_line</name>
         <load_address>0x2350</load_address>
         <run_address>0x2350</run_address>
         <size>0x2b</size>
         <input_file_ref idref="fl-cf"/>
      </object_component>
      <object_component id="oc-107">
         <name>.debug_line</name>
         <load_address>0x237b</load_address>
         <run_address>0x237b</run_address>
         <size>0x68</size>
         <input_file_ref idref="fl-cf"/>
      </object_component>
      <object_component id="oc-207">
         <name>.debug_line</name>
         <load_address>0x23e3</load_address>
         <run_address>0x23e3</run_address>
         <size>0x16a</size>
         <input_file_ref idref="fl-d0"/>
      </object_component>
      <object_component id="oc-119">
         <name>.debug_line</name>
         <load_address>0x254d</load_address>
         <run_address>0x254d</run_address>
         <size>0xc44</size>
         <input_file_ref idref="fl-d0"/>
      </object_component>
      <object_component id="oc-1b2">
         <name>.debug_line</name>
         <load_address>0x3191</load_address>
         <run_address>0x3191</run_address>
         <size>0x8a</size>
         <input_file_ref idref="fl-d0"/>
      </object_component>
      <object_component id="oc-20b">
         <name>.debug_line</name>
         <load_address>0x321b</load_address>
         <run_address>0x321b</run_address>
         <size>0x8a</size>
         <input_file_ref idref="fl-d0"/>
      </object_component>
      <object_component id="oc-1b7">
         <name>.debug_line</name>
         <load_address>0x32a5</load_address>
         <run_address>0x32a5</run_address>
         <size>0x2e</size>
         <input_file_ref idref="fl-d0"/>
      </object_component>
      <object_component id="oc-fb">
         <name>.debug_line</name>
         <load_address>0x32d3</load_address>
         <run_address>0x32d3</run_address>
         <size>0x2b</size>
         <input_file_ref idref="fl-d1"/>
      </object_component>
      <object_component id="oc-69">
         <name>.debug_line</name>
         <load_address>0x32fe</load_address>
         <run_address>0x32fe</run_address>
         <size>0x4a</size>
         <input_file_ref idref="fl-d1"/>
      </object_component>
      <object_component id="oc-ff">
         <name>.debug_line</name>
         <load_address>0x3348</load_address>
         <run_address>0x3348</run_address>
         <size>0x2b</size>
         <input_file_ref idref="fl-d1"/>
      </object_component>
      <object_component id="oc-22a">
         <name>.debug_line</name>
         <load_address>0x3373</load_address>
         <run_address>0x3373</run_address>
         <size>0x89</size>
         <input_file_ref idref="fl-d2"/>
      </object_component>
      <object_component id="oc-1a2">
         <name>.debug_line</name>
         <load_address>0x33fc</load_address>
         <run_address>0x33fc</run_address>
         <size>0x63</size>
         <input_file_ref idref="fl-d2"/>
      </object_component>
      <object_component id="oc-ef">
         <name>.debug_line</name>
         <load_address>0x345f</load_address>
         <run_address>0x345f</run_address>
         <size>0xa9</size>
         <input_file_ref idref="fl-d3"/>
      </object_component>
      <object_component id="oc-63">
         <name>.debug_line</name>
         <load_address>0x3508</load_address>
         <run_address>0x3508</run_address>
         <size>0x8b</size>
         <input_file_ref idref="fl-d3"/>
      </object_component>
      <object_component id="oc-f3">
         <name>.debug_line</name>
         <load_address>0x3593</load_address>
         <run_address>0x3593</run_address>
         <size>0x2e</size>
         <input_file_ref idref="fl-d3"/>
      </object_component>
      <object_component id="oc-154">
         <name>.debug_line</name>
         <load_address>0x35c1</load_address>
         <run_address>0x35c1</run_address>
         <size>0x8a</size>
         <input_file_ref idref="fl-d3"/>
      </object_component>
      <object_component id="oc-f8">
         <name>.debug_line</name>
         <load_address>0x364b</load_address>
         <run_address>0x364b</run_address>
         <size>0x8b</size>
         <input_file_ref idref="fl-d3"/>
      </object_component>
      <object_component id="oc-14b">
         <name>.debug_line</name>
         <load_address>0x36d6</load_address>
         <run_address>0x36d6</run_address>
         <size>0x98</size>
         <input_file_ref idref="fl-d4"/>
      </object_component>
      <object_component id="oc-a0">
         <name>.debug_line</name>
         <load_address>0x376e</load_address>
         <run_address>0x376e</run_address>
         <size>0x68</size>
         <input_file_ref idref="fl-d4"/>
      </object_component>
      <object_component id="oc-14f">
         <name>.debug_line</name>
         <load_address>0x37d6</load_address>
         <run_address>0x37d6</run_address>
         <size>0x2e</size>
         <input_file_ref idref="fl-d4"/>
      </object_component>
      <object_component id="oc-22e">
         <name>.debug_line</name>
         <load_address>0x3804</load_address>
         <run_address>0x3804</run_address>
         <size>0x20</size>
         <input_file_ref idref="fl-d5"/>
      </object_component>
      <object_component id="oc-227">
         <name>.debug_line</name>
         <load_address>0x3824</load_address>
         <run_address>0x3824</run_address>
         <size>0x2b</size>
         <input_file_ref idref="fl-d5"/>
      </object_component>
      <object_component id="oc-18b">
         <name>.debug_line</name>
         <load_address>0x384f</load_address>
         <run_address>0x384f</run_address>
         <size>0xd2</size>
         <input_file_ref idref="fl-d6"/>
      </object_component>
      <object_component id="oc-16a">
         <name>.debug_line</name>
         <load_address>0x3921</load_address>
         <run_address>0x3921</run_address>
         <size>0x77</size>
         <input_file_ref idref="fl-d7"/>
      </object_component>
      <object_component id="oc-179">
         <name>.debug_line</name>
         <load_address>0x3998</load_address>
         <run_address>0x3998</run_address>
         <size>0x77</size>
         <input_file_ref idref="fl-d7"/>
      </object_component>
      <object_component id="oc-174">
         <name>.debug_line</name>
         <load_address>0x3a0f</load_address>
         <run_address>0x3a0f</run_address>
         <size>0xa8</size>
         <input_file_ref idref="fl-d8"/>
      </object_component>
      <object_component id="oc-16f">
         <name>.debug_line</name>
         <load_address>0x3ab7</load_address>
         <run_address>0x3ab7</run_address>
         <size>0x8e</size>
         <input_file_ref idref="fl-d9"/>
      </object_component>
      <object_component id="oc-17e">
         <name>.debug_line</name>
         <load_address>0x3b45</load_address>
         <run_address>0x3b45</run_address>
         <size>0x5a</size>
         <input_file_ref idref="fl-da"/>
      </object_component>
      <object_component id="oc-189">
         <name>.debug_line</name>
         <load_address>0x3b9f</load_address>
         <run_address>0x3b9f</run_address>
         <size>0x50</size>
         <input_file_ref idref="fl-db"/>
      </object_component>
      <object_component id="oc-21c">
         <name>.debug_line</name>
         <load_address>0x3bef</load_address>
         <run_address>0x3bef</run_address>
         <size>0x8a</size>
         <input_file_ref idref="fl-dc"/>
      </object_component>
      <object_component id="oc-183">
         <name>.debug_line</name>
         <load_address>0x3c79</load_address>
         <run_address>0x3c79</run_address>
         <size>0x66</size>
         <input_file_ref idref="fl-dc"/>
      </object_component>
      <object_component id="oc-22c">
         <name>.debug_line</name>
         <load_address>0x3cdf</load_address>
         <run_address>0x3cdf</run_address>
         <size>0x20</size>
         <input_file_ref idref="fl-dd"/>
      </object_component>
      <object_component id="oc-1a8">
         <name>.debug_line</name>
         <load_address>0x3cff</load_address>
         <run_address>0x3cff</run_address>
         <size>0x48</size>
         <input_file_ref idref="fl-dd"/>
      </object_component>
      <object_component id="oc-21e">
         <name>.debug_line</name>
         <load_address>0x3d47</load_address>
         <run_address>0x3d47</run_address>
         <size>0x20</size>
         <input_file_ref idref="fl-de"/>
      </object_component>
      <object_component id="oc-193">
         <name>.debug_line</name>
         <load_address>0x3d67</load_address>
         <run_address>0x3d67</run_address>
         <size>0x5e</size>
         <input_file_ref idref="fl-de"/>
      </object_component>
      <object_component id="oc-1f0">
         <name>.debug_line</name>
         <load_address>0x3dc5</load_address>
         <run_address>0x3dc5</run_address>
         <size>0x8a</size>
         <input_file_ref idref="fl-de"/>
      </object_component>
      <object_component id="oc-223">
         <name>.debug_line</name>
         <load_address>0x3e4f</load_address>
         <run_address>0x3e4f</run_address>
         <size>0x93</size>
         <input_file_ref idref="fl-df"/>
      </object_component>
      <object_component id="oc-199">
         <name>.debug_line</name>
         <load_address>0x3ee2</load_address>
         <run_address>0x3ee2</run_address>
         <size>0xa1</size>
         <input_file_ref idref="fl-df"/>
      </object_component>
      <object_component id="oc-a3">
         <name>.debug_line</name>
         <load_address>0x3f83</load_address>
         <run_address>0x3f83</run_address>
         <size>0x3c</size>
         <input_file_ref idref="fl-e0"/>
      </object_component>
      <object_component id="oc-225">
         <name>.debug_line</name>
         <load_address>0x3fbf</load_address>
         <run_address>0x3fbf</run_address>
         <size>0x20</size>
         <input_file_ref idref="fl-e1"/>
      </object_component>
      <object_component id="oc-19f">
         <name>.debug_line</name>
         <load_address>0x3fdf</load_address>
         <run_address>0x3fdf</run_address>
         <size>0xa8</size>
         <input_file_ref idref="fl-e1"/>
      </object_component>
      <object_component id="oc-21a">
         <name>.debug_line</name>
         <load_address>0x4087</load_address>
         <run_address>0x4087</run_address>
         <size>0x20</size>
         <input_file_ref idref="fl-e2"/>
      </object_component>
      <object_component id="oc-164">
         <name>.debug_line</name>
         <load_address>0x40a7</load_address>
         <run_address>0x40a7</run_address>
         <size>0xaa</size>
         <input_file_ref idref="fl-e2"/>
      </object_component>
      <object_component id="oc-15c">
         <name>.debug_line</name>
         <load_address>0x4151</load_address>
         <run_address>0x4151</run_address>
         <size>0x118</size>
         <input_file_ref idref="fl-e3"/>
      </object_component>
      <object_component id="oc-221">
         <name>.debug_line</name>
         <load_address>0x4269</load_address>
         <run_address>0x4269</run_address>
         <size>0x2b</size>
         <input_file_ref idref="fl-e4"/>
      </object_component>
      <object_component id="oc-1f6">
         <name>.debug_line</name>
         <load_address>0x4294</load_address>
         <run_address>0x4294</run_address>
         <size>0x45</size>
         <input_file_ref idref="fl-e5"/>
      </object_component>
      <object_component id="oc-38">
         <name>.debug_abbrev</name>
         <load_address>0x0</load_address>
         <run_address>0x0</run_address>
         <size>0x1f</size>
         <input_file_ref idref="fl-2"/>
      </object_component>
      <object_component id="oc-df">
         <name>.debug_abbrev</name>
         <load_address>0x1f</load_address>
         <run_address>0x1f</run_address>
         <size>0x35</size>
         <input_file_ref idref="fl-2"/>
      </object_component>
      <object_component id="oc-122">
         <name>.debug_abbrev</name>
         <load_address>0x54</load_address>
         <run_address>0x54</run_address>
         <size>0x10b</size>
         <input_file_ref idref="fl-3"/>
      </object_component>
      <object_component id="oc-148">
         <name>.debug_abbrev</name>
         <load_address>0x15f</load_address>
         <run_address>0x15f</run_address>
         <size>0x29</size>
         <input_file_ref idref="fl-3"/>
      </object_component>
      <object_component id="oc-146">
         <name>.debug_abbrev</name>
         <load_address>0x188</load_address>
         <run_address>0x188</run_address>
         <size>0x29</size>
         <input_file_ref idref="fl-3"/>
      </object_component>
      <object_component id="oc-113">
         <name>.debug_abbrev</name>
         <load_address>0x1b1</load_address>
         <run_address>0x1b1</run_address>
         <size>0x29</size>
         <input_file_ref idref="fl-3"/>
      </object_component>
      <object_component id="oc-dc">
         <name>.debug_abbrev</name>
         <load_address>0x1da</load_address>
         <run_address>0x1da</run_address>
         <size>0x13d</size>
[...]
      </symbol>
      <symbol id="sm-349">
         <name>drawCharLgBkg</name>
         <value>0x1709</value>
         <object_component_ref idref="oc-137"/>
      </symbol>
      <symbol id="sm-34a">
         <name>drawPixel</name>
         <value>0x1377</value>
         <object_component_ref idref="oc-137"/>
      </symbol>
      <symbol id="sm-34b">
         <name>drawImageMono</name>
         <value>0x1b23</value>
         <object_component_ref idref="oc-137"/>
      </symbol>
      <symbol id="sm-34c">
         <name>setColor</name>
         <value>0x1225</value>
         <object_component_ref idref="oc-137"/>
      </symbol>
      <symbol id="sm-34d">
         <name>bgColorHighByte</name>
         <value>0x20000467</value>
         <object_component_ref idref="oc-1c3"/>
      </symbol>
      <symbol id="sm-34e">
         <name>drawCircle</name>
         <value>0x1edb</value>
         <object_component_ref idref="oc-137"/>
      </symbol>
      <symbol id="sm-34f">
         <name>drawImageLut</name>
         <value>0x1a15</value>
         <object_component_ref idref="oc-137"/>
      </symbol>
      <symbol id="sm-350">
         <name>drawImage</name>
         <value>0x19fd</value>
         <object_component_ref idref="oc-137"/>
      </symbol>
      <symbol id="sm-351">
         <name>font_11x16</name>
         <value>0x4940</value>
         <object_component_ref idref="oc-1c9"/>
      </symbol>
      <symbol id="sm-352">
         <name>drawLine</name>
         <value>0x1c81</value>
         <object_component_ref idref="oc-137"/>
      </symbol>
      <symbol id="sm-353">
         <name>font_8x12</name>
         <value>0x516a</value>
         <object_component_ref idref="oc-1cc"/>
      </symbol>
      <symbol id="sm-354">
         <name>drawCharMd</name>
         <value>0x17ed</value>
         <object_component_ref idref="oc-137"/>
      </symbol>
      <symbol id="sm-355">
         <name>drawCharSmBkg</name>
         <value>0x1587</value>
         <object_component_ref idref="oc-137"/>
      </symbol>
      <symbol id="sm-356">
         <name>drawCharLg</name>
         <value>0x1661</value>
         <object_component_ref idref="oc-137"/>
      </symbol>
      <symbol id="sm-357">
         <name>drawCharSm</name>
         <value>0x14e1</value>
         <object_component_ref idref="oc-137"/>
      </symbol>
      <symbol id="sm-358">
         <name>drawLogicLine</name>
         <value>0x1b41</value>
         <object_component_ref idref="oc-137"/>
      </symbol>
      <symbol id="sm-359">
         <name>setBackgroundColor</name>
         <value>0x1243</value>
         <object_component_ref idref="oc-137"/>
      </symbol>
      <symbol id="sm-35a">
         <name>clearScreenBkg</name>
         <value>0x12ef</value>
         <object_component_ref idref="oc-137"/>
      </symbol>
      <symbol id="sm-35b">
         <name>fillCircle</name>
         <value>0x20f9</value>
         <object_component_ref idref="oc-137"/>
      </symbol>
      <symbol id="sm-35c">
         <name>fillRect</name>
         <value>0x205b</value>
         <object_component_ref idref="oc-137"/>
      </symbol>
      <symbol id="sm-35d">
         <name>drawString</name>
         <value>0x13a7</value>
         <object_component_ref idref="oc-137"/>
      </symbol>
      <symbol id="sm-35e">
         <name>clearScreen</name>
         <value>0x1261</value>
         <object_component_ref idref="oc-137"/>
      </symbol>
      <symbol id="sm-35f">
         <name>colorLowByte</name>
         <value>0x20000464</value>
         <object_component_ref idref="oc-1c3"/>
      </symbol>
      <symbol id="sm-360">
         <name>drawCharMdBkg</name>
         <value>0x189b</value>
         <object_component_ref idref="oc-137"/>
      </symbol>
      <symbol id="sm-361">
         <name>font_5x7</name>
         <value>0x55de</value>
         <object_component_ref idref="oc-1c6"/>
      </symbol>
      <symbol id="sm-362">
         <name>drawRect</name>
         <value>0x1e77</value>
         <object_component_ref idref="oc-137"/>
      </symbol>
      <symbol id="sm-363">
         <name>colorHighByte</name>
         <value>0x20000465</value>
         <object_component_ref idref="oc-1c3"/>
      </symbol>
      <symbol id="sm-364">
         <name>bgColorLowByte</name>
         <value>0x20000466</value>
         <object_component_ref idref="oc-1c3"/>
      </symbol>
      <symbol id="sm-375">
         <name>_c_int00</name>
         <value>0x4681</value>
         <object_component_ref idref="oc-26"/>
      </symbol>
      <symbol id="sm-376">
         <name>__stack</name>
         <value>0x2000fe00</value>
         <object_component_ref idref="oc-2f"/>
      </symbol>
      <symbol id="sm-394">
         <name>__TI_decompress_lzss</name>
         <value>0x4555</value>
         <object_component_ref idref="oc-14"/>
      </symbol>
      <symbol id="sm-3ab">
         <name>__TI_decompress_none</name>
         <value>0x4915</value>
         <object_component_ref idref="oc-1a"/>
      </symbol>
      <symbol id="sm-3c2">
         <name>__TI_zero_init</name>
         <value>0x4931</value>
         <object_component_ref idref="oc-20"/>
      </symbol>
      <symbol id="sm-3e3">
         <name>C$$EXIT</name>
         <value>0x46d5</value>
         <object_component_ref idref="oc-6b"/>
      </symbol>
      <symbol id="sm-3e4">
         <name>abort</name>
         <value>0x46d9</value>
         <object_component_ref idref="oc-6b"/>
      </symbol>
      <symbol id="sm-3e5">
         <name>exit</name>
         <value>0x46e1</value>
         <object_component_ref idref="oc-6b"/>
      </symbol>
      <symbol id="sm-3e6">
         <name>__TI_dtors_ptr</name>
         <value>0x20000448</value>
         <object_component_ref idref="oc-ac"/>
      </symbol>
      <symbol id="sm-3e7">
         <name>__TI_cleanup_ptr</name>
         <value>0x20000444</value>
         <object_component_ref idref="oc-ac"/>
      </symbol>
      <symbol id="sm-3e8">
         <name>__TI_enable_exit_profile_output</name>
         <value>0x2000044c</value>
         <object_component_ref idref="oc-ac"/>
      </symbol>
      <symbol id="sm-403">
         <name>memcpy</name>
         <value>0x4249</value>
         <object_component_ref idref="oc-3b"/>
      </symbol>
      <symbol id="sm-404">
         <name>__aeabi_memcpy</name>
         <value>0x4249</value>
         <object_component_ref idref="oc-3b"/>
      </symbol>
      <symbol id="sm-405">
         <name>__aeabi_memcpy8</name>
         <value>0x4249</value>
         <object_component_ref idref="oc-3b"/>
      </symbol>
      <symbol id="sm-406">
         <name>__aeabi_memcpy4</name>
         <value>0x4249</value>
         <object_component_ref idref="oc-3b"/>
      </symbol>
      <symbol id="sm-415">
         <name>__aeabi_memset</name>
         <value>0x43f3</value>
         <object_component_ref idref="oc-47"/>
      </symbol>
      <symbol id="sm-416">
         <name>memset</name>
         <value>0x43f9</value>
         <object_component_ref idref="oc-47"/>
      </symbol>
      <symbol id="sm-417">
         <name>__aeabi_memset8</name>
         <value>0x43f3</value>
         <object_component_ref idref="oc-47"/>
      </symbol>
      <symbol id="sm-418">
         <name>__aeabi_memset4</name>
         <value>0x43f3</value>
         <object_component_ref idref="oc-47"/>
      </symbol>
      <symbol id="sm-419">
         <name>__aeabi_memclr8</name>
         <value>0x43f1</value>
         <object_component_ref idref="oc-47"/>
      </symbol>
      <symbol id="sm-41a">
         <name>__aeabi_memclr4</name>
         <value>0x43f1</value>
         <object_component_ref idref="oc-47"/>
      </symbol>
      <symbol id="sm-41b">
         <name>__aeabi_memclr</name>
         <value>0x43f1</value>
         <object_component_ref idref="oc-47"/>
      </symbol>
      <symbol id="sm-425">
         <name>__mpu_init</name>
         <value>0x1223</value>
         <object_component_ref idref="oc-53"/>
      </symbol>
      <symbol id="sm-42f">
         <name>_system_pre_init</name>
         <value>0x493d</value>
         <object_component_ref idref="oc-59"/>
      </symbol>
      <symbol id="sm-448">
         <name>sprintf</name>
         <value>0x4621</value>
         <object_component_ref idref="oc-c1"/>
      </symbol>
      <symbol id="sm-450">
         <name>main_func_sp</name>
         <value>0x2000046c</value>
         <object_component_ref idref="oc-71"/>
      </symbol>
      <symbol id="sm-469">
         <name>_nop</name>
         <value>0x48e7</value>
         <object_component_ref idref="oc-103"/>
      </symbol>
      <symbol id="sm-46a">
         <name>_lock</name>
         <value>0x2000045c</value>
         <object_component_ref idref="oc-af"/>
      </symbol>
      <symbol id="sm-46b">
         <name>_unlock</name>
         <value>0x20000460</value>
         <object_component_ref idref="oc-af"/>
      </symbol>
      <symbol id="sm-46c">
         <name>_register_lock</name>
         <value>0x48df</value>
         <object_component_ref idref="oc-103"/>
      </symbol>
      <symbol id="sm-46d">
         <name>_register_unlock</name>
         <value>0x48d9</value>
         <object_component_ref idref="oc-103"/>
      </symbol>
      <symbol id="sm-56e">
         <name>__TI_printfi</name>
         <value>0x929</value>
         <object_component_ref idref="oc-115"/>
      </symbol>
      <symbol id="sm-582">
         <name>_args_main</name>
         <value>0x48a9</value>
         <object_component_ref idref="oc-65"/>
      </symbol>
      <symbol id="sm-598">
         <name>atoi</name>
         <value>0x477d</value>
         <object_component_ref idref="oc-1a1"/>
      </symbol>
      <symbol id="sm-5c2">
         <name>__TI_auto_init</name>
         <value>0x44e5</value>
         <object_component_ref idref="oc-5f"/>
      </symbol>
      <symbol id="sm-5dc">
         <name>copy_in</name>
         <value>0x47c9</value>
         <object_component_ref idref="oc-9c"/>
      </symbol>
      <symbol id="sm-5e7">
         <name>_ctypes_</name>
         <value>0x57be</value>
         <object_component_ref idref="oc-1ff"/>
      </symbol>
      <symbol id="sm-5fe">
         <name>__aeabi_dsub</name>
         <value>0x3bd9</value>
         <object_component_ref idref="oc-18a"/>
      </symbol>
      <symbol id="sm-5ff">
         <name>__aeabi_dadd</name>
         <value>0x3be3</value>
         <object_component_ref idref="oc-18a"/>
      </symbol>
      <symbol id="sm-621">
         <name>__aeabi_cdcmpeq</name>
         <value>0x42e5</value>
         <object_component_ref idref="oc-166"/>
      </symbol>
      <symbol id="sm-622">
         <name>__aeabi_cdcmple</name>
         <value>0x42e5</value>
         <object_component_ref idref="oc-166"/>
      </symbol>
      <symbol id="sm-623">
         <name>__aeabi_cdrcmple</name>
         <value>0x436b</value>
         <object_component_ref idref="oc-175"/>
      </symbol>
      <symbol id="sm-637">
         <name>__aeabi_ddiv</name>
         <value>0x3f19</value>
         <object_component_ref idref="oc-170"/>
      </symbol>
      <symbol id="sm-642">
         <name>__aeabi_dmul</name>
         <value>0x404f</value>
         <object_component_ref idref="oc-16b"/>
      </symbol>
      <symbol id="sm-64c">
         <name>__aeabi_d2iz</name>
         <value>0x4815</value>
         <object_component_ref idref="oc-17a"/>
      </symbol>
      <symbol id="sm-656">
         <name>__aeabi_i2d</name>
         <value>0x485d</value>
         <object_component_ref idref="oc-185"/>
      </symbol>
      <symbol id="sm-665">
         <name>ltoa</name>
         <value>0x4729</value>
         <object_component_ref idref="oc-17f"/>
      </symbol>
      <symbol id="sm-675">
         <name>memccpy</name>
         <value>0x488b</value>
         <object_component_ref idref="oc-1a7"/>
      </symbol>
      <symbol id="sm-690">
         <name>frexpl</name>
         <value>0x45bd</value>
         <object_component_ref idref="oc-18f"/>
      </symbol>
      <symbol id="sm-691">
         <name>frexp</name>
         <value>0x45bd</value>
         <object_component_ref idref="oc-18f"/>
      </symbol>
      <symbol id="sm-6ae">
         <name>scalbn</name>
         <value>0x414d</value>
         <object_component_ref idref="oc-195"/>
      </symbol>
      <symbol id="sm-6af">
         <name>scalbnl</name>
         <value>0x414d</value>
         <object_component_ref idref="oc-195"/>
      </symbol>
      <symbol id="sm-6b0">
         <name>ldexpl</name>
         <value>0x414d</value>
         <object_component_ref idref="oc-195"/>
      </symbol>
      <symbol id="sm-6b1">
         <name>ldexp</name>
         <value>0x414d</value>
         <object_component_ref idref="oc-195"/>
      </symbol>
      <symbol id="sm-6bb">
         <name>_system_post_cinit</name>
         <value>0x3d8f</value>
         <object_component_ref idref="oc-a2"/>
      </symbol>
      <symbol id="sm-6cb">
         <name>strchr</name>
         <value>0x48c1</value>
         <object_component_ref idref="oc-19b"/>
      </symbol>
      <symbol id="sm-6d9">
         <name>strlen</name>
         <value>0x4901</value>
         <object_component_ref idref="oc-160"/>
      </symbol>
      <symbol id="sm-6f5">
         <name>__aeabi_uldivmod</name>
         <value>0x39e5</value>
         <object_component_ref idref="oc-15b"/>
      </symbol>
      <symbol id="sm-6fd">
         <name>errno</name>
         <value>0x20000468</value>
         <object_component_ref idref="oc-1f8"/>
      </symbol>
      <symbol id="sm-707">
         <name>copysign</name>
         <value>0x48ed</value>
         <object_component_ref idref="oc-1f2"/>
      </symbol>
      <symbol id="sm-708">
         <name>copysignl</name>
         <value>0x48ed</value>
         <object_component_ref idref="oc-1f2"/>
      </symbol>
      <symbol id="sm-709">
         <name>__TI_static_base__</name>
         <value>0x0</value>
      </symbol>
      <symbol id="sm-70c">
         <name>SHT$$INIT_ARRAY$$Limit</name>
         <value>0x0</value>
      </symbol>
      <symbol id="sm-70d">
         <name>SHT$$INIT_ARRAY$$Base</name>
         <value>0x0</value>
      </symbol>
      <symbol id="sm-70e">
         <name>NMI_Handler</name>
         <value>0x492f</value>
      </symbol>
      <symbol id="sm-70f">
         <name>HardFault_Handler</name>
         <value>0x492f</value>
      </symbol>
      <symbol id="sm-710">
         <name>MemManage_Handler</name>
         <value>0x492f</value>
      </symbol>
      <symbol id="sm-711">
         <name>BusFault_Handler</name>
         <value>0x492f</value>
      </symbol>
      <symbol id="sm-712">
         <name>UsageFault_Handler</name>
         <value>0x492f</value>
      </symbol>
      <symbol id="sm-713">
         <name>SVC_Handler</name>
         <value>0x492f</value>
      </symbol>
      <symbol id="sm-714">
         <name>DebugMon_Handler</name>
         <value>0x492f</value>
      </symbol>
      <symbol id="sm-715">
         <name>PendSV_Handler</name>
         <value>0x492f</value>
      </symbol>
      <symbol id="sm-716">
         <name>SysTick_Handler</name>
         <value>0x492f</value>
      </symbol>
      <symbol id="sm-717">
         <name>PSS_IRQHandler</name>
         <value>0x492f</value>
      </symbol>
      <symbol id="sm-718">
         <name>CS_IRQHandler</name>
         <value>0x492f</value>
      </symbol>
      <symbol id="sm-719">
         <name>PCM_IRQHandler</name>
         <value>0x492f</value>
      </symbol>
      <symbol id="sm-71a">
         <name>WDT_A_IRQHandler</name>
         <value>0x492f</value>
      </symbol>
      <symbol id="sm-71b">
         <name>FPU_IRQHandler</name>
         <value>0x492f</value>
      </symbol>
      <symbol id="sm-71c">
         <name>FLCTL_IRQHandler</name>
         <value>0x492f</value>
      </symbol>
      <symbol id="sm-71d">
         <name>COMP_E0_IRQHandler</name>
         <value>0x492f</value>
      </symbol>
      <symbol id="sm-71e">
         <name>COMP_E1_IRQHandler</name>
         <value>0x492f</value>
      </symbol>
      <symbol id="sm-71f">
         <name>TA0_0_IRQHandler</name>
         <value>0x492f</value>
      </symbol>
      <symbol id="sm-720">
         <name>TA0_N_IRQHandler</name>
         <value>0x492f</value>
      </symbol>
      <symbol id="sm-721">
         <name>TA1_0_IRQHandler</name>
         <value>0x2d11</value>
      </symbol>
      <symbol id="sm-722">
         <name>TA1_N_IRQHandler</name>
         <value>0x492f</value>
      </symbol>
      <symbol id="sm-723">
         <name>TA2_0_IRQHandler</name>
         <value>0x492f</value>
      </symbol>
      <symbol id="sm-724">
         <name>TA2_N_IRQHandler</name>
         <value>0x492f</value>
      </symbol>
      <symbol id="sm-725">
         <name>TA3_0_IRQHandler</name>
         <value>0x492f</value>
      </symbol>
      <symbol id="sm-726">
         <name>TA3_N_IRQHandler</name>
         <value>0x492f</value>
      </symbol>
      <symbol id="sm-727">
         <name>EUSCIA0_IRQHandler</name>
         <value>0x492f</value>
      </symbol>
      <symbol id="sm-728">
         <name>EUSCIA1_IRQHandler</name>
         <value>0x492f</value>
      </symbol>
      <symbol id="sm-729">
         <name>EUSCIA2_IRQHandler</name>
         <value>0x2d39</value>
      </symbol>
      <symbol id="sm-72a">
         <name>EUSCIA3_IRQHandler</name>
         <value>0x492f</value>
      </symbol>
      <symbol id="sm-72b">
         <name>EUSCIB0_IRQHandler</name>
         <value>0x492f</value>
      </symbol>
      <symbol id="sm-72c">
         <name>EUSCIB1_IRQHandler</name>
         <value>0x492f</value>
      </symbol>
      <symbol id="sm-72d">
         <name>EUSCIB2_IRQHandler</name>
         <value>0x492f</value>
      </symbol>
      <symbol id="sm-72e">
         <name>EUSCIB3_IRQHandler</name>
         <value>0x492f</value>
      </symbol>
      <symbol id="sm-72f">
         <name>ADC14_IRQHandler</name>
         <value>0x492f</value>
      </symbol>
      <symbol id="sm-730">
         <name>T32_INT1_IRQHandler</name>
         <value>0x492f</value>
      </symbol>
      <symbol id="sm-731">
         <name>T32_INT2_IRQHandler</name>
         <value>0x492f</value>
      </symbol>
      <symbol id="sm-732">
         <name>T32_INTC_IRQHandler</name>
         <value>0x492f</value>
      </symbol>
      <symbol id="sm-733">
         <name>AES256_IRQHandler</name>
         <value>0x492f</value>
      </symbol>
      <symbol id="sm-734">
         <name>RTC_C_IRQHandler</name>
         <value>0x492f</value>
      </symbol>
      <symbol id="sm-735">
         <name>DMA_ERR_IRQHandler</name>
         <value>0x492f</value>
      </symbol>
      <symbol id="sm-736">
         <name>DMA_INT3_IRQHandler</name>
         <value>0x492f</value>
      </symbol>
      <symbol id="sm-737">
         <name>DMA_INT2_IRQHandler</name>
         <value>0x492f</value>
      </symbol>
      <symbol id="sm-738">
         <name>DMA_INT1_IRQHandler</name>
         <value>0x492f</value>
      </symbol>
      <symbol id="sm-739">
         <name>DMA_INT0_IRQHandler</name>
         <value>0x492f</value>
      </symbol>
      <symbol id="sm-73a">
         <name>PORT1_IRQHandler</name>
         <value>0x492f</value>
      </symbol>
      <symbol id="sm-73b">
         <name>PORT2_IRQHandler</name>
         <value>0x492f</value>
      </symbol>
      <symbol id="sm-73c">
         <name>PORT3_IRQHandler</name>
         <value>0x2c2f</value>
      </symbol>
      <symbol id="sm-73d">
         <name>PORT4_IRQHandler</name>
         <value>0x2c5f</value>
      </symbol>
      <symbol id="sm-73e">
         <name>PORT5_IRQHandler</name>
         <value>0x2cbd</value>
      </symbol>
      <symbol id="sm-73f">
         <name>PORT6_IRQHandler</name>
         <value>0x492f</value>
      </symbol>
   </symbol_table>
   <title>Link successful</title>
</link_info>
