******************************************************************************
                  TI ARM Linker PC v16.9.3                     
******************************************************************************
>> Linked Fri May 04 10:50:58 2018

OUTPUT FILE NAME:   <Practica4.out>
ENTRY POINT SYMBOL: "_c_int00"  address: 00004681


MEMORY CONFIGURATION

         name            origin    length      used     unused   attr    fill
----------------------  --------  ---------  --------  --------  ----  --------
  MAIN                  00000000   00040000  0000594f  0003a6b1  R  X
  INFO                  00200000   00004000  00000000  00004000  R  X
  SRAM_CODE             01000000   00010000  00000674  0000f98c  RW X
  SRAM_DATA             20000000   00010000  00000674  0000f98c  RW  


SEGMENT ALLOCATION MAP

run origin  load origin   length   init length attrs members
----------  ----------- ---------- ----------- ----- -------
00000000    00000000    00005950   00005950    r-x
  00000000    00000000    000000e4   000000e4    r-- .intvecs
  000000e4    000000e4    0000485c   0000485c    r-x .text
  00004940    00004940    00000f9f   00000f9f    r-- .const
  000058e0    000058e0    00000070   00000070    r-- .cinit
20000000    20000000    00000474   00000000    rw-
  20000000    20000000    00000410   00000000    rw- .bss
  20000410    20000410    00000064   00000000    rw- .data
2000fe00    2000fe00    00000200   00000000    rw-
  2000fe00    2000fe00    00000200   00000000    rw- .stack


SECTION ALLOCATION MAP

 output                                  attributes/
section   page    origin      length       input sections
--------  ----  ----------  ----------   ----------------
.intvecs   0    00000000    000000e4     
                  00000000    000000e4     startup_msp432p401r_ccs.obj (.intvecs:retain)

.binit     0    00000000    00000000     

.text      0    000000e4    0000485c     
                  000000e4    0000113e     rtsv7M4_T_le_v4SPD16_eabi.lib : _printfi.obj (.text)
                  00001222    00000002                                   : mpu_init.obj (.text)
                  00001224    0000104c     lib_PAE2.lib : graphics.obj (.text)
                  00002270    00000b98     practica4_EduMartin_JoanPeracaula.obj (.text)
                  00002e08    000008a8     lib_PAE2.lib : lcd.obj (.text)
                  000036b0    00000334     system_msp432p401r.obj (.text)
                  000039e4    000001f4     rtsv7M4_T_le_v4SPD16_eabi.lib : ull_div_t2.obj (.text)
                  00003bd8    000001b6                                   : fd_add_t2.obj (.text)
                  00003d8e    00000002                                   : startup.obj (.text)
                  00003d90    00000188     lib_PAE2.lib : msp_LCD.obj (.text)
                  00003f18    00000136     rtsv7M4_T_le_v4SPD16_eabi.lib : fd_div_t2.obj (.text)
                  0000404e    000000fc                                   : fd_mul_t2.obj (.text)
                  0000414a    00000002     --HOLE-- [fill = 0]
                  0000414c    000000fc                                   : s_scalbn.obj (.text)
                  00004248    0000009c                                   : memcpy_t2.obj (.text)
                  000042e4    00000086                                   : fd_cmp_t2.obj (.text:__aeabi_cdcmple)
                  0000436a    00000086                                   : fd_cmp_t2.obj (.text:__aeabi_cdrcmple)
                  000043f0    0000007a                                   : memset_t2.obj (.text)
                  0000446a    00000002     --HOLE-- [fill = 0]
                  0000446c    00000078     lib_PAE2.lib : Inicializacion.obj (.text)
                  000044e4    00000070     rtsv7M4_T_le_v4SPD16_eabi.lib : autoinit.obj (.text)
                  00004554    00000068                                   : copy_decompress_lzss.obj (.text:decompress:lzss)
                  000045bc    00000064                                   : s_frexp.obj (.text)
                  00004620    00000060                                   : sprintf.obj (.text)
                  00004680    00000054                                   : boot.obj (.text)
                  000046d4    00000054                                   : exit.obj (.text)
                  00004728    00000054                                   : ltoa.obj (.text)
                  0000477c    0000004c                                   : atoi.obj (.text)
                  000047c8    0000004c                                   : cpy_tbl.obj (.text)
                  00004814    00000048                                   : fd_toi_t2.obj (.text)
                  0000485c    0000002e                                   : i_tofd_t2.obj (.text)
                  0000488a    0000001c                                   : memccpy.obj (.text)
                  000048a6    00000002     --HOLE-- [fill = 0]
                  000048a8    00000018                                   : args_main.obj (.text)
                  000048c0    00000016                                   : strchr.obj (.text)
                  000048d6    00000002     --HOLE-- [fill = 0]
                  000048d8    00000014                                   : _lock.obj (.text)
                  000048ec    00000014                                   : s_copysign.obj (.text)
                  00004900    00000014                                   : strlen.obj (.text)
                  00004914    0000000e                                   : copy_decompress_none.obj (.text:decompress:none)
                  00004922    0000000e     startup_msp432p401r_ccs.obj (.text)
                  00004930    0000000c     rtsv7M4_T_le_v4SPD16_eabi.lib : copy_zero_init.obj (.text:decompress:ZI)
                  0000493c    00000004                                   : pre_init.obj (.text)

.const     0    00004940    00000f9f     
                  00004940    0000082a     lib_PAE2.lib : graphics.obj (.const:font_11x16)
                  0000516a    00000474                  : graphics.obj (.const:font_8x12)
                  000055de    000001e0                  : graphics.obj (.const:font_5x7)
                  000057be    00000101     rtsv7M4_T_le_v4SPD16_eabi.lib : ctype.obj (.const:.string:_ctypes_)
                  000058bf    00000010     lib_PAE2.lib : lcd.obj (.const:.string:$P$T0$1)
                  000058cf    00000010                  : lcd.obj (.const:.string:$P$T1$2)

.cinit     0    000058e0    00000070     
                  000058e0    0000004b     (.cinit..data.load) [load image, compression = lzss]
                  0000592b    00000001     --HOLE-- [fill = 0]
                  0000592c    0000000c     (__TI_handler_table)
                  00005938    00000008     (.cinit..bss.load) [load image, compression = zero_init]
                  00005940    00000010     (__TI_cinit_table)

.init_array 
*          0    00000000    00000000     UNINITIALIZED

.bss       0    20000000    00000410     UNINITIALIZED
                  20000000    00000400     lib_PAE2.lib : graphics.obj (.bss:g_pulConvertedPalette)
                  20000400    00000010     (.common:cadena)

.data      0    20000410    00000064     UNINITIALIZED
                  20000410    00000013     practica4_EduMartin_JoanPeracaula.obj (.data)
                  20000423    00000010     practica4_EduMartin_JoanPeracaula.obj (.data:borrado)
                  20000433    00000010     practica4_EduMartin_JoanPeracaula.obj (.data:saludo)
                  20000443    00000001     --HOLE--
                  20000444    0000000c     rtsv7M4_T_le_v4SPD16_eabi.lib : exit.obj (.data:$O1$$)
                  20000450    0000000a     lib_PAE2.lib : lcd.obj (.data)
                  2000045a    00000002     --HOLE--
                  2000045c    00000008     rtsv7M4_T_le_v4SPD16_eabi.lib : _lock.obj (.data:$O1$$)
                  20000464    00000004     lib_PAE2.lib : graphics.obj (.data)
                  20000468    00000004     rtsv7M4_T_le_v4SPD16_eabi.lib : errno.obj (.data)
                  2000046c    00000004                                   : stkdepth_vars.obj (.data)
                  20000470    00000004     system_msp432p401r.obj (.data)

.stack     0    2000fe00    00000200     UNINITIALIZED
                  2000fe00    00000200     --HOLE--

MODULE SUMMARY

       Module                                  code    ro data   rw data
       ------                                  ----    -------   -------
    .\
       practica4_EduMartin_JoanPeracaula.obj   2968    0         134    
       system_msp432p401r.obj                  820     0         8      
       startup_msp432p401r_ccs.obj             14      228       0      
    +--+---------------------------------------+-------+---------+---------+
       Total:                                  3802    228       142    
                                                                        
    ../lib_PAE2.lib
       graphics.obj                            4172    3710      2056   
       lcd.obj                                 2216    32        20     
       msp_LCD.obj                             392     0         0      
       Inicializacion.obj                      120     0         0      
    +--+---------------------------------------+-------+---------+---------+
       Total:                                  6900    3742      2076   
                                                                        
    C:\ti\ccsv7\tools\compiler\ti-cgt-arm_16.9.3.LTS\lib\rtsv7M4_T_le_v4SPD16_eabi.lib
       _printfi.obj                            4414    0         0      
       ull_div_t2.obj                          500     0         0      
       fd_add_t2.obj                           438     0         0      
       fd_div_t2.obj                           310     0         0      
       fd_cmp_t2.obj                           268     0         0      
       ctype.obj                               0       257       0      
       fd_mul_t2.obj                           252     0         0      
       s_scalbn.obj                            252     0         0      
       memcpy_t2.obj                           156     0         0      
       memset_t2.obj                           122     0         0      
       autoinit.obj                            112     0         0      
       exit.obj                                84      0         24     
       copy_decompress_lzss.obj                104     0         0      
       s_frexp.obj                             100     0         0      
       sprintf.obj                             96      0         0      
       boot.obj                                84      0         0      
       ltoa.obj                                84      0         0      
       atoi.obj                                76      0         0      
       cpy_tbl.obj                             76      0         0      
       fd_toi_t2.obj                           72      0         0      
       i_tofd_t2.obj                           46      0         0      
       _lock.obj                               20      0         16     
       memccpy.obj                             28      0         0      
       args_main.obj                           24      0         0      
       strchr.obj                              22      0         0      
       s_copysign.obj                          20      0         0      
       strlen.obj                              20      0         0      
       copy_decompress_none.obj                14      0         0      
       copy_zero_init.obj                      12      0         0      
       errno.obj                               0       0         8      
       stkdepth_vars.obj                       0       0         8      
       pre_init.obj                            4       0         0      
       mpu_init.obj                            2       0         0      
       startup.obj                             2       0         0      
    +--+---------------------------------------+-------+---------+---------+
       Total:                                  7814    257       56     
                                                                        
       Stack:                                  0       0         1024   
       Linker Generated:                       0       111       0      
    +--+---------------------------------------+-------+---------+---------+
       Grand Total:                            18516   4338      3298   


LINKER GENERATED COPY TABLES

__TI_cinit_table @ 00005940 records: 2, size/record: 8, table size: 16
	.data: load addr=000058e0, load size=0000004b bytes, run addr=20000410, run size=00000064 bytes, compression=lzss
	.bss: load addr=00005938, load size=00000008 bytes, run addr=20000000, run size=00000410 bytes, compression=zero_init


LINKER GENERATED HANDLER TABLE

__TI_handler_table @ 0000592c records: 3, size/record: 4, table size: 12
	index: 0, handler: __TI_decompress_lzss
	index: 1, handler: __TI_decompress_none
	index: 2, handler: __TI_zero_init


GLOBAL SYMBOLS: SORTED ALPHABETICALLY BY Name 

address   name                           
-------   ----                           
0000492f  ADC14_IRQHandler               
0000492f  AES256_IRQHandler              
0000229b  Activa_TimerA1                 
0000492f  BusFault_Handler               
20000413  Byte_Rebut                     
000046d5  C$$EXIT                        
0000492f  COMP_E0_IRQHandler             
0000492f  COMP_E1_IRQHandler             
0000492f  CS_IRQHandler                  
20000452  Color_Fondo                    
20000456  Color_Fondo_Inv                
20000454  Color_Texto                    
20000458  Color_Texto_Inv                
0000492f  DMA_ERR_IRQHandler             
0000492f  DMA_INT0_IRQHandler            
0000492f  DMA_INT1_IRQHandler            
0000492f  DMA_INT2_IRQHandler            
0000492f  DMA_INT3_IRQHandler            
20000418  DadaLlegida_UART               
0000492f  DebugMon_Handler               
0000492f  Default_Handler                
0000492f  EUSCIA0_IRQHandler             
0000492f  EUSCIA1_IRQHandler             
00002d39  EUSCIA2_IRQHandler             
00002d39  EUSCIA2_IRQHandler             
0000492f  EUSCIA3_IRQHandler             
0000492f  EUSCIB0_IRQHandler             
0000492f  EUSCIB1_IRQHandler             
0000492f  EUSCIB2_IRQHandler             
0000492f  EUSCIB3_IRQHandler             
0000492f  FLCTL_IRQHandler               
0000492f  FPU_IRQHandler                 
20000451  Fuente                         
0000492f  HardFault_Handler              
0000492f  MemManage_Handler              
0000492f  NMI_Handler                    
0000492f  PCM_IRQHandler                 
0000492f  PORT1_IRQHandler               
0000492f  PORT2_IRQHandler               
00002c2f  PORT3_IRQHandler               
00002c2f  PORT3_IRQHandler               
00002c5f  PORT4_IRQHandler               
00002c5f  PORT4_IRQHandler               
00002cbd  PORT5_IRQHandler               
00002cbd  PORT5_IRQHandler               
0000492f  PORT6_IRQHandler               
0000492f  PSS_IRQHandler                 
0000492f  PendSV_Handler                 
0000492f  RTC_C_IRQHandler               
00004923  Reset_Handler                  
000022bf  Reset_TimeOut                  
00002475  RxPacket                       
UNDEFED   SHT$$INIT_ARRAY$$Base          
UNDEFED   SHT$$INIT_ARRAY$$Limit         
0000492f  SVC_Handler                    
00002339  Sentit_Dades_Rx                
00002345  Sentit_Dades_Tx                
0000492f  SysTick_Handler                
20000470  SystemCoreClock                
000036b1  SystemCoreClockUpdate          
00003929  SystemInit                     
0000492f  T32_INT1_IRQHandler            
0000492f  T32_INT2_IRQHandler            
0000492f  T32_INTC_IRQHandler            
0000492f  TA0_0_IRQHandler               
0000492f  TA0_N_IRQHandler               
00002d11  TA1_0_IRQHandler               
00002d11  TA1_0_IRQHandler               
0000492f  TA1_N_IRQHandler               
0000492f  TA2_0_IRQHandler               
0000492f  TA2_N_IRQHandler               
0000492f  TA3_0_IRQHandler               
0000492f  TA3_N_IRQHandler               
000022a7  TimeOut                        
0000236d  TxPacket                       
00002351  TxUAC2                         
0000492f  UsageFault_Handler             
4000480c  WDTCTL_SYM                     
0000492f  WDT_A_IRQHandler               
20010000  __STACK_END                    
00000200  __STACK_SIZE                   
00005940  __TI_CINIT_Base                
00005950  __TI_CINIT_Limit               
0000592c  __TI_Handler_Table_Base        
00005938  __TI_Handler_Table_Limit       
000044e5  __TI_auto_init                 
20000444  __TI_cleanup_ptr               
00004555  __TI_decompress_lzss           
00004915  __TI_decompress_none           
20000448  __TI_dtors_ptr                 
2000044c  __TI_enable_exit_profile_output
ffffffff  __TI_pprof_out_hndl            
00000929  __TI_printfi                   
ffffffff  __TI_prof_data_size            
ffffffff  __TI_prof_data_start           
00000000  __TI_static_base__             
00004931  __TI_zero_init                 
000042e5  __aeabi_cdcmpeq                
000042e5  __aeabi_cdcmple                
0000436b  __aeabi_cdrcmple               
00004815  __aeabi_d2iz                   
00003be3  __aeabi_dadd                   
00003f19  __aeabi_ddiv                   
0000404f  __aeabi_dmul                   
00003bd9  __aeabi_dsub                   
0000485d  __aeabi_i2d                    
000043f1  __aeabi_memclr                 
000043f1  __aeabi_memclr4                
000043f1  __aeabi_memclr8                
00004249  __aeabi_memcpy                 
00004249  __aeabi_memcpy4                
00004249  __aeabi_memcpy8                
000043f3  __aeabi_memset                 
000043f3  __aeabi_memset4                
000043f3  __aeabi_memset8                
000039e5  __aeabi_uldivmod               
ffffffff  __binit__                      
ffffffff  __c_args__                     
00001223  __mpu_init                     
2000fe00  __stack                        
000048a9  _args_main                     
00004681  _c_int00                       
000057be  _ctypes_                       
2000045c  _lock                          
000048e7  _nop                           
20000450  _orientation                   
000048df  _register_lock                 
000048d9  _register_unlock               
00003d8f  _system_post_cinit             
0000493d  _system_pre_init               
20000460  _unlock                        
000046d9  abort                          
00002749  activate_led                   
0000477d  atoi                           
20000467  bgColorHighByte                
20000466  bgColorLowByte                 
ffffffff  binit                          
20000423  borrado                        
00002a09  borrar                         
20000400  cadena                         
00003239  cambiar_orientacion            
00001261  clearScreen                    
000012ef  clearScreenBkg                 
20000465  colorHighByte                  
20000464  colorLowByte                   
20000416  comptTimeOut                   
20000414  comptador                      
000047c9  copy_in                        
000048ed  copysign                       
000048ed  copysignl                      
00003eb5  delay                          
000025f1  distance_sensor                
00001661  drawCharLg                     
00001709  drawCharLgBkg                  
000017ed  drawCharMd                     
0000189b  drawCharMdBkg                  
000014e1  drawCharSm                     
00001587  drawCharSmBkg                  
00001edb  drawCircle                     
000019fd  drawImage                      
00001a15  drawImageLut                   
00001b23  drawImageMono                  
00001c81  drawLine                       
00001b41  drawLogicLine                  
00001377  drawPixel                      
00001e77  drawRect                       
000013a7  drawString                     
20000468  errno                          
00002a2b  escribir                       
20000411  estado                         
20000412  estado_anterior                
000046e1  exit                           
000020f9  fillCircle                     
0000205b  fillRect                       
00004940  font_11x16                     
000055de  font_5x7                       
0000516a  font_8x12                      
000045bd  frexp                          
000045bd  frexpl                         
00002eb3  getAltura                      
00002e61  getColumna                     
00002e0f  getLinea                       
00002e09  getOrientacion                 
00002f0f  getScreenHeight                
00002ef9  getScreenWidth                 
000033c9  halLcdClearLine                
00003267  halLcdClearScreen              
0000328b  halLcdClearScreenBkg           
0000353d  halLcdDrawCircle               
00003645  halLcdDrawImageLut             
00003491  halLcdDrawLine                 
0000343f  halLcdDrawPixel                
000034e5  halLcdDrawRect                 
000035e9  halLcdFillCircle               
0000358d  halLcdFillRect                 
0000325b  halLcdInit                     
000032ab  halLcdPrintLine                
0000332b  halLcdPrintLineCol             
20000420  idML                           
20000421  idMR                           
20000422  idS                            
00003085  initLCD                        
000029fd  init_LCD                       
000022c7  init_UART                      
00002a49  init_botons                    
0000297d  init_interrupciones            
00003d91  init_spi_lcd_tactil            
00002271  init_timer_TA1                 
0000446d  init_ucs_16MHz                 
000044a5  init_ucs_24MHz                 
00000000  interruptVectors               
0000414d  ldexp                          
0000414d  ldexpl                         
20000410  linea                          
00004729  ltoa                           
00002929  luminosity_sensor              
00002b67  main                           
2000046c  main_func_sp                   
0000488b  memccpy                        
00004249  memcpy                         
000043f9  memset                         
00002779  move_motor                     
000027f5  move_robot                     
00002661  process_distance               
000025b9  read_IR_sensor                 
000028ff  read_luminosity_sensor         
000028a3  read_sound_sensor              
20000433  saludo                         
0000414d  scalbn                         
0000414d  scalbnl                        
00002f25  setArea                        
00001243  setBackgroundColor             
00001225  setColor                       
000031cb  setOrientation                 
000028c9  sound_sensor                   
00004621  sprintf                        
000027c9  stop_motor                     
0000288f  stop_robot                     
000048c1  strchr                         
00004901  strlen                         
00002843  turn_robot                     
2000041a  velocitat_lenta                
2000041c  velocitat_mitja                
2000041e  velocitat_rapida               
00003e8f  writeCommand                   
00003e69  writeData                      


GLOBAL SYMBOLS: SORTED BY Symbol Address 

address   name                           
-------   ----                           
00000000  __TI_static_base__             
00000000  interruptVectors               
00000200  __STACK_SIZE                   
00000929  __TI_printfi                   
00001223  __mpu_init                     
00001225  setColor                       
00001243  setBackgroundColor             
00001261  clearScreen                    
000012ef  clearScreenBkg                 
00001377  drawPixel                      
000013a7  drawString                     
000014e1  drawCharSm                     
00001587  drawCharSmBkg                  
00001661  drawCharLg                     
00001709  drawCharLgBkg                  
000017ed  drawCharMd                     
0000189b  drawCharMdBkg                  
000019fd  drawImage                      
00001a15  drawImageLut                   
00001b23  drawImageMono                  
00001b41  drawLogicLine                  
00001c81  drawLine                       
00001e77  drawRect                       
00001edb  drawCircle                     
0000205b  fillRect                       
000020f9  fillCircle                     
00002271  init_timer_TA1                 
0000229b  Activa_TimerA1                 
000022a7  TimeOut                        
000022bf  Reset_TimeOut                  
000022c7  init_UART                      
00002339  Sentit_Dades_Rx                
00002345  Sentit_Dades_Tx                
00002351  TxUAC2                         
0000236d  TxPacket                       
00002475  RxPacket                       
000025b9  read_IR_sensor                 
000025f1  distance_sensor                
00002661  process_distance               
00002749  activate_led                   
00002779  move_motor                     
000027c9  stop_motor                     
000027f5  move_robot                     
00002843  turn_robot                     
0000288f  stop_robot                     
000028a3  read_sound_sensor              
000028c9  sound_sensor                   
000028ff  read_luminosity_sensor         
00002929  luminosity_sensor              
0000297d  init_interrupciones            
000029fd  init_LCD                       
00002a09  borrar                         
00002a2b  escribir                       
00002a49  init_botons                    
00002b67  main                           
00002c2f  PORT3_IRQHandler               
00002c2f  PORT3_IRQHandler               
00002c5f  PORT4_IRQHandler               
00002c5f  PORT4_IRQHandler               
00002cbd  PORT5_IRQHandler               
00002cbd  PORT5_IRQHandler               
00002d11  TA1_0_IRQHandler               
00002d11  TA1_0_IRQHandler               
00002d39  EUSCIA2_IRQHandler             
00002d39  EUSCIA2_IRQHandler             
00002e09  getOrientacion                 
00002e0f  getLinea                       
00002e61  getColumna                     
00002eb3  getAltura                      
00002ef9  getScreenWidth                 
00002f0f  getScreenHeight                
00002f25  setArea                        
00003085  initLCD                        
000031cb  setOrientation                 
00003239  cambiar_orientacion            
0000325b  halLcdInit                     
00003267  halLcdClearScreen              
0000328b  halLcdClearScreenBkg           
000032ab  halLcdPrintLine                
0000332b  halLcdPrintLineCol             
000033c9  halLcdClearLine                
0000343f  halLcdDrawPixel                
00003491  halLcdDrawLine                 
000034e5  halLcdDrawRect                 
0000353d  halLcdDrawCircle               
0000358d  halLcdFillRect                 
000035e9  halLcdFillCircle               
00003645  halLcdDrawImageLut             
000036b1  SystemCoreClockUpdate          
00003929  SystemInit                     
000039e5  __aeabi_uldivmod               
00003bd9  __aeabi_dsub                   
00003be3  __aeabi_dadd                   
00003d8f  _system_post_cinit             
00003d91  init_spi_lcd_tactil            
00003e69  writeData                      
00003e8f  writeCommand                   
00003eb5  delay                          
00003f19  __aeabi_ddiv                   
0000404f  __aeabi_dmul                   
0000414d  ldexp                          
0000414d  ldexpl                         
0000414d  scalbn                         
0000414d  scalbnl                        
00004249  __aeabi_memcpy                 
00004249  __aeabi_memcpy4                
00004249  __aeabi_memcpy8                
00004249  memcpy                         
000042e5  __aeabi_cdcmpeq                
000042e5  __aeabi_cdcmple                
0000436b  __aeabi_cdrcmple               
000043f1  __aeabi_memclr                 
000043f1  __aeabi_memclr4                
000043f1  __aeabi_memclr8                
000043f3  __aeabi_memset                 
000043f3  __aeabi_memset4                
000043f3  __aeabi_memset8                
000043f9  memset                         
0000446d  init_ucs_16MHz                 
000044a5  init_ucs_24MHz                 
000044e5  __TI_auto_init                 
00004555  __TI_decompress_lzss           
000045bd  frexp                          
000045bd  frexpl                         
00004621  sprintf                        
00004681  _c_int00                       
000046d5  C$$EXIT                        
000046d9  abort                          
000046e1  exit                           
00004729  ltoa                           
0000477d  atoi                           
000047c9  copy_in                        
00004815  __aeabi_d2iz                   
0000485d  __aeabi_i2d                    
0000488b  memccpy                        
000048a9  _args_main                     
000048c1  strchr                         
000048d9  _register_unlock               
000048df  _register_lock                 
000048e7  _nop                           
000048ed  copysign                       
000048ed  copysignl                      
00004901  strlen                         
00004915  __TI_decompress_none           
00004923  Reset_Handler                  
0000492f  ADC14_IRQHandler               
0000492f  AES256_IRQHandler              
0000492f  BusFault_Handler               
0000492f  COMP_E0_IRQHandler             
0000492f  COMP_E1_IRQHandler             
0000492f  CS_IRQHandler                  
0000492f  DMA_ERR_IRQHandler             
0000492f  DMA_INT0_IRQHandler            
0000492f  DMA_INT1_IRQHandler            
0000492f  DMA_INT2_IRQHandler            
0000492f  DMA_INT3_IRQHandler            
0000492f  DebugMon_Handler               
0000492f  Default_Handler                
0000492f  EUSCIA0_IRQHandler             
0000492f  EUSCIA1_IRQHandler             
0000492f  EUSCIA3_IRQHandler             
0000492f  EUSCIB0_IRQHandler             
0000492f  EUSCIB1_IRQHandler             
0000492f  EUSCIB2_IRQHandler             
0000492f  EUSCIB3_IRQHandler             
0000492f  FLCTL_IRQHandler               
0000492f  FPU_IRQHandler                 
0000492f  HardFault_Handler              
0000492f  MemManage_Handler              
0000492f  NMI_Handler                    
0000492f  PCM_IRQHandler                 
0000492f  PORT1_IRQHandler               
0000492f  PORT2_IRQHandler               
0000492f  PORT6_IRQHandler               
0000492f  PSS_IRQHandler                 
0000492f  PendSV_Handler                 
0000492f  RTC_C_IRQHandler               
0000492f  SVC_Handler                    
0000492f  SysTick_Handler                
0000492f  T32_INT1_IRQHandler            
0000492f  T32_INT2_IRQHandler            
0000492f  T32_INTC_IRQHandler            
0000492f  TA0_0_IRQHandler               
0000492f  TA0_N_IRQHandler               
0000492f  TA1_N_IRQHandler               
0000492f  TA2_0_IRQHandler               
0000492f  TA2_N_IRQHandler               
0000492f  TA3_0_IRQHandler               
0000492f  TA3_N_IRQHandler               
0000492f  UsageFault_Handler             
0000492f  WDT_A_IRQHandler               
00004931  __TI_zero_init                 
0000493d  _system_pre_init               
00004940  font_11x16                     
0000516a  font_8x12                      
000055de  font_5x7                       
000057be  _ctypes_                       
0000592c  __TI_Handler_Table_Base        
00005938  __TI_Handler_Table_Limit       
00005940  __TI_CINIT_Base                
00005950  __TI_CINIT_Limit               
20000400  cadena                         
20000410  linea                          
20000411  estado                         
20000412  estado_anterior                
20000413  Byte_Rebut                     
20000414  comptador                      
20000416  comptTimeOut                   
20000418  DadaLlegida_UART               
2000041a  velocitat_lenta                
2000041c  velocitat_mitja                
2000041e  velocitat_rapida               
20000420  idML                           
20000421  idMR                           
20000422  idS                            
20000423  borrado                        
20000433  saludo                         
20000444  __TI_cleanup_ptr               
20000448  __TI_dtors_ptr                 
2000044c  __TI_enable_exit_profile_output
20000450  _orientation                   
20000451  Fuente                         
20000452  Color_Fondo                    
20000454  Color_Texto                    
20000456  Color_Fondo_Inv                
20000458  Color_Texto_Inv                
2000045c  _lock                          
20000460  _unlock                        
20000464  colorLowByte                   
20000465  colorHighByte                  
20000466  bgColorLowByte                 
20000467  bgColorHighByte                
20000468  errno                          
2000046c  main_func_sp                   
20000470  SystemCoreClock                
2000fe00  __stack                        
20010000  __STACK_END                    
4000480c  WDTCTL_SYM                     
ffffffff  __TI_pprof_out_hndl            
ffffffff  __TI_prof_data_size            
ffffffff  __TI_prof_data_start           
ffffffff  __binit__                      
ffffffff  __c_args__                     
ffffffff  binit                          
UNDEFED   SHT$$INIT_ARRAY$$Base          
UNDEFED   SHT$$INIT_ARRAY$$Limit         

[246 symbols]
