******************************************************************************
                  TI ARM Linker PC v16.9.3                     
******************************************************************************
>> Linked Fri May 04 12:38:29 2018

OUTPUT FILE NAME:   <PracticaFinal.out>
ENTRY POINT SYMBOL: "_c_int00"  address: 000047e1


MEMORY CONFIGURATION

         name            origin    length      used     unused   attr    fill
----------------------  --------  ---------  --------  --------  ----  --------
  MAIN                  00000000   00040000  00005ab7  0003a549  R  X
  INFO                  00200000   00004000  00000000  00004000  R  X
  SRAM_CODE             01000000   00010000  00000678  0000f988  RW X
  SRAM_DATA             20000000   00010000  00000678  0000f988  RW  


SEGMENT ALLOCATION MAP

run origin  load origin   length   init length attrs members
----------  ----------- ---------- ----------- ----- -------
00000000    00000000    00005ab8   00005ab8    r-x
  00000000    00000000    000000e4   000000e4    r-- .intvecs
  000000e4    000000e4    000049bc   000049bc    r-x .text
  00004aa0    00004aa0    00000f9f   00000f9f    r-- .const
  00005a40    00005a40    00000078   00000078    r-- .cinit
20000000    20000000    00000478   00000000    rw-
  20000000    20000000    00000410   00000000    rw- .bss
  20000410    20000410    00000068   00000000    rw- .data
2000fe00    2000fe00    00000200   00000000    rw-
  2000fe00    2000fe00    00000200   00000000    rw- .stack


SECTION ALLOCATION MAP

 output                                  attributes/
section   page    origin      length       input sections
--------  ----  ----------  ----------   ----------------
.intvecs   0    00000000    000000e4     
                  00000000    000000e4     startup_msp432p401r_ccs.obj (.intvecs:retain)

.binit     0    00000000    00000000     

.text      0    000000e4    000049bc     
                  000000e4    0000113e     rtsv7M4_T_le_v4SPD16_eabi.lib : _printfi.obj (.text)
                  00001222    00000002                                   : mpu_init.obj (.text)
                  00001224    0000104c     lib_PAE2.lib : graphics.obj (.text)
                  00002270    00000cf8     practica4_EduMartin_JoanPeracaula.obj (.text)
                  00002f68    000008a8     lib_PAE2.lib : lcd.obj (.text)
                  00003810    00000334     system_msp432p401r.obj (.text)
                  00003b44    000001f4     rtsv7M4_T_le_v4SPD16_eabi.lib : ull_div_t2.obj (.text)
                  00003d38    000001b6                                   : fd_add_t2.obj (.text)
                  00003eee    00000002                                   : startup.obj (.text)
                  00003ef0    00000188     lib_PAE2.lib : msp_LCD.obj (.text)
                  00004078    00000136     rtsv7M4_T_le_v4SPD16_eabi.lib : fd_div_t2.obj (.text)
                  000041ae    000000fc                                   : fd_mul_t2.obj (.text)
                  000042aa    00000002     --HOLE-- [fill = 0]
                  000042ac    000000fc                                   : s_scalbn.obj (.text)
                  000043a8    0000009c                                   : memcpy_t2.obj (.text)
                  00004444    00000086                                   : fd_cmp_t2.obj (.text:__aeabi_cdcmple)
                  000044ca    00000086                                   : fd_cmp_t2.obj (.text:__aeabi_cdrcmple)
                  00004550    0000007a                                   : memset_t2.obj (.text)
                  000045ca    00000002     --HOLE-- [fill = 0]
                  000045cc    00000078     lib_PAE2.lib : Inicializacion.obj (.text)
                  00004644    00000070     rtsv7M4_T_le_v4SPD16_eabi.lib : autoinit.obj (.text)
                  000046b4    00000068                                   : copy_decompress_lzss.obj (.text:decompress:lzss)
                  0000471c    00000064                                   : s_frexp.obj (.text)
                  00004780    00000060                                   : sprintf.obj (.text)
                  000047e0    00000054                                   : boot.obj (.text)
                  00004834    00000054                                   : exit.obj (.text)
                  00004888    00000054                                   : ltoa.obj (.text)
                  000048dc    0000004c                                   : atoi.obj (.text)
                  00004928    0000004c                                   : cpy_tbl.obj (.text)
                  00004974    00000048                                   : fd_toi_t2.obj (.text)
                  000049bc    0000002e                                   : i_tofd_t2.obj (.text)
                  000049ea    0000001c                                   : memccpy.obj (.text)
                  00004a06    00000002     --HOLE-- [fill = 0]
                  00004a08    00000018                                   : args_main.obj (.text)
                  00004a20    00000016                                   : strchr.obj (.text)
                  00004a36    00000002     --HOLE-- [fill = 0]
                  00004a38    00000014                                   : _lock.obj (.text)
                  00004a4c    00000014                                   : s_copysign.obj (.text)
                  00004a60    00000014                                   : strlen.obj (.text)
                  00004a74    0000000e                                   : copy_decompress_none.obj (.text:decompress:none)
                  00004a82    0000000e     startup_msp432p401r_ccs.obj (.text)
                  00004a90    0000000c     rtsv7M4_T_le_v4SPD16_eabi.lib : copy_zero_init.obj (.text:decompress:ZI)
                  00004a9c    00000004                                   : pre_init.obj (.text)

.const     0    00004aa0    00000f9f     
                  00004aa0    0000082a     lib_PAE2.lib : graphics.obj (.const:font_11x16)
                  000052ca    00000474                  : graphics.obj (.const:font_8x12)
                  0000573e    000001e0                  : graphics.obj (.const:font_5x7)
                  0000591e    00000101     rtsv7M4_T_le_v4SPD16_eabi.lib : ctype.obj (.const:.string:_ctypes_)
                  00005a1f    00000010     lib_PAE2.lib : lcd.obj (.const:.string:$P$T0$1)
                  00005a2f    00000010                  : lcd.obj (.const:.string:$P$T1$2)

.cinit     0    00005a40    00000078     
                  00005a40    00000050     (.cinit..data.load) [load image, compression = lzss]
                  00005a90    0000000c     (__TI_handler_table)
                  00005a9c    00000004     --HOLE-- [fill = 0]
                  00005aa0    00000008     (.cinit..bss.load) [load image, compression = zero_init]
                  00005aa8    00000010     (__TI_cinit_table)

.init_array 
*          0    00000000    00000000     UNINITIALIZED

.bss       0    20000000    00000410     UNINITIALIZED
                  20000000    00000400     lib_PAE2.lib : graphics.obj (.bss:g_pulConvertedPalette)
                  20000400    00000010     (.common:cadena)

.data      0    20000410    00000068     UNINITIALIZED
                  20000410    00000017     practica4_EduMartin_JoanPeracaula.obj (.data)
                  20000427    00000010     practica4_EduMartin_JoanPeracaula.obj (.data:borrado)
                  20000437    00000010     practica4_EduMartin_JoanPeracaula.obj (.data:saludo)
                  20000447    00000001     --HOLE--
                  20000448    0000000c     rtsv7M4_T_le_v4SPD16_eabi.lib : exit.obj (.data:$O1$$)
                  20000454    0000000a     lib_PAE2.lib : lcd.obj (.data)
                  2000045e    00000002     --HOLE--
                  20000460    00000008     rtsv7M4_T_le_v4SPD16_eabi.lib : _lock.obj (.data:$O1$$)
                  20000468    00000004     lib_PAE2.lib : graphics.obj (.data)
                  2000046c    00000004     rtsv7M4_T_le_v4SPD16_eabi.lib : errno.obj (.data)
                  20000470    00000004                                   : stkdepth_vars.obj (.data)
                  20000474    00000004     system_msp432p401r.obj (.data)

.stack     0    2000fe00    00000200     UNINITIALIZED
                  2000fe00    00000200     --HOLE--

MODULE SUMMARY

       Module                                  code    ro data   rw data
       ------                                  ----    -------   -------
    .\
       practica4_EduMartin_JoanPeracaula.obj   3320    0         142    
       system_msp432p401r.obj                  820     0         8      
       startup_msp432p401r_ccs.obj             14      228       0      
    +--+---------------------------------------+-------+---------+---------+
       Total:                                  4154    228       150    
                                                                        
    ../lib_PAE2.lib
       graphics.obj                            4172    3710      2056   
       lcd.obj                                 2216    32        20     
       msp_LCD.obj                             392     0         0      
       Inicializacion.obj                      120     0         0      
    +--+---------------------------------------+-------+---------+---------+
       Total:                                  6900    3742      2076   
                                                                        
    C:\ti\ccsv7\tools\compiler\ti-cgt-arm_16.9.3.LTS\lib\rtsv7M4_T_le_v4SPD16_eabi.lib
       _printfi.obj                            4414    0         0      
       ull_div_t2.obj                          500     0         0      
       fd_add_t2.obj                           438     0         0      
       fd_div_t2.obj                           310     0         0      
       fd_cmp_t2.obj                           268     0         0      
       ctype.obj                               0       257       0      
       fd_mul_t2.obj                           252     0         0      
       s_scalbn.obj                            252     0         0      
       memcpy_t2.obj                           156     0         0      
       memset_t2.obj                           122     0         0      
       autoinit.obj                            112     0         0      
       exit.obj                                84      0         24     
       copy_decompress_lzss.obj                104     0         0      
       s_frexp.obj                             100     0         0      
       sprintf.obj                             96      0         0      
       boot.obj                                84      0         0      
       ltoa.obj                                84      0         0      
       atoi.obj                                76      0         0      
       cpy_tbl.obj                             76      0         0      
       fd_toi_t2.obj                           72      0         0      
       i_tofd_t2.obj                           46      0         0      
       _lock.obj                               20      0         16     
       memccpy.obj                             28      0         0      
       args_main.obj                           24      0         0      
       strchr.obj                              22      0         0      
       s_copysign.obj                          20      0         0      
       strlen.obj                              20      0         0      
       copy_decompress_none.obj                14      0         0      
       copy_zero_init.obj                      12      0         0      
       errno.obj                               0       0         8      
       stkdepth_vars.obj                       0       0         8      
       pre_init.obj                            4       0         0      
       mpu_init.obj                            2       0         0      
       startup.obj                             2       0         0      
    +--+---------------------------------------+-------+---------+---------+
       Total:                                  7814    257       56     
                                                                        
       Stack:                                  0       0         1024   
       Linker Generated:                       0       116       0      
    +--+---------------------------------------+-------+---------+---------+
       Grand Total:                            18868   4343      3306   


LINKER GENERATED COPY TABLES

__TI_cinit_table @ 00005aa8 records: 2, size/record: 8, table size: 16
	.data: load addr=00005a40, load size=00000050 bytes, run addr=20000410, run size=00000068 bytes, compression=lzss
	.bss: load addr=00005aa0, load size=00000008 bytes, run addr=20000000, run size=00000410 bytes, compression=zero_init


LINKER GENERATED HANDLER TABLE

__TI_handler_table @ 00005a90 records: 3, size/record: 4, table size: 12
	index: 0, handler: __TI_decompress_lzss
	index: 1, handler: __TI_decompress_none
	index: 2, handler: __TI_zero_init


GLOBAL SYMBOLS: SORTED ALPHABETICALLY BY Name 

address   name                           
-------   ----                           
00004a8f  ADC14_IRQHandler               
00004a8f  AES256_IRQHandler              
0000229b  Activa_TimerA1                 
00004a8f  BusFault_Handler               
20000414  Byte_Rebut                     
00004835  C$$EXIT                        
00004a8f  COMP_E0_IRQHandler             
00004a8f  COMP_E1_IRQHandler             
00004a8f  CS_IRQHandler                  
20000456  Color_Fondo                    
2000045a  Color_Fondo_Inv                
20000458  Color_Texto                    
2000045c  Color_Texto_Inv                
00004a8f  DMA_ERR_IRQHandler             
00004a8f  DMA_INT0_IRQHandler            
00004a8f  DMA_INT1_IRQHandler            
00004a8f  DMA_INT2_IRQHandler            
00004a8f  DMA_INT3_IRQHandler            
2000041a  DadaLlegida_UART               
00004a8f  DebugMon_Handler               
00004a8f  Default_Handler                
00004a8f  EUSCIA0_IRQHandler             
00004a8f  EUSCIA1_IRQHandler             
00002ec1  EUSCIA2_IRQHandler             
00002ec1  EUSCIA2_IRQHandler             
00004a8f  EUSCIA3_IRQHandler             
00004a8f  EUSCIB0_IRQHandler             
00004a8f  EUSCIB1_IRQHandler             
00004a8f  EUSCIB2_IRQHandler             
00004a8f  EUSCIB3_IRQHandler             
00004a8f  FLCTL_IRQHandler               
00004a8f  FPU_IRQHandler                 
20000455  Fuente                         
00004a8f  HardFault_Handler              
00004a8f  MemManage_Handler              
00004a8f  NMI_Handler                    
00004a8f  PCM_IRQHandler                 
00004a8f  PORT1_IRQHandler               
00004a8f  PORT2_IRQHandler               
00002d85  PORT3_IRQHandler               
00002d85  PORT3_IRQHandler               
00002dc5  PORT4_IRQHandler               
00002dc5  PORT4_IRQHandler               
00002e21  PORT5_IRQHandler               
00002e21  PORT5_IRQHandler               
00004a8f  PORT6_IRQHandler               
00004a8f  PSS_IRQHandler                 
00004a8f  PendSV_Handler                 
00004a8f  RTC_C_IRQHandler               
00004a83  Reset_Handler                  
000022bf  Reset_TimeOut                  
00002475  RxPacket                       
UNDEFED   SHT$$INIT_ARRAY$$Base          
UNDEFED   SHT$$INIT_ARRAY$$Limit         
00004a8f  SVC_Handler                    
00002339  Sentit_Dades_Rx                
00002345  Sentit_Dades_Tx                
00004a8f  SysTick_Handler                
20000474  SystemCoreClock                
00003811  SystemCoreClockUpdate          
00003a89  SystemInit                     
00004a8f  T32_INT1_IRQHandler            
00004a8f  T32_INT2_IRQHandler            
00004a8f  T32_INTC_IRQHandler            
00004a8f  TA0_0_IRQHandler               
00004a8f  TA0_N_IRQHandler               
00002e81  TA1_0_IRQHandler               
00002e81  TA1_0_IRQHandler               
00004a8f  TA1_N_IRQHandler               
00004a8f  TA2_0_IRQHandler               
00004a8f  TA2_N_IRQHandler               
00004a8f  TA3_0_IRQHandler               
00004a8f  TA3_N_IRQHandler               
000022a7  TimeOut                        
0000236d  TxPacket                       
00002351  TxUAC2                         
00004a8f  UsageFault_Handler             
4000480c  WDTCTL_SYM                     
00004a8f  WDT_A_IRQHandler               
20010000  __STACK_END                    
00000200  __STACK_SIZE                   
00005aa8  __TI_CINIT_Base                
00005ab8  __TI_CINIT_Limit               
00005a90  __TI_Handler_Table_Base        
00005a9c  __TI_Handler_Table_Limit       
00004645  __TI_auto_init                 
20000448  __TI_cleanup_ptr               
000046b5  __TI_decompress_lzss           
00004a75  __TI_decompress_none           
2000044c  __TI_dtors_ptr                 
20000450  __TI_enable_exit_profile_output
ffffffff  __TI_pprof_out_hndl            
00000929  __TI_printfi                   
ffffffff  __TI_prof_data_size            
ffffffff  __TI_prof_data_start           
00000000  __TI_static_base__             
00004a91  __TI_zero_init                 
00004445  __aeabi_cdcmpeq                
00004445  __aeabi_cdcmple                
000044cb  __aeabi_cdrcmple               
00004975  __aeabi_d2iz                   
00003d43  __aeabi_dadd                   
00004079  __aeabi_ddiv                   
000041af  __aeabi_dmul                   
00003d39  __aeabi_dsub                   
000049bd  __aeabi_i2d                    
00004551  __aeabi_memclr                 
00004551  __aeabi_memclr4                
00004551  __aeabi_memclr8                
000043a9  __aeabi_memcpy                 
000043a9  __aeabi_memcpy4                
000043a9  __aeabi_memcpy8                
00004553  __aeabi_memset                 
00004553  __aeabi_memset4                
00004553  __aeabi_memset8                
00003b45  __aeabi_uldivmod               
ffffffff  __binit__                      
ffffffff  __c_args__                     
00001223  __mpu_init                     
2000fe00  __stack                        
00004a09  _args_main                     
000047e1  _c_int00                       
0000591e  _ctypes_                       
20000460  _lock                          
00004a47  _nop                           
20000454  _orientation                   
00004a3f  _register_lock                 
00004a39  _register_unlock               
00003eef  _system_post_cinit             
00004a9d  _system_pre_init               
20000464  _unlock                        
00004839  abort                          
00002749  activate_led                   
000048dd  atoi                           
2000046b  bgColorHighByte                
2000046a  bgColorLowByte                 
ffffffff  binit                          
20000427  borrado                        
00002b2b  borrar                         
20000400  cadena                         
00003399  cambiar_orientacion            
00001261  clearScreen                    
000012ef  clearScreenBkg                 
20000469  colorHighByte                  
20000468  colorLowByte                   
20000418  comptTimeOut                   
20000416  comptador                      
00004929  copy_in                        
00004a4d  copysign                       
00004a4d  copysignl                      
00004015  delay                          
000025f1  distance_sensor                
20000422  distancia_paret                
00001661  drawCharLg                     
00001709  drawCharLgBkg                  
000017ed  drawCharMd                     
0000189b  drawCharMdBkg                  
000014e1  drawCharSm                     
00001587  drawCharSmBkg                  
00001edb  drawCircle                     
000019fd  drawImage                      
00001a15  drawImageLut                   
00001b23  drawImageMono                  
00001c81  drawLine                       
00001b41  drawLogicLine                  
00001377  drawPixel                      
00001e77  drawRect                       
000013a7  drawString                     
2000046c  errno                          
00002b45  escribir                       
20000411  estado                         
20000412  estado_anterior                
00004841  exit                           
000020f9  fillCircle                     
0000205b  fillRect                       
00004aa0  font_11x16                     
0000573e  font_5x7                       
000052ca  font_8x12                      
0000471d  frexp                          
0000471d  frexpl                         
00003013  getAltura                      
00002fc1  getColumna                     
00002f6f  getLinea                       
00002f69  getOrientacion                 
0000306f  getScreenHeight                
00003059  getScreenWidth                 
00003529  halLcdClearLine                
000033c7  halLcdClearScreen              
000033eb  halLcdClearScreenBkg           
0000369d  halLcdDrawCircle               
000037a5  halLcdDrawImageLut             
000035f1  halLcdDrawLine                 
0000359f  halLcdDrawPixel                
00003645  halLcdDrawRect                 
00003749  halLcdFillCircle               
000036ed  halLcdFillRect                 
000033bb  halLcdInit                     
0000340b  halLcdPrintLine                
0000348b  halLcdPrintLineCol             
20000424  idML                           
20000425  idMR                           
20000426  idS                            
000031e5  initLCD                        
00002b1f  init_LCD                       
000022c7  init_UART                      
00002b5b  init_botons                    
00002ab7  init_interrupciones            
00003ef1  init_spi_lcd_tactil            
00002271  init_timer_TA1                 
000045cd  init_ucs_16MHz                 
00004605  init_ucs_24MHz                 
00000000  interruptVectors               
000042ad  ldexp                          
000042ad  ldexpl                         
20000410  linea                          
00004889  ltoa                           
00002955  luminosity_sensor              
00002c89  main                           
20000470  main_func_sp                   
000049eb  memccpy                        
000043a9  memcpy                         
00004559  memset                         
00002779  move_motor                     
000029f1  move_objects                   
0000280d  move_robot                     
20000413  moving                         
00002661  process_distance               
000025b9  read_IR_sensor                 
0000299f  read_distance_wall             
0000292f  read_luminosity_sensor         
000028cd  read_sound_sensor              
20000437  saludo                         
000042ad  scalbn                         
000042ad  scalbnl                        
00003085  setArea                        
00001243  setBackgroundColor             
00001225  setColor                       
0000332b  setOrientation                 
000028f9  sound_sensor                   
00004781  sprintf                        
000027d5  stop_motor                     
000028b3  stop_robot                     
00004a21  strchr                         
00004a61  strlen                         
20000423  tolerancia                     
00002861  turn_robot                     
2000041c  velocitat_lenta                
2000041e  velocitat_mitja                
20000420  velocitat_rapida               
00003fef  writeCommand                   
00003fc9  writeData                      


GLOBAL SYMBOLS: SORTED BY Symbol Address 

address   name                           
-------   ----                           
00000000  __TI_static_base__             
00000000  interruptVectors               
00000200  __STACK_SIZE                   
00000929  __TI_printfi                   
00001223  __mpu_init                     
00001225  setColor                       
00001243  setBackgroundColor             
00001261  clearScreen                    
000012ef  clearScreenBkg                 
00001377  drawPixel                      
000013a7  drawString                     
000014e1  drawCharSm                     
00001587  drawCharSmBkg                  
00001661  drawCharLg                     
00001709  drawCharLgBkg                  
000017ed  drawCharMd                     
0000189b  drawCharMdBkg                  
000019fd  drawImage                      
00001a15  drawImageLut                   
00001b23  drawImageMono                  
00001b41  drawLogicLine                  
00001c81  drawLine                       
00001e77  drawRect                       
00001edb  drawCircle                     
0000205b  fillRect                       
000020f9  fillCircle                     
00002271  init_timer_TA1                 
0000229b  Activa_TimerA1                 
000022a7  TimeOut                        
000022bf  Reset_TimeOut                  
000022c7  init_UART                      
00002339  Sentit_Dades_Rx                
00002345  Sentit_Dades_Tx                
00002351  TxUAC2                         
0000236d  TxPacket                       
00002475  RxPacket                       
000025b9  read_IR_sensor                 
000025f1  distance_sensor                
00002661  process_distance               
00002749  activate_led                   
00002779  move_motor                     
000027d5  stop_motor                     
0000280d  move_robot                     
00002861  turn_robot                     
000028b3  stop_robot                     
000028cd  read_sound_sensor              
000028f9  sound_sensor                   
0000292f  read_luminosity_sensor         
00002955  luminosity_sensor              
0000299f  read_distance_wall             
000029f1  move_objects                   
00002ab7  init_interrupciones            
00002b1f  init_LCD                       
00002b2b  borrar                         
00002b45  escribir                       
00002b5b  init_botons                    
00002c89  main                           
00002d85  PORT3_IRQHandler               
00002d85  PORT3_IRQHandler               
00002dc5  PORT4_IRQHandler               
00002dc5  PORT4_IRQHandler               
00002e21  PORT5_IRQHandler               
00002e21  PORT5_IRQHandler               
00002e81  TA1_0_IRQHandler               
00002e81  TA1_0_IRQHandler               
00002ec1  EUSCIA2_IRQHandler             
00002ec1  EUSCIA2_IRQHandler             
00002f69  getOrientacion                 
00002f6f  getLinea                       
00002fc1  getColumna                     
00003013  getAltura                      
00003059  getScreenWidth                 
0000306f  getScreenHeight                
00003085  setArea                        
000031e5  initLCD                        
0000332b  setOrientation                 
00003399  cambiar_orientacion            
000033bb  halLcdInit                     
000033c7  halLcdClearScreen              
000033eb  halLcdClearScreenBkg           
0000340b  halLcdPrintLine                
0000348b  halLcdPrintLineCol             
00003529  halLcdClearLine                
0000359f  halLcdDrawPixel                
000035f1  halLcdDrawLine                 
00003645  halLcdDrawRect                 
0000369d  halLcdDrawCircle               
000036ed  halLcdFillRect                 
00003749  halLcdFillCircle               
000037a5  halLcdDrawImageLut             
00003811  SystemCoreClockUpdate          
00003a89  SystemInit                     
00003b45  __aeabi_uldivmod               
00003d39  __aeabi_dsub                   
00003d43  __aeabi_dadd                   
00003eef  _system_post_cinit             
00003ef1  init_spi_lcd_tactil            
00003fc9  writeData                      
00003fef  writeCommand                   
00004015  delay                          
00004079  __aeabi_ddiv                   
000041af  __aeabi_dmul                   
000042ad  ldexp                          
000042ad  ldexpl                         
000042ad  scalbn                         
000042ad  scalbnl                        
000043a9  __aeabi_memcpy                 
000043a9  __aeabi_memcpy4                
000043a9  __aeabi_memcpy8                
000043a9  memcpy                         
00004445  __aeabi_cdcmpeq                
00004445  __aeabi_cdcmple                
000044cb  __aeabi_cdrcmple               
00004551  __aeabi_memclr                 
00004551  __aeabi_memclr4                
00004551  __aeabi_memclr8                
00004553  __aeabi_memset                 
00004553  __aeabi_memset4                
00004553  __aeabi_memset8                
00004559  memset                         
000045cd  init_ucs_16MHz                 
00004605  init_ucs_24MHz                 
00004645  __TI_auto_init                 
000046b5  __TI_decompress_lzss           
0000471d  frexp                          
0000471d  frexpl                         
00004781  sprintf                        
000047e1  _c_int00                       
00004835  C$$EXIT                        
00004839  abort                          
00004841  exit                           
00004889  ltoa                           
000048dd  atoi                           
00004929  copy_in                        
00004975  __aeabi_d2iz                   
000049bd  __aeabi_i2d                    
000049eb  memccpy                        
00004a09  _args_main                     
00004a21  strchr                         
00004a39  _register_unlock               
00004a3f  _register_lock                 
00004a47  _nop                           
00004a4d  copysign                       
00004a4d  copysignl                      
00004a61  strlen                         
00004a75  __TI_decompress_none           
00004a83  Reset_Handler                  
00004a8f  ADC14_IRQHandler               
00004a8f  AES256_IRQHandler              
00004a8f  BusFault_Handler               
00004a8f  COMP_E0_IRQHandler             
00004a8f  COMP_E1_IRQHandler             
00004a8f  CS_IRQHandler                  
00004a8f  DMA_ERR_IRQHandler             
00004a8f  DMA_INT0_IRQHandler            
00004a8f  DMA_INT1_IRQHandler            
00004a8f  DMA_INT2_IRQHandler            
00004a8f  DMA_INT3_IRQHandler            
00004a8f  DebugMon_Handler               
00004a8f  Default_Handler                
00004a8f  EUSCIA0_IRQHandler             
00004a8f  EUSCIA1_IRQHandler             
00004a8f  EUSCIA3_IRQHandler             
00004a8f  EUSCIB0_IRQHandler             
00004a8f  EUSCIB1_IRQHandler             
00004a8f  EUSCIB2_IRQHandler             
00004a8f  EUSCIB3_IRQHandler             
00004a8f  FLCTL_IRQHandler               
00004a8f  FPU_IRQHandler                 
00004a8f  HardFault_Handler              
00004a8f  MemManage_Handler              
00004a8f  NMI_Handler                    
00004a8f  PCM_IRQHandler                 
00004a8f  PORT1_IRQHandler               
00004a8f  PORT2_IRQHandler               
00004a8f  PORT6_IRQHandler               
00004a8f  PSS_IRQHandler                 
00004a8f  PendSV_Handler                 
00004a8f  RTC_C_IRQHandler               
00004a8f  SVC_Handler                    
00004a8f  SysTick_Handler                
00004a8f  T32_INT1_IRQHandler            
00004a8f  T32_INT2_IRQHandler            
00004a8f  T32_INTC_IRQHandler            
00004a8f  TA0_0_IRQHandler               
00004a8f  TA0_N_IRQHandler               
00004a8f  TA1_N_IRQHandler               
00004a8f  TA2_0_IRQHandler               
00004a8f  TA2_N_IRQHandler               
00004a8f  TA3_0_IRQHandler               
00004a8f  TA3_N_IRQHandler               
00004a8f  UsageFault_Handler             
00004a8f  WDT_A_IRQHandler               
00004a91  __TI_zero_init                 
00004a9d  _system_pre_init               
00004aa0  font_11x16                     
000052ca  font_8x12                      
0000573e  font_5x7                       
0000591e  _ctypes_                       
00005a90  __TI_Handler_Table_Base        
00005a9c  __TI_Handler_Table_Limit       
00005aa8  __TI_CINIT_Base                
00005ab8  __TI_CINIT_Limit               
20000400  cadena                         
20000410  linea                          
20000411  estado                         
20000412  estado_anterior                
20000413  moving                         
20000414  Byte_Rebut                     
20000416  comptador                      
20000418  comptTimeOut                   
2000041a  DadaLlegida_UART               
2000041c  velocitat_lenta                
2000041e  velocitat_mitja                
20000420  velocitat_rapida               
20000422  distancia_paret                
20000423  tolerancia                     
20000424  idML                           
20000425  idMR                           
20000426  idS                            
20000427  borrado                        
20000437  saludo                         
20000448  __TI_cleanup_ptr               
2000044c  __TI_dtors_ptr                 
20000450  __TI_enable_exit_profile_output
20000454  _orientation                   
20000455  Fuente                         
20000456  Color_Fondo                    
20000458  Color_Texto                    
2000045a  Color_Fondo_Inv                
2000045c  Color_Texto_Inv                
20000460  _lock                          
20000464  _unlock                        
20000468  colorLowByte                   
20000469  colorHighByte                  
2000046a  bgColorLowByte                 
2000046b  bgColorHighByte                
2000046c  errno                          
20000470  main_func_sp                   
20000474  SystemCoreClock                
2000fe00  __stack                        
20010000  __STACK_END                    
4000480c  WDTCTL_SYM                     
ffffffff  __TI_pprof_out_hndl            
ffffffff  __TI_prof_data_size            
ffffffff  __TI_prof_data_start           
ffffffff  __binit__                      
ffffffff  __c_args__                     
ffffffff  binit                          
UNDEFED   SHT$$INIT_ARRAY$$Base          
UNDEFED   SHT$$INIT_ARRAY$$Limit         

[251 symbols]
