******************************************************************************
                  TI ARM Linker PC v16.9.3                     
******************************************************************************
>> Linked Fri Mar 16 13:00:29 2018

OUTPUT FILE NAME:   <Practica3.out>
ENTRY POINT SYMBOL: "_c_int00"  address: 00004395


MEMORY CONFIGURATION

         name            origin    length      used     unused   attr    fill
----------------------  --------  ---------  --------  --------  ----  --------
  MAIN                  00000000   00040000  00005663  0003a99d  R  X
  INFO                  00200000   00004000  00000000  00004000  R  X
  SRAM_CODE             01000000   00010000  00000670  0000f990  RW X
  SRAM_DATA             20000000   00010000  00000670  0000f990  RW  


SEGMENT ALLOCATION MAP

run origin  load origin   length   init length attrs members
----------  ----------- ---------- ----------- ----- -------
00000000    00000000    00005668   00005668    r-x
  00000000    00000000    000000e4   000000e4    r-- .intvecs
  000000e4    000000e4    00004570   00004570    r-x .text
  00004654    00004654    00000f9f   00000f9f    r-- .const
  000055f8    000055f8    00000070   00000070    r-- .cinit
20000000    20000000    00000470   00000000    rw-
  20000000    20000000    00000410   00000000    rw- .bss
  20000410    20000410    00000060   00000000    rw- .data
2000fe00    2000fe00    00000200   00000000    rw-
  2000fe00    2000fe00    00000200   00000000    rw- .stack


SECTION ALLOCATION MAP

 output                                  attributes/
section   page    origin      length       input sections
--------  ----  ----------  ----------   ----------------
.intvecs   0    00000000    000000e4     
                  00000000    000000e4     startup_msp432p401r_ccs.obj (.intvecs:retain)

.binit     0    00000000    00000000     

.text      0    000000e4    00004570     
                  000000e4    0000113e     rtsv7M4_T_le_v4SPD16_eabi.lib : _printfi.obj (.text)
                  00001222    00000002                                   : mpu_init.obj (.text)
                  00001224    0000104c     lib_PAE2.lib : graphics.obj (.text)
                  00002270    000008b4     Practica_02 PAE_Alumnes.obj (.text)
                  00002b24    000008a8     lib_PAE2.lib : lcd.obj (.text)
                  000033cc    0000032c     system_msp432p401r.obj (.text)
                  000036f8    000001f4     rtsv7M4_T_le_v4SPD16_eabi.lib : ull_div_t2.obj (.text)
                  000038ec    000001b6                                   : fd_add_t2.obj (.text)
                  00003aa2    00000002                                   : startup.obj (.text)
                  00003aa4    00000188     lib_PAE2.lib : msp_LCD.obj (.text)
                  00003c2c    00000136     rtsv7M4_T_le_v4SPD16_eabi.lib : fd_div_t2.obj (.text)
                  00003d62    000000fc                                   : fd_mul_t2.obj (.text)
                  00003e5e    00000002     --HOLE-- [fill = 0]
                  00003e60    000000fc                                   : s_scalbn.obj (.text)
                  00003f5c    0000009c                                   : memcpy_t2.obj (.text)
                  00003ff8    00000086                                   : fd_cmp_t2.obj (.text:__aeabi_cdcmple)
                  0000407e    00000086                                   : fd_cmp_t2.obj (.text:__aeabi_cdrcmple)
                  00004104    0000007a                                   : memset_t2.obj (.text)
                  0000417e    00000002     --HOLE-- [fill = 0]
                  00004180    00000078     lib_PAE2.lib : Inicializacion.obj (.text)
                  000041f8    00000070     rtsv7M4_T_le_v4SPD16_eabi.lib : autoinit.obj (.text)
                  00004268    00000068                                   : copy_decompress_lzss.obj (.text:decompress:lzss)
                  000042d0    00000064                                   : s_frexp.obj (.text)
                  00004334    00000060                                   : sprintf.obj (.text)
                  00004394    00000054                                   : boot.obj (.text)
                  000043e8    00000054                                   : exit.obj (.text)
                  0000443c    00000054                                   : ltoa.obj (.text)
                  00004490    0000004c                                   : atoi.obj (.text)
                  000044dc    0000004c                                   : cpy_tbl.obj (.text)
                  00004528    00000048                                   : fd_toi_t2.obj (.text)
                  00004570    0000002e                                   : i_tofd_t2.obj (.text)
                  0000459e    0000001c                                   : memccpy.obj (.text)
                  000045ba    00000002     --HOLE-- [fill = 0]
                  000045bc    00000018                                   : args_main.obj (.text)
                  000045d4    00000016                                   : strchr.obj (.text)
                  000045ea    00000002     --HOLE-- [fill = 0]
                  000045ec    00000014                                   : _lock.obj (.text)
                  00004600    00000014                                   : s_copysign.obj (.text)
                  00004614    00000014                                   : strlen.obj (.text)
                  00004628    0000000e                                   : copy_decompress_none.obj (.text:decompress:none)
                  00004636    0000000e     startup_msp432p401r_ccs.obj (.text)
                  00004644    0000000c     rtsv7M4_T_le_v4SPD16_eabi.lib : copy_zero_init.obj (.text:decompress:ZI)
                  00004650    00000004                                   : pre_init.obj (.text)

.const     0    00004654    00000f9f     
                  00004654    0000082a     lib_PAE2.lib : graphics.obj (.const:font_11x16)
                  00004e7e    00000474                  : graphics.obj (.const:font_8x12)
                  000052f2    000001e0                  : graphics.obj (.const:font_5x7)
                  000054d2    00000101     rtsv7M4_T_le_v4SPD16_eabi.lib : ctype.obj (.const:.string:_ctypes_)
                  000055d3    00000010     lib_PAE2.lib : lcd.obj (.const:.string:$P$T0$1)
                  000055e3    00000010                  : lcd.obj (.const:.string:$P$T1$2)

.cinit     0    000055f8    00000070     
                  000055f8    00000046     (.cinit..data.load) [load image, compression = lzss]
                  0000563e    00000002     --HOLE-- [fill = 0]
                  00005640    0000000c     (__TI_handler_table)
                  0000564c    00000004     --HOLE-- [fill = 0]
                  00005650    00000008     (.cinit..bss.load) [load image, compression = zero_init]
                  00005658    00000010     (__TI_cinit_table)

.init_array 
*          0    00000000    00000000     UNINITIALIZED

.bss       0    20000000    00000410     UNINITIALIZED
                  20000000    00000400     lib_PAE2.lib : graphics.obj (.bss:g_pulConvertedPalette)
                  20000400    00000010     (.common:cadena)

.data      0    20000410    00000060     UNINITIALIZED
                  20000410    00000010     Practica_02 PAE_Alumnes.obj (.data)
                  20000420    00000010     Practica_02 PAE_Alumnes.obj (.data:borrado)
                  20000430    00000010     Practica_02 PAE_Alumnes.obj (.data:saludo)
                  20000440    0000000c     rtsv7M4_T_le_v4SPD16_eabi.lib : exit.obj (.data:$O1$$)
                  2000044c    0000000a     lib_PAE2.lib : lcd.obj (.data)
                  20000456    00000002     --HOLE--
                  20000458    00000008     rtsv7M4_T_le_v4SPD16_eabi.lib : _lock.obj (.data:$O1$$)
                  20000460    00000004     lib_PAE2.lib : graphics.obj (.data)
                  20000464    00000004     rtsv7M4_T_le_v4SPD16_eabi.lib : errno.obj (.data)
                  20000468    00000004                                   : stkdepth_vars.obj (.data)
                  2000046c    00000004     system_msp432p401r.obj (.data)

.stack     0    2000fe00    00000200     UNINITIALIZED
                  2000fe00    00000200     --HOLE--

MODULE SUMMARY

       Module                        code    ro data   rw data
       ------                        ----    -------   -------
    .\
       Practica_02 PAE_Alumnes.obj   2228    0         128    
       system_msp432p401r.obj        812     0         8      
       startup_msp432p401r_ccs.obj   14      228       0      
    +--+-----------------------------+-------+---------+---------+
       Total:                        3054    228       136    
                                                              
    ../lib_PAE2.lib
       graphics.obj                  4172    3710      2056   
       lcd.obj                       2216    32        20     
       msp_LCD.obj                   392     0         0      
       Inicializacion.obj            120     0         0      
    +--+-----------------------------+-------+---------+---------+
       Total:                        6900    3742      2076   
                                                              
    C:\ti\ccsv7\tools\compiler\ti-cgt-arm_16.9.3.LTS\lib\rtsv7M4_T_le_v4SPD16_eabi.lib
       _printfi.obj                  4414    0         0      
       ull_div_t2.obj                500     0         0      
       fd_add_t2.obj                 438     0         0      
       fd_div_t2.obj                 310     0         0      
       fd_cmp_t2.obj                 268     0         0      
       ctype.obj                     0       257       0      
       fd_mul_t2.obj                 252     0         0      
       s_scalbn.obj                  252     0         0      
       memcpy_t2.obj                 156     0         0      
       memset_t2.obj                 122     0         0      
       autoinit.obj                  112     0         0      
       exit.obj                      84      0         24     
       copy_decompress_lzss.obj      104     0         0      
       s_frexp.obj                   100     0         0      
       sprintf.obj                   96      0         0      
       boot.obj                      84      0         0      
       ltoa.obj                      84      0         0      
       atoi.obj                      76      0         0      
       cpy_tbl.obj                   76      0         0      
       fd_toi_t2.obj                 72      0         0      
       i_tofd_t2.obj                 46      0         0      
       _lock.obj                     20      0         16     
       memccpy.obj                   28      0         0      
       args_main.obj                 24      0         0      
       strchr.obj                    22      0         0      
       s_copysign.obj                20      0         0      
       strlen.obj                    20      0         0      
       copy_decompress_none.obj      14      0         0      
       copy_zero_init.obj            12      0         0      
       errno.obj                     0       0         8      
       stkdepth_vars.obj             0       0         8      
       pre_init.obj                  4       0         0      
       mpu_init.obj                  2       0         0      
       startup.obj                   2       0         0      
    +--+-----------------------------+-------+---------+---------+
       Total:                        7814    257       56     
                                                              
       Stack:                        0       0         1024   
       Linker Generated:             0       106       0      
    +--+-----------------------------+-------+---------+---------+
       Grand Total:                  17768   4333      3292   


LINKER GENERATED COPY TABLES

__TI_cinit_table @ 00005658 records: 2, size/record: 8, table size: 16
	.data: load addr=000055f8, load size=00000046 bytes, run addr=20000410, run size=00000060 bytes, compression=lzss
	.bss: load addr=00005650, load size=00000008 bytes, run addr=20000000, run size=00000410 bytes, compression=zero_init


LINKER GENERATED HANDLER TABLE

__TI_handler_table @ 00005640 records: 3, size/record: 4, table size: 12
	index: 0, handler: __TI_decompress_lzss
	index: 1, handler: __TI_decompress_none
	index: 2, handler: __TI_zero_init


GLOBAL SYMBOLS: SORTED ALPHABETICALLY BY Name 

address   name                           
-------   ----                           
00004643  ADC14_IRQHandler               
00004643  AES256_IRQHandler              
00004643  BusFault_Handler               
000043e9  C$$EXIT                        
00004643  COMP_E0_IRQHandler             
00004643  COMP_E1_IRQHandler             
00004643  CS_IRQHandler                  
2000044e  Color_Fondo                    
20000452  Color_Fondo_Inv                
20000450  Color_Texto                    
20000454  Color_Texto_Inv                
00004643  DMA_ERR_IRQHandler             
00004643  DMA_INT0_IRQHandler            
00004643  DMA_INT1_IRQHandler            
00004643  DMA_INT2_IRQHandler            
00004643  DMA_INT3_IRQHandler            
00004643  DebugMon_Handler               
00004643  Default_Handler                
00004643  EUSCIA0_IRQHandler             
00004643  EUSCIA1_IRQHandler             
00004643  EUSCIA2_IRQHandler             
00004643  EUSCIA3_IRQHandler             
00004643  EUSCIB0_IRQHandler             
00004643  EUSCIB1_IRQHandler             
00004643  EUSCIB2_IRQHandler             
00004643  EUSCIB3_IRQHandler             
00004643  FLCTL_IRQHandler               
00004643  FPU_IRQHandler                 
2000044d  Fuente                         
00004643  HardFault_Handler              
00004643  MemManage_Handler              
00004643  NMI_Handler                    
00004643  PCM_IRQHandler                 
00004643  PORT1_IRQHandler               
00004643  PORT2_IRQHandler               
00002959  PORT3_IRQHandler               
00002959  PORT3_IRQHandler               
00002997  PORT4_IRQHandler               
00002997  PORT4_IRQHandler               
000029f5  PORT5_IRQHandler               
000029f5  PORT5_IRQHandler               
00004643  PORT6_IRQHandler               
00004643  PSS_IRQHandler                 
00004643  PendSV_Handler                 
00004643  RTC_C_IRQHandler               
00004637  Reset_Handler                  
UNDEFED   SHT$$INIT_ARRAY$$Base          
UNDEFED   SHT$$INIT_ARRAY$$Limit         
00004643  SVC_Handler                    
00004643  SysTick_Handler                
2000046c  SystemCoreClock                
000033cd  SystemCoreClockUpdate          
00003641  SystemInit                     
00004643  T32_INT1_IRQHandler            
00004643  T32_INT2_IRQHandler            
00004643  T32_INTC_IRQHandler            
00002a51  TA0_0_IRQHandler               
00002a51  TA0_0_IRQHandler               
00004643  TA0_N_IRQHandler               
00002a79  TA1_0_IRQHandler               
00002a79  TA1_0_IRQHandler               
00004643  TA1_N_IRQHandler               
00004643  TA2_0_IRQHandler               
00004643  TA2_N_IRQHandler               
00004643  TA3_0_IRQHandler               
00004643  TA3_N_IRQHandler               
00004643  UsageFault_Handler             
4000480c  WDTCTL_SYM                     
00004643  WDT_A_IRQHandler               
20010000  __STACK_END                    
00000200  __STACK_SIZE                   
00005658  __TI_CINIT_Base                
00005668  __TI_CINIT_Limit               
00005640  __TI_Handler_Table_Base        
0000564c  __TI_Handler_Table_Limit       
000041f9  __TI_auto_init                 
20000440  __TI_cleanup_ptr               
00004269  __TI_decompress_lzss           
00004629  __TI_decompress_none           
20000444  __TI_dtors_ptr                 
20000448  __TI_enable_exit_profile_output
ffffffff  __TI_pprof_out_hndl            
00000929  __TI_printfi                   
ffffffff  __TI_prof_data_size            
ffffffff  __TI_prof_data_start           
00000000  __TI_static_base__             
00004645  __TI_zero_init                 
00003ff9  __aeabi_cdcmpeq                
00003ff9  __aeabi_cdcmple                
0000407f  __aeabi_cdrcmple               
00004529  __aeabi_d2iz                   
000038f7  __aeabi_dadd                   
00003c2d  __aeabi_ddiv                   
00003d63  __aeabi_dmul                   
000038ed  __aeabi_dsub                   
00004571  __aeabi_i2d                    
00004105  __aeabi_memclr                 
00004105  __aeabi_memclr4                
00004105  __aeabi_memclr8                
00003f5d  __aeabi_memcpy                 
00003f5d  __aeabi_memcpy4                
00003f5d  __aeabi_memcpy8                
00004107  __aeabi_memset                 
00004107  __aeabi_memset4                
00004107  __aeabi_memset8                
000036f9  __aeabi_uldivmod               
ffffffff  __binit__                      
ffffffff  __c_args__                     
00001223  __mpu_init                     
2000fe00  __stack                        
000045bd  _args_main                     
00004395  _c_int00                       
000054d2  _ctypes_                       
20000458  _lock                          
000045fb  _nop                           
2000044c  _orientation                   
000045f3  _register_lock                 
000045ed  _register_unlock               
00003aa3  _system_post_cinit             
00004651  _system_pre_init               
2000045c  _unlock                        
00002659  abaixar_alarma                 
000025fd  abaixar_hora                   
000043ed  abort                          
00002621  apujar_alarma                  
000025d5  apujar_hora                    
00004491  atoi                           
20000463  bgColorHighByte                
20000462  bgColorLowByte                 
ffffffff  binit                          
20000420  borrado                        
00002349  borrar                         
20000400  cadena                         
00002f55  cambiar_orientacion            
00001261  clearScreen                    
000012ef  clearScreenBkg                 
20000461  colorHighByte                  
20000460  colorLowByte                   
00002699  comprova_alarma                
20000416  comptador                      
000024bf  config_P7_LEDS                 
000044dd  copy_in                        
00004601  copysign                       
00004601  copysignl                      
00003bc9  delay                          
00002491  delay_t                        
00001661  drawCharLg                     
00001709  drawCharLgBkg                  
000017ed  drawCharMd                     
0000189b  drawCharMdBkg                  
000014e1  drawCharSm                     
00001587  drawCharSmBkg                  
00001edb  drawCircle                     
000019fd  drawImage                      
00001a15  drawImageLut                   
00001b23  drawImageMono                  
00001c81  drawLine                       
00001b41  drawLogicLine                  
00001377  drawPixel                      
00001e77  drawRect                       
000013a7  drawString                     
20000464  errno                          
0000235d  escribir                       
20000411  estado                         
20000412  estado_anterior                
000043f5  exit                           
000020f9  fillCircle                     
0000205b  fillRect                       
00004654  font_11x16                     
000052f2  font_5x7                       
00004e7e  font_8x12                      
000042d1  frexp                          
000042d1  frexpl                         
00002bcf  getAltura                      
00002b7d  getColumna                     
00002b2b  getLinea                       
00002b25  getOrientacion                 
00002c2b  getScreenHeight                
00002c15  getScreenWidth                 
000030e5  halLcdClearLine                
00002f83  halLcdClearScreen              
00002fa7  halLcdClearScreenBkg           
00003259  halLcdDrawCircle               
00003361  halLcdDrawImageLut             
000031ad  halLcdDrawLine                 
0000315b  halLcdDrawPixel                
00003201  halLcdDrawRect                 
00003305  halLcdFillCircle               
000032a9  halLcdFillRect                 
00002f77  halLcdInit                     
00002fc7  halLcdPrintLine                
00003047  halLcdPrintLineCol             
2000041b  hora                           
2000041d  hora_a                         
00002da1  initLCD                        
0000233d  init_LCD                       
00002373  init_botons                    
000022d5  init_interrupciones            
00003aa5  init_spi_lcd_tactil            
00002271  init_timer                     
000022ab  init_timer_clock               
00004181  init_ucs_16MHz                 
000041b9  init_ucs_24MHz                 
00000000  interruptVectors               
00003e61  ldexp                          
00003e61  ldexpl                         
0000253f  ledsprogressius2F              
00002557  ledsprogressius2S              
000024d3  ledsprogressiusL2R             
00002509  ledsprogressiusR2L             
20000410  linea                          
0000443d  ltoa                           
00002735  main                           
20000468  main_func_sp                   
0000459f  memccpy                        
00003f5d  memcpy                         
0000410d  memset                         
2000041a  min                            
2000041c  min_a                          
2000041f  modificar_alarma               
2000041e  modificar_hora                 
0000256b  print_time                     
20000414  retraso                        
20000430  saludo                         
00003e61  scalbn                         
00003e61  scalbnl                        
20000419  seg                            
20000418  segons_anterior                
00002c41  setArea                        
00001243  setBackgroundColor             
00001225  setColor                       
00002ee7  setOrientation                 
00004335  sprintf                        
000045d5  strchr                         
00004615  strlen                         
00003ba3  writeCommand                   
00003b7d  writeData                      


GLOBAL SYMBOLS: SORTED BY Symbol Address 

address   name                           
-------   ----                           
00000000  __TI_static_base__             
00000000  interruptVectors               
00000200  __STACK_SIZE                   
00000929  __TI_printfi                   
00001223  __mpu_init                     
00001225  setColor                       
00001243  setBackgroundColor             
00001261  clearScreen                    
000012ef  clearScreenBkg                 
00001377  drawPixel                      
000013a7  drawString                     
000014e1  drawCharSm                     
00001587  drawCharSmBkg                  
00001661  drawCharLg                     
00001709  drawCharLgBkg                  
000017ed  drawCharMd                     
0000189b  drawCharMdBkg                  
000019fd  drawImage                      
00001a15  drawImageLut                   
00001b23  drawImageMono                  
00001b41  drawLogicLine                  
00001c81  drawLine                       
00001e77  drawRect                       
00001edb  drawCircle                     
0000205b  fillRect                       
000020f9  fillCircle                     
00002271  init_timer                     
000022ab  init_timer_clock               
000022d5  init_interrupciones            
0000233d  init_LCD                       
00002349  borrar                         
0000235d  escribir                       
00002373  init_botons                    
00002491  delay_t                        
000024bf  config_P7_LEDS                 
000024d3  ledsprogressiusL2R             
00002509  ledsprogressiusR2L             
0000253f  ledsprogressius2F              
00002557  ledsprogressius2S              
0000256b  print_time                     
000025d5  apujar_hora                    
000025fd  abaixar_hora                   
00002621  apujar_alarma                  
00002659  abaixar_alarma                 
00002699  comprova_alarma                
00002735  main                           
00002959  PORT3_IRQHandler               
00002959  PORT3_IRQHandler               
00002997  PORT4_IRQHandler               
00002997  PORT4_IRQHandler               
000029f5  PORT5_IRQHandler               
000029f5  PORT5_IRQHandler               
00002a51  TA0_0_IRQHandler               
00002a51  TA0_0_IRQHandler               
00002a79  TA1_0_IRQHandler               
00002a79  TA1_0_IRQHandler               
00002b25  getOrientacion                 
00002b2b  getLinea                       
00002b7d  getColumna                     
00002bcf  getAltura                      
00002c15  getScreenWidth                 
00002c2b  getScreenHeight                
00002c41  setArea                        
00002da1  initLCD                        
00002ee7  setOrientation                 
00002f55  cambiar_orientacion            
00002f77  halLcdInit                     
00002f83  halLcdClearScreen              
00002fa7  halLcdClearScreenBkg           
00002fc7  halLcdPrintLine                
00003047  halLcdPrintLineCol             
000030e5  halLcdClearLine                
0000315b  halLcdDrawPixel                
000031ad  halLcdDrawLine                 
00003201  halLcdDrawRect                 
00003259  halLcdDrawCircle               
000032a9  halLcdFillRect                 
00003305  halLcdFillCircle               
00003361  halLcdDrawImageLut             
000033cd  SystemCoreClockUpdate          
00003641  SystemInit                     
000036f9  __aeabi_uldivmod               
000038ed  __aeabi_dsub                   
000038f7  __aeabi_dadd                   
00003aa3  _system_post_cinit             
00003aa5  init_spi_lcd_tactil            
00003b7d  writeData                      
00003ba3  writeCommand                   
00003bc9  delay                          
00003c2d  __aeabi_ddiv                   
00003d63  __aeabi_dmul                   
00003e61  ldexp                          
00003e61  ldexpl                         
00003e61  scalbn                         
00003e61  scalbnl                        
00003f5d  __aeabi_memcpy                 
00003f5d  __aeabi_memcpy4                
00003f5d  __aeabi_memcpy8                
00003f5d  memcpy                         
00003ff9  __aeabi_cdcmpeq                
00003ff9  __aeabi_cdcmple                
0000407f  __aeabi_cdrcmple               
00004105  __aeabi_memclr                 
00004105  __aeabi_memclr4                
00004105  __aeabi_memclr8                
00004107  __aeabi_memset                 
00004107  __aeabi_memset4                
00004107  __aeabi_memset8                
0000410d  memset                         
00004181  init_ucs_16MHz                 
000041b9  init_ucs_24MHz                 
000041f9  __TI_auto_init                 
00004269  __TI_decompress_lzss           
000042d1  frexp                          
000042d1  frexpl                         
00004335  sprintf                        
00004395  _c_int00                       
000043e9  C$$EXIT                        
000043ed  abort                          
000043f5  exit                           
0000443d  ltoa                           
00004491  atoi                           
000044dd  copy_in                        
00004529  __aeabi_d2iz                   
00004571  __aeabi_i2d                    
0000459f  memccpy                        
000045bd  _args_main                     
000045d5  strchr                         
000045ed  _register_unlock               
000045f3  _register_lock                 
000045fb  _nop                           
00004601  copysign                       
00004601  copysignl                      
00004615  strlen                         
00004629  __TI_decompress_none           
00004637  Reset_Handler                  
00004643  ADC14_IRQHandler               
00004643  AES256_IRQHandler              
00004643  BusFault_Handler               
00004643  COMP_E0_IRQHandler             
00004643  COMP_E1_IRQHandler             
00004643  CS_IRQHandler                  
00004643  DMA_ERR_IRQHandler             
00004643  DMA_INT0_IRQHandler            
00004643  DMA_INT1_IRQHandler            
00004643  DMA_INT2_IRQHandler            
00004643  DMA_INT3_IRQHandler            
00004643  DebugMon_Handler               
00004643  Default_Handler                
00004643  EUSCIA0_IRQHandler             
00004643  EUSCIA1_IRQHandler             
00004643  EUSCIA2_IRQHandler             
00004643  EUSCIA3_IRQHandler             
00004643  EUSCIB0_IRQHandler             
00004643  EUSCIB1_IRQHandler             
00004643  EUSCIB2_IRQHandler             
00004643  EUSCIB3_IRQHandler             
00004643  FLCTL_IRQHandler               
00004643  FPU_IRQHandler                 
00004643  HardFault_Handler              
00004643  MemManage_Handler              
00004643  NMI_Handler                    
00004643  PCM_IRQHandler                 
00004643  PORT1_IRQHandler               
00004643  PORT2_IRQHandler               
00004643  PORT6_IRQHandler               
00004643  PSS_IRQHandler                 
00004643  PendSV_Handler                 
00004643  RTC_C_IRQHandler               
00004643  SVC_Handler                    
00004643  SysTick_Handler                
00004643  T32_INT1_IRQHandler            
00004643  T32_INT2_IRQHandler            
00004643  T32_INTC_IRQHandler            
00004643  TA0_N_IRQHandler               
00004643  TA1_N_IRQHandler               
00004643  TA2_0_IRQHandler               
00004643  TA2_N_IRQHandler               
00004643  TA3_0_IRQHandler               
00004643  TA3_N_IRQHandler               
00004643  UsageFault_Handler             
00004643  WDT_A_IRQHandler               
00004645  __TI_zero_init                 
00004651  _system_pre_init               
00004654  font_11x16                     
00004e7e  font_8x12                      
000052f2  font_5x7                       
000054d2  _ctypes_                       
00005640  __TI_Handler_Table_Base        
0000564c  __TI_Handler_Table_Limit       
00005658  __TI_CINIT_Base                
00005668  __TI_CINIT_Limit               
20000400  cadena                         
20000410  linea                          
20000411  estado                         
20000412  estado_anterior                
20000414  retraso                        
20000416  comptador                      
20000418  segons_anterior                
20000419  seg                            
2000041a  min                            
2000041b  hora                           
2000041c  min_a                          
2000041d  hora_a                         
2000041e  modificar_hora                 
2000041f  modificar_alarma               
20000420  borrado                        
20000430  saludo                         
20000440  __TI_cleanup_ptr               
20000444  __TI_dtors_ptr                 
20000448  __TI_enable_exit_profile_output
2000044c  _orientation                   
2000044d  Fuente                         
2000044e  Color_Fondo                    
20000450  Color_Texto                    
20000452  Color_Fondo_Inv                
20000454  Color_Texto_Inv                
20000458  _lock                          
2000045c  _unlock                        
20000460  colorLowByte                   
20000461  colorHighByte                  
20000462  bgColorLowByte                 
20000463  bgColorHighByte                
20000464  errno                          
20000468  main_func_sp                   
2000046c  SystemCoreClock                
2000fe00  __stack                        
20010000  __STACK_END                    
4000480c  WDTCTL_SYM                     
ffffffff  __TI_pprof_out_hndl            
ffffffff  __TI_prof_data_size            
ffffffff  __TI_prof_data_start           
ffffffff  __binit__                      
ffffffff  __c_args__                     
ffffffff  binit                          
UNDEFED   SHT$$INIT_ARRAY$$Base          
UNDEFED   SHT$$INIT_ARRAY$$Limit         

[237 symbols]
