<?xml version="1.0"?>
<link_info>
   <banner>TI ARM Linker Unix v16.9.6.LTS</banner>
   <copyright>Copyright (c) 1996-2017 Texas Instruments Incorporated</copyright>
   <link_time>0x5b06a9ba</link_time>
   <link_errors>0x0</link_errors>
   <output_file>PF_EduardMartin_JoanPeracaula.out</output_file>
   <entry_point>
      <name>_c_int00</name>
      <address>0x4cf9</address>
   </entry_point>
   <input_file_list>
      <input_file id="fl-2">
         <path>./</path>
         <kind>object</kind>
         <file>logoUB_256.obj</file>
         <name>logoUB_256.obj</name>
      </input_file>
      <input_file id="fl-3">
         <path>./</path>
         <kind>object</kind>
         <file>main.obj</file>
         <name>main.obj</name>
      </input_file>
      <input_file id="fl-4">
         <path>./</path>
         <kind>object</kind>
         <file>startup_msp432p401r_ccs.obj</file>
         <name>startup_msp432p401r_ccs.obj</name>
      </input_file>
      <input_file id="fl-5">
         <path>./</path>
         <kind>object</kind>
         <file>system_msp432p401r.obj</file>
         <name>system_msp432p401r.obj</name>
      </input_file>
      <input_file id="fl-a">
         <kind>object</kind>
         <file>&lt;internal&gt;</file>
         <name>&lt;internal&gt;</name>
      </input_file>
      <input_file id="fl-b">
         <path>../</path>
         <kind>archive</kind>
         <file>lib_PAE2.lib</file>
         <name>Inicializacion.obj</name>
      </input_file>
      <input_file id="fl-c">
         <path>../</path>
         <kind>archive</kind>
         <file>lib_PAE2.lib</file>
         <name>lcd.obj</name>
      </input_file>
      <input_file id="fl-d">
         <path>../</path>
         <kind>archive</kind>
         <file>lib_PAE2.lib</file>
         <name>msp_LCD.obj</name>
      </input_file>
      <input_file id="fl-e">
         <path>../</path>
         <kind>archive</kind>
         <file>lib_PAE2.lib</file>
         <name>graphics.obj</name>
      </input_file>
      <input_file id="fl-c4">
         <path>/home/eduard/ti/ccsv7/tools/compiler/ti-cgt-arm_16.9.6.LTS/lib/</path>
         <kind>archive</kind>
         <file>rtsv7M4_T_le_v4SPD16_eabi.lib</file>
         <name>boot.obj</name>
      </input_file>
      <input_file id="fl-c5">
         <path>/home/eduard/ti/ccsv7/tools/compiler/ti-cgt-arm_16.9.6.LTS/lib/</path>
         <kind>archive</kind>
         <file>rtsv7M4_T_le_v4SPD16_eabi.lib</file>
         <name>copy_decompress_lzss.obj</name>
      </input_file>
      <input_file id="fl-c6">
         <path>/home/eduard/ti/ccsv7/tools/compiler/ti-cgt-arm_16.9.6.LTS/lib/</path>
         <kind>archive</kind>
         <file>rtsv7M4_T_le_v4SPD16_eabi.lib</file>
         <name>copy_decompress_none.obj</name>
      </input_file>
      <input_file id="fl-c7">
         <path>/home/eduard/ti/ccsv7/tools/compiler/ti-cgt-arm_16.9.6.LTS/lib/</path>
         <kind>archive</kind>
         <file>rtsv7M4_T_le_v4SPD16_eabi.lib</file>
         <name>copy_zero_init.obj</name>
      </input_file>
      <input_file id="fl-c8">
         <path>/home/eduard/ti/ccsv7/tools/compiler/ti-cgt-arm_16.9.6.LTS/lib/</path>
         <kind>archive</kind>
         <file>rtsv7M4_T_le_v4SPD16_eabi.lib</file>
         <name>exit.obj</name>
      </input_file>
      <input_file id="fl-c9">
         <path>/home/eduard/ti/ccsv7/tools/compiler/ti-cgt-arm_16.9.6.LTS/lib/</path>
         <kind>archive</kind>
         <file>rtsv7M4_T_le_v4SPD16_eabi.lib</file>
         <name>memcpy_t2.obj</name>
      </input_file>
      <input_file id="fl-ca">
         <path>/home/eduard/ti/ccsv7/tools/compiler/ti-cgt-arm_16.9.6.LTS/lib/</path>
         <kind>archive</kind>
         <file>rtsv7M4_T_le_v4SPD16_eabi.lib</file>
         <name>memset_t2.obj</name>
      </input_file>
      <input_file id="fl-cb">
         <path>/home/eduard/ti/ccsv7/tools/compiler/ti-cgt-arm_16.9.6.LTS/lib/</path>
         <kind>archive</kind>
         <file>rtsv7M4_T_le_v4SPD16_eabi.lib</file>
         <name>mpu_init.obj</name>
      </input_file>
      <input_file id="fl-cc">
         <path>/home/eduard/ti/ccsv7/tools/compiler/ti-cgt-arm_16.9.6.LTS/lib/</path>
         <kind>archive</kind>
         <file>rtsv7M4_T_le_v4SPD16_eabi.lib</file>
         <name>pre_init.obj</name>
      </input_file>
      <input_file id="fl-cd">
         <path>/home/eduard/ti/ccsv7/tools/compiler/ti-cgt-arm_16.9.6.LTS/lib/</path>
         <kind>archive</kind>
         <file>rtsv7M4_T_le_v4SPD16_eabi.lib</file>
         <name>sprintf.obj</name>
      </input_file>
      <input_file id="fl-ce">
         <path>/home/eduard/ti/ccsv7/tools/compiler/ti-cgt-arm_16.9.6.LTS/lib/</path>
         <kind>archive</kind>
         <file>rtsv7M4_T_le_v4SPD16_eabi.lib</file>
         <name>stkdepth_vars.obj</name>
      </input_file>
      <input_file id="fl-cf">
         <path>/home/eduard/ti/ccsv7/tools/compiler/ti-cgt-arm_16.9.6.LTS/lib/</path>
         <kind>archive</kind>
         <file>rtsv7M4_T_le_v4SPD16_eabi.lib</file>
         <name>_lock.obj</name>
      </input_file>
      <input_file id="fl-d0">
         <path>/home/eduard/ti/ccsv7/tools/compiler/ti-cgt-arm_16.9.6.LTS/lib/</path>
         <kind>archive</kind>
         <file>rtsv7M4_T_le_v4SPD16_eabi.lib</file>
         <name>_printfi.obj</name>
      </input_file>
      <input_file id="fl-d1">
         <path>/home/eduard/ti/ccsv7/tools/compiler/ti-cgt-arm_16.9.6.LTS/lib/</path>
         <kind>archive</kind>
         <file>rtsv7M4_T_le_v4SPD16_eabi.lib</file>
         <name>args_main.obj</name>
      </input_file>
      <input_file id="fl-d2">
         <path>/home/eduard/ti/ccsv7/tools/compiler/ti-cgt-arm_16.9.6.LTS/lib/</path>
         <kind>archive</kind>
         <file>rtsv7M4_T_le_v4SPD16_eabi.lib</file>
         <name>atoi.obj</name>
      </input_file>
      <input_file id="fl-d3">
         <path>/home/eduard/ti/ccsv7/tools/compiler/ti-cgt-arm_16.9.6.LTS/lib/</path>
         <kind>archive</kind>
         <file>rtsv7M4_T_le_v4SPD16_eabi.lib</file>
         <name>autoinit.obj</name>
      </input_file>
      <input_file id="fl-d4">
         <path>/home/eduard/ti/ccsv7/tools/compiler/ti-cgt-arm_16.9.6.LTS/lib/</path>
         <kind>archive</kind>
         <file>rtsv7M4_T_le_v4SPD16_eabi.lib</file>
         <name>cpy_tbl.obj</name>
      </input_file>
      <input_file id="fl-d5">
         <path>/home/eduard/ti/ccsv7/tools/compiler/ti-cgt-arm_16.9.6.LTS/lib/</path>
         <kind>archive</kind>
         <file>rtsv7M4_T_le_v4SPD16_eabi.lib</file>
         <name>ctype.obj</name>
      </input_file>
      <input_file id="fl-d6">
         <path>/home/eduard/ti/ccsv7/tools/compiler/ti-cgt-arm_16.9.6.LTS/lib/</path>
         <kind>archive</kind>
         <file>rtsv7M4_T_le_v4SPD16_eabi.lib</file>
         <name>fd_add_t2.obj</name>
      </input_file>
      <input_file id="fl-d7">
         <path>/home/eduard/ti/ccsv7/tools/compiler/ti-cgt-arm_16.9.6.LTS/lib/</path>
         <kind>archive</kind>
         <file>rtsv7M4_T_le_v4SPD16_eabi.lib</file>
         <name>fd_cmp_t2.obj</name>
      </input_file>
      <input_file id="fl-d8">
         <path>/home/eduard/ti/ccsv7/tools/compiler/ti-cgt-arm_16.9.6.LTS/lib/</path>
         <kind>archive</kind>
         <file>rtsv7M4_T_le_v4SPD16_eabi.lib</file>
         <name>fd_div_t2.obj</name>
      </input_file>
      <input_file id="fl-d9">
         <path>/home/eduard/ti/ccsv7/tools/compiler/ti-cgt-arm_16.9.6.LTS/lib/</path>
         <kind>archive</kind>
         <file>rtsv7M4_T_le_v4SPD16_eabi.lib</file>
         <name>fd_mul_t2.obj</name>
      </input_file>
      <input_file id="fl-da">
         <path>/home/eduard/ti/ccsv7/tools/compiler/ti-cgt-arm_16.9.6.LTS/lib/</path>
         <kind>archive</kind>
         <file>rtsv7M4_T_le_v4SPD16_eabi.lib</file>
         <name>fd_toi_t2.obj</name>
      </input_file>
      <input_file id="fl-db">
         <path>/home/eduard/ti/ccsv7/tools/compiler/ti-cgt-arm_16.9.6.LTS/lib/</path>
         <kind>archive</kind>
         <file>rtsv7M4_T_le_v4SPD16_eabi.lib</file>
         <name>i_tofd_t2.obj</name>
      </input_file>
      <input_file id="fl-dc">
         <path>/home/eduard/ti/ccsv7/tools/compiler/ti-cgt-arm_16.9.6.LTS/lib/</path>
         <kind>archive</kind>
         <file>rtsv7M4_T_le_v4SPD16_eabi.lib</file>
         <name>ltoa.obj</name>
      </input_file>
      <input_file id="fl-dd">
         <path>/home/eduard/ti/ccsv7/tools/compiler/ti-cgt-arm_16.9.6.LTS/lib/</path>
         <kind>archive</kind>
         <file>rtsv7M4_T_le_v4SPD16_eabi.lib</file>
         <name>memccpy.obj</name>
      </input_file>
      <input_file id="fl-de">
         <path>/home/eduard/ti/ccsv7/tools/compiler/ti-cgt-arm_16.9.6.LTS/lib/</path>
         <kind>archive</kind>
         <file>rtsv7M4_T_le_v4SPD16_eabi.lib</file>
         <name>s_frexp.obj</name>
      </input_file>
      <input_file id="fl-df">
         <path>/home/eduard/ti/ccsv7/tools/compiler/ti-cgt-arm_16.9.6.LTS/lib/</path>
         <kind>archive</kind>
         <file>rtsv7M4_T_le_v4SPD16_eabi.lib</file>
         <name>s_scalbn.obj</name>
      </input_file>
      <input_file id="fl-e0">
         <path>/home/eduard/ti/ccsv7/tools/compiler/ti-cgt-arm_16.9.6.LTS/lib/</path>
         <kind>archive</kind>
         <file>rtsv7M4_T_le_v4SPD16_eabi.lib</file>
         <name>startup.obj</name>
      </input_file>
      <input_file id="fl-e1">
         <path>/home/eduard/ti/ccsv7/tools/compiler/ti-cgt-arm_16.9.6.LTS/lib/</path>
         <kind>archive</kind>
         <file>rtsv7M4_T_le_v4SPD16_eabi.lib</file>
         <name>strchr.obj</name>
      </input_file>
      <input_file id="fl-e2">
         <path>/home/eduard/ti/ccsv7/tools/compiler/ti-cgt-arm_16.9.6.LTS/lib/</path>
         <kind>archive</kind>
         <file>rtsv7M4_T_le_v4SPD16_eabi.lib</file>
         <name>strlen.obj</name>
      </input_file>
      <input_file id="fl-e3">
         <path>/home/eduard/ti/ccsv7/tools/compiler/ti-cgt-arm_16.9.6.LTS/lib/</path>
         <kind>archive</kind>
         <file>rtsv7M4_T_le_v4SPD16_eabi.lib</file>
         <name>ull_div_t2.obj</name>
      </input_file>
      <input_file id="fl-e4">
         <path>/home/eduard/ti/ccsv7/tools/compiler/ti-cgt-arm_16.9.6.LTS/lib/</path>
         <kind>archive</kind>
         <file>rtsv7M4_T_le_v4SPD16_eabi.lib</file>
         <name>errno.obj</name>
      </input_file>
      <input_file id="fl-e5">
         <path>/home/eduard/ti/ccsv7/tools/compiler/ti-cgt-arm_16.9.6.LTS/lib/</path>
         <kind>archive</kind>
         <file>rtsv7M4_T_le_v4SPD16_eabi.lib</file>
         <name>s_copysign.obj</name>
      </input_file>
   </input_file_list>
   <object_component_list>
      <object_component id="oc-2c">
         <name>.intvecs:retain</name>
         <load_address>0x0</load_address>
         <run_address>0x0</run_address>
         <size>0xe4</size>
         <input_file_ref idref="fl-4"/>
      </object_component>
      <object_component id="oc-7b">
         <name>.text</name>
         <load_address>0xe4</load_address>
         <run_address>0xe4</run_address>
         <size>0x1218</size>
         <input_file_ref idref="fl-3"/>
      </object_component>
      <object_component id="oc-12f">
         <name>.text</name>
         <load_address>0x12fc</load_address>
         <run_address>0x12fc</run_address>
         <size>0x113e</size>
         <input_file_ref idref="fl-d0"/>
      </object_component>
      <object_component id="oc-53">
         <name>.text</name>
         <load_address>0x243a</load_address>
         <run_address>0x243a</run_address>
         <size>0x2</size>
         <input_file_ref idref="fl-cb"/>
      </object_component>
      <object_component id="oc-121">
         <name>.text</name>
         <load_address>0x243c</load_address>
         <run_address>0x243c</run_address>
         <size>0x104c</size>
         <input_file_ref idref="fl-e"/>
      </object_component>
      <object_component id="oc-c1">
         <name>.text</name>
         <load_address>0x3488</load_address>
         <run_address>0x3488</run_address>
         <size>0x8a8</size>
         <input_file_ref idref="fl-c"/>
      </object_component>
      <object_component id="oc-b7">
         <name>.text</name>
         <load_address>0x3d30</load_address>
         <run_address>0x3d30</run_address>
         <size>0x32c</size>
         <input_file_ref idref="fl-5"/>
      </object_component>
      <object_component id="oc-17d">
         <name>.text</name>
         <load_address>0x405c</load_address>
         <run_address>0x405c</run_address>
         <size>0x1f4</size>
         <input_file_ref idref="fl-e3"/>
      </object_component>
      <object_component id="oc-1ac">
         <name>.text</name>
         <load_address>0x4250</load_address>
         <run_address>0x4250</run_address>
         <size>0x1b6</size>
         <input_file_ref idref="fl-d6"/>
      </object_component>
      <object_component id="oc-a2">
         <name>.text</name>
         <load_address>0x4406</load_address>
         <run_address>0x4406</run_address>
         <size>0x2</size>
         <input_file_ref idref="fl-e0"/>
      </object_component>
      <object_component id="oc-118">
         <name>.text</name>
         <load_address>0x4408</load_address>
         <run_address>0x4408</run_address>
         <size>0x188</size>
         <input_file_ref idref="fl-d"/>
      </object_component>
      <object_component id="oc-192">
         <name>.text</name>
         <load_address>0x4590</load_address>
         <run_address>0x4590</run_address>
         <size>0x136</size>
         <input_file_ref idref="fl-d8"/>
      </object_component>
      <object_component id="oc-18d">
         <name>.text</name>
         <load_address>0x46c6</load_address>
         <run_address>0x46c6</run_address>
         <size>0xfc</size>
         <input_file_ref idref="fl-d9"/>
      </object_component>
      <object_component id="oc-1b7">
         <name>.text</name>
         <load_address>0x47c4</load_address>
         <run_address>0x47c4</run_address>
         <size>0xfc</size>
         <input_file_ref idref="fl-df"/>
      </object_component>
      <object_component id="oc-3b">
         <name>.text</name>
         <load_address>0x48c0</load_address>
         <run_address>0x48c0</run_address>
         <size>0x9c</size>
         <input_file_ref idref="fl-c9"/>
      </object_component>
      <object_component id="oc-188">
         <name>.text:__aeabi_cdcmple</name>
         <load_address>0x495c</load_address>
         <run_address>0x495c</run_address>
         <size>0x86</size>
         <input_file_ref idref="fl-d7"/>
      </object_component>
      <object_component id="oc-197">
         <name>.text:__aeabi_cdrcmple</name>
         <load_address>0x49e2</load_address>
         <run_address>0x49e2</run_address>
         <size>0x86</size>
         <input_file_ref idref="fl-d7"/>
      </object_component>
      <object_component id="oc-47">
         <name>.text</name>
         <load_address>0x4a68</load_address>
         <run_address>0x4a68</run_address>
         <size>0x7a</size>
         <input_file_ref idref="fl-ca"/>
      </object_component>
      <object_component id="oc-d6">
         <name>.text</name>
         <load_address>0x4ae4</load_address>
         <run_address>0x4ae4</run_address>
         <size>0x78</size>
         <input_file_ref idref="fl-b"/>
      </object_component>
      <object_component id="oc-5f">
         <name>.text</name>
         <load_address>0x4b5c</load_address>
         <run_address>0x4b5c</run_address>
         <size>0x70</size>
         <input_file_ref idref="fl-d3"/>
      </object_component>
      <object_component id="oc-14">
         <name>.text:decompress:lzss</name>
         <load_address>0x4bcc</load_address>
         <run_address>0x4bcc</run_address>
         <size>0x68</size>
         <input_file_ref idref="fl-c5"/>
      </object_component>
      <object_component id="oc-1b1">
         <name>.text</name>
         <load_address>0x4c34</load_address>
         <run_address>0x4c34</run_address>
         <size>0x64</size>
         <input_file_ref idref="fl-de"/>
      </object_component>
      <object_component id="oc-c7">
         <name>.text</name>
         <load_address>0x4c98</load_address>
         <run_address>0x4c98</run_address>
         <size>0x60</size>
         <input_file_ref idref="fl-cd"/>
      </object_component>
      <object_component id="oc-26">
         <name>.text</name>
         <load_address>0x4cf8</load_address>
         <run_address>0x4cf8</run_address>
         <size>0x54</size>
         <input_file_ref idref="fl-c4"/>
      </object_component>
      <object_component id="oc-6b">
         <name>.text</name>
         <load_address>0x4d4c</load_address>
         <run_address>0x4d4c</run_address>
         <size>0x54</size>
         <input_file_ref idref="fl-c8"/>
      </object_component>
      <object_component id="oc-1a1">
         <name>.text</name>
         <load_address>0x4da0</load_address>
         <run_address>0x4da0</run_address>
         <size>0x54</size>
         <input_file_ref idref="fl-dc"/>
      </object_component>
      <object_component id="oc-1c3">
         <name>.text</name>
         <load_address>0x4df4</load_address>
         <run_address>0x4df4</run_address>
         <size>0x4c</size>
         <input_file_ref idref="fl-d2"/>
      </object_component>
      <object_component id="oc-9c">
         <name>.text</name>
         <load_address>0x4e40</load_address>
         <run_address>0x4e40</run_address>
         <size>0x4c</size>
         <input_file_ref idref="fl-d4"/>
      </object_component>
      <object_component id="oc-19c">
         <name>.text</name>
         <load_address>0x4e8c</load_address>
         <run_address>0x4e8c</run_address>
         <size>0x48</size>
         <input_file_ref idref="fl-da"/>
      </object_component>
      <object_component id="oc-1a7">
         <name>.text</name>
         <load_address>0x4ed4</load_address>
         <run_address>0x4ed4</run_address>
         <size>0x2e</size>
         <input_file_ref idref="fl-db"/>
      </object_component>
      <object_component id="oc-1c9">
         <name>.text</name>
         <load_address>0x4f02</load_address>
         <run_address>0x4f02</run_address>
         <size>0x1c</size>
         <input_file_ref idref="fl-dd"/>
      </object_component>
      <object_component id="oc-65">
         <name>.text</name>
         <load_address>0x4f20</load_address>
         <run_address>0x4f20</run_address>
         <size>0x18</size>
         <input_file_ref idref="fl-d1"/>
      </object_component>
      <object_component id="oc-1bd">
         <name>.text</name>
         <load_address>0x4f38</load_address>
         <run_address>0x4f38</run_address>
         <size>0x16</size>
         <input_file_ref idref="fl-e1"/>
      </object_component>
      <object_component id="oc-106">
         <name>.text</name>
         <load_address>0x4f50</load_address>
         <run_address>0x4f50</run_address>
         <size>0x14</size>
         <input_file_ref idref="fl-cf"/>
      </object_component>
      <object_component id="oc-201">
         <name>.text</name>
         <load_address>0x4f64</load_address>
         <run_address>0x4f64</run_address>
         <size>0x14</size>
         <input_file_ref idref="fl-e5"/>
      </object_component>
      <object_component id="oc-182">
         <name>.text</name>
         <load_address>0x4f78</load_address>
         <run_address>0x4f78</run_address>
         <size>0x14</size>
         <input_file_ref idref="fl-e2"/>
      </object_component>
      <object_component id="oc-1a">
         <name>.text:decompress:none</name>
         <load_address>0x4f8c</load_address>
         <run_address>0x4f8c</run_address>
         <size>0xe</size>
         <input_file_ref idref="fl-c6"/>
      </object_component>
      <object_component id="oc-75">
         <name>.text</name>
         <load_address>0x4f9a</load_address>
         <run_address>0x4f9a</run_address>
         <size>0xe</size>
         <input_file_ref idref="fl-4"/>
      </object_component>
      <object_component id="oc-20">
         <name>.text:decompress:ZI</name>
         <load_address>0x4fa8</load_address>
         <run_address>0x4fa8</run_address>
         <size>0xc</size>
         <input_file_ref idref="fl-c7"/>
      </object_component>
      <object_component id="oc-59">
         <name>.text</name>
         <load_address>0x4fb4</load_address>
         <run_address>0x4fb4</run_address>
         <size>0x4</size>
         <input_file_ref idref="fl-cc"/>
      </object_component>
      <object_component id="oc-167">
         <name>.const:font_11x16</name>
         <load_address>0x4fb8</load_address>
         <run_address>0x4fb8</run_address>
         <size>0x82a</size>
         <input_file_ref idref="fl-e"/>
      </object_component>
      <object_component id="oc-16a">
         <name>.const:font_8x12</name>
         <load_address>0x57e2</load_address>
         <run_address>0x57e2</run_address>
         <size>0x474</size>
         <input_file_ref idref="fl-e"/>
      </object_component>
      <object_component id="oc-164">
         <name>.const:font_5x7</name>
         <load_address>0x5c56</load_address>
         <run_address>0x5c56</run_address>
         <size>0x1e0</size>
         <input_file_ref idref="fl-e"/>
      </object_component>
      <object_component id="oc-20e">
         <name>.const:.string:_ctypes_</name>
         <load_address>0x5e36</load_address>
         <run_address>0x5e36</run_address>
         <size>0x101</size>
         <input_file_ref idref="fl-d5"/>
      </object_component>
      <object_component id="oc-127">
         <name>.const:.string:$P$T0$1</name>
         <load_address>0x5f37</load_address>
         <run_address>0x5f37</run_address>
         <size>0x10</size>
         <input_file_ref idref="fl-c"/>
      </object_component>
      <object_component id="oc-12a">
         <name>.const:.string:$P$T1$2</name>
         <load_address>0x5f47</load_address>
         <run_address>0x5f47</run_address>
         <size>0x10</size>
         <input_file_ref idref="fl-c"/>
      </object_component>
      <object_component id="oc-259">
         <name>.cinit..data.load</name>
         <load_address>0x5f58</load_address>
         <run_address>0x5f58</run_address>
         <size>0x50</size>
      </object_component>
      <object_component id="oc-257">
         <name>__TI_handler_table</name>
         <load_address>0x5fa8</load_address>
         <run_address>0x5fa8</run_address>
         <size>0xc</size>
      </object_component>
      <object_component id="oc-25a">
         <name>.cinit..bss.load</name>
         <load_address>0x5fb8</load_address>
         <run_address>0x5fb8</run_address>
         <size>0x8</size>
      </object_component>
      <object_component id="oc-258">
         <name>__TI_cinit_table</name>
         <load_address>0x5fc0</load_address>
         <run_address>0x5fc0</run_address>
         <size>0x10</size>
      </object_component>
      <object_component id="oc-234">
         <name>.binit</name>
         <load_address>0x0</load_address>
         <run_address>0x0</run_address>
         <size>0x0</size>
      </object_component>
      <object_component id="oc-dc">
         <name>.data:saludo</name>
         <load_address>0x2000043c</load_address>
         <run_address>0x2000043c</run_address>
         <size>0x10</size>
         <input_file_ref idref="fl-3"/>
      </object_component>
      <object_component id="oc-cd">
         <name>.data:borrado</name>
         <load_address>0x2000042c</load_address>
         <run_address>0x2000042c</run_address>
         <size>0x10</size>
         <input_file_ref idref="fl-3"/>
      </object_component>
      <object_component id="oc-be">
         <name>.data</name>
         <load_address>0x20000414</load_address>
         <run_address>0x20000414</run_address>
         <size>0x18</size>
         <input_file_ref idref="fl-3"/>
      </object_component>
      <object_component id="oc-112">
         <name>.data</name>
         <load_address>0x20000478</load_address>
         <run_address>0x20000478</run_address>
         <size>0x4</size>
         <input_file_ref idref="fl-5"/>
      </object_component>
      <object_component id="oc-11e">
         <name>.data</name>
         <load_address>0x20000458</load_address>
         <run_address>0x20000458</run_address>
         <size>0xa</size>
         <input_file_ref idref="fl-c"/>
      </object_component>
      <object_component id="oc-161">
         <name>.data</name>
         <load_address>0x2000046c</load_address>
         <run_address>0x2000046c</run_address>
         <size>0x4</size>
         <input_file_ref idref="fl-e"/>
      </object_component>
      <object_component id="oc-ac">
         <name>.data:$O1$$</name>
         <load_address>0x2000044c</load_address>
         <run_address>0x2000044c</run_address>
         <size>0xc</size>
         <input_file_ref idref="fl-c8"/>
      </object_component>
      <object_component id="oc-71">
         <name>.data</name>
         <load_address>0x20000474</load_address>
         <run_address>0x20000474</run_address>
         <size>0x4</size>
         <input_file_ref idref="fl-ce"/>
      </object_component>
      <object_component id="oc-af">
         <name>.data:$O1$$</name>
         <load_address>0x20000464</load_address>
         <run_address>0x20000464</run_address>
         <size>0x8</size>
         <input_file_ref idref="fl-cf"/>
      </object_component>
      <object_component id="oc-207">
         <name>.data</name>
         <load_address>0x20000470</load_address>
         <run_address>0x20000470</run_address>
         <size>0x4</size>
         <input_file_ref idref="fl-e4"/>
      </object_component>
      <object_component id="oc-16d">
         <name>.bss:g_pulConvertedPalette</name>
         <uninitialized>true</uninitialized>
         <run_address>0x20000000</run_address>
         <size>0x400</size>
         <input_file_ref idref="fl-e"/>
      </object_component>
      <object_component id="oc-d3">
         <name>.common:cadena</name>
         <uninitialized>true</uninitialized>
         <run_address>0x20000400</run_address>
         <size>0x10</size>
      </object_component>
      <object_component id="oc-d0">
         <name>.common:threshold_center</name>
         <uninitialized>true</uninitialized>
         <run_address>0x20000412</run_address>
         <size>0x1</size>
      </object_component>
      <object_component id="oc-d4">
         <name>.common:min_threshold_lateral</name>
         <uninitialized>true</uninitialized>
         <run_address>0x20000411</run_address>
         <size>0x1</size>
      </object_component>
      <object_component id="oc-d5">
         <name>.common:max_threshold_lateral</name>
         <uninitialized>true</uninitialized>
         <run_address>0x20000410</run_address>
         <size>0x1</size>
      </object_component>
      <object_component id="oc-2f">
         <name>.stack</name>
         <uninitialized>true</uninitialized>
         <run_address>0x2000fe00</run_address>
         <size>0x0</size>
         <input_file_ref idref="fl-c4"/>
      </object_component>
      <object_component id="oc-25b">
         <name>.stack</name>
         <uninitialized>true</uninitialized>
         <run_address>0x2000fe00</run_address>
         <size>0x0</size>
      </object_component>
      <object_component id="oc-36">
         <name>.debug_info</name>
         <load_address>0x0</load_address>
         <run_address>0x0</run_address>
         <size>0x84</size>
         <input_file_ref idref="fl-2"/>
      </object_component>
      <object_component id="oc-e0">
         <name>.debug_info</name>
         <load_address>0x84</load_address>
         <run_address>0x84</run_address>
         <size>0x18b</size>
         <input_file_ref idref="fl-2"/>
      </object_component>
      <object_component id="oc-d1">
         <name>.debug_info</name>
         <load_address>0x20f</load_address>
         <run_address>0x20f</run_address>
         <size>0x74b</size>
         <input_file_ref idref="fl-3"/>
      </object_component>
      <object_component id="oc-dd">
         <name>.debug_info</name>
         <load_address>0x95a</load_address>
         <run_address>0x95a</run_address>
         <size>0xda</size>
         <input_file_ref idref="fl-3"/>
      </object_component>
      <object_component id="oc-ce">
         <name>.debug_info</name>
         <load_address>0xa34</load_address>
         <run_address>0xa34</run_address>
         <size>0xdc</size>
         <input_file_ref idref="fl-3"/>
      </object_component>
      <object_component id="oc-bf">
         <name>.debug_info</name>
         <load_address>0xb10</load_address>
         <run_address>0xb10</run_address>
         <size>0x375</size>
         <input_file_ref idref="fl-3"/>
      </object_component>
      <object_component id="oc-7c">
         <name>.debug_info</name>
         <load_address>0xe85</load_address>
         <run_address>0xe85</run_address>
         <size>0x2663</size>
         <input_file_ref idref="fl-3"/>
      </object_component>
      <object_component id="oc-145">
         <name>.debug_info</name>
         <load_address>0x34e8</load_address>
         <run_address>0x34e8</run_address>
         <size>0x1055</size>
         <input_file_ref idref="fl-3"/>
      </object_component>
      <object_component id="oc-140">
         <name>.debug_info</name>
         <load_address>0x453d</load_address>
         <run_address>0x453d</run_address>
         <size>0x37e2</size>
         <input_file_ref idref="fl-3"/>
      </object_component>
      <object_component id="oc-e5">
         <name>.debug_info</name>
         <load_address>0x7d1f</load_address>
         <run_address>0x7d1f</run_address>
         <size>0xc0</size>
         <input_file_ref idref="fl-3"/>
      </object_component>
      <object_component id="oc-137">
         <name>.debug_info</name>
         <load_address>0x7ddf</load_address>
         <run_address>0x7ddf</run_address>
         <size>0x4e</size>
         <input_file_ref idref="fl-3"/>
      </object_component>
      <object_component id="oc-83">
         <name>.debug_info</name>
         <load_address>0x7e2d</load_address>
         <run_address>0x7e2d</run_address>
         <size>0x2c3</size>
         <input_file_ref idref="fl-4"/>
      </object_component>
      <object_component id="oc-2d">
         <name>.debug_info</name>
         <load_address>0x80f0</load_address>
         <run_address>0x80f0</run_address>
         <size>0x101</size>
         <input_file_ref idref="fl-4"/>
      </object_component>
      <object_component id="oc-76">
         <name>.debug_info</name>
         <load_address>0x81f1</load_address>
         <run_address>0x81f1</run_address>
         <size>0x1c8</size>
         <input_file_ref idref="fl-4"/>
      </object_component>
      <object_component id="oc-113">
         <name>.debug_info</name>
         <load_address>0x83b9</load_address>
         <run_address>0x83b9</run_address>
         <size>0xfa</size>
         <input_file_ref idref="fl-5"/>
      </object_component>
      <object_component id="oc-b8">
         <name>.debug_info</name>
         <load_address>0x84b3</load_address>
         <run_address>0x84b3</run_address>
         <size>0x26c</size>
         <input_file_ref idref="fl-5"/>
      </object_component>
      <object_component id="oc-d9">
         <name>.debug_info</name>
         <load_address>0x871f</load_address>
         <run_address>0x871f</run_address>
         <size>0x181</size>
         <input_file_ref idref="fl-b"/>
      </object_component>
      <object_component id="oc-12e">
         <name>.debug_info</name>
         <load_address>0x88a0</load_address>
         <run_address>0x88a0</run_address>
         <size>0x689</size>
         <input_file_ref idref="fl-c"/>
      </object_component>
      <object_component id="oc-11f">
         <name>.debug_info</name>
         <load_address>0x8f29</load_address>
         <run_address>0x8f29</run_address>
         <size>0x19a</size>
         <input_file_ref idref="fl-c"/>
      </object_component>
      <object_component id="oc-128">
         <name>.debug_info</name>
         <load_address>0x90c3</load_address>
         <run_address>0x90c3</run_address>
         <size>0xc6</size>
         <input_file_ref idref="fl-c"/>
      </object_component>
      <object_component id="oc-12b">
         <name>.debug_info</name>
         <load_address>0x9189</load_address>
         <run_address>0x9189</run_address>
         <size>0xc6</size>
         <input_file_ref idref="fl-c"/>
      </object_component>
      <object_component id="oc-c2">
         <name>.debug_info</name>
         <load_address>0x924f</load_address>
         <run_address>0x924f</run_address>
         <size>0x1818</size>
         <input_file_ref idref="fl-c"/>
      </object_component>
      <object_component id="oc-178">
         <name>.debug_info</name>
         <load_address>0xaa67</load_address>
         <run_address>0xaa67</run_address>
         <size>0x37cd</size>
         <input_file_ref idref="fl-c"/>
      </object_component>
      <object_component id="oc-119">
         <name>.debug_info</name>
         <load_address>0xe234</load_address>
         <run_address>0xe234</run_address>
         <size>0x28b</size>
         <input_file_ref idref="fl-d"/>
      </object_component>
      <object_component id="oc-171">
         <name>.debug_info</name>
         <load_address>0xe4bf</load_address>
         <run_address>0xe4bf</run_address>
         <size>0x1f1</size>
         <input_file_ref idref="fl-e"/>
      </object_component>
      <object_component id="oc-165">
         <name>.debug_info</name>
         <load_address>0xe6b0</load_address>
         <run_address>0xe6b0</run_address>
         <size>0xce</size>
         <input_file_ref idref="fl-e"/>
      </object_component>
      <object_component id="oc-16b">
         <name>.debug_info</name>
         <load_address>0xe77e</load_address>
         <run_address>0xe77e</run_address>
         <size>0xd0</size>
         <input_file_ref idref="fl-e"/>
      </object_component>
      <object_component id="oc-168">
         <name>.debug_info</name>
         <load_address>0xe84e</load_address>
         <run_address>0xe84e</run_address>
         <size>0xd2</size>
         <input_file_ref idref="fl-e"/>
      </object_component>
      <object_component id="oc-162">
         <name>.debug_info</name>
         <load_address>0xe920</load_address>
         <run_address>0xe920</run_address>
         <size>0x15d</size>
         <input_file_ref idref="fl-e"/>
      </object_component>
      <object_component id="oc-16e">
         <name>.debug_info</name>
         <load_address>0xea7d</load_address>
         <run_address>0xea7d</run_address>
         <size>0xe7</size>
         <input_file_ref idref="fl-e"/>
      </object_component>
      <object_component id="oc-122">
         <name>.debug_info</name>
         <load_address>0xeb64</load_address>
         <run_address>0xeb64</run_address>
         <size>0x1a6f</size>
         <input_file_ref idref="fl-e"/>
      </object_component>
      <object_component id="oc-27">
         <name>.debug_info</name>
         <load_address>0x105d3</load_address>
         <run_address>0x105d3</run_address>
         <size>0x160</size>
         <input_file_ref idref="fl-c4"/>
      </object_component>
      <object_component id="oc-89">
         <name>.debug_info</name>
         <load_address>0x10733</load_address>
         <run_address>0x10733</run_address>
         <size>0x293</size>
         <input_file_ref idref="fl-c5"/>
      </object_component>
      <object_component id="oc-15">
         <name>.debug_info</name>
         <load_address>0x109c6</load_address>
         <run_address>0x109c6</run_address>
         <size>0x245</size>
         <input_file_ref idref="fl-c5"/>
      </object_component>
      <object_component id="oc-31">
         <name>.debug_info</name>
         <load_address>0x10c0b</load_address>
         <run_address>0x10c0b</run_address>
         <size>0x60</size>
         <input_file_ref idref="fl-c5"/>
      </object_component>
      <object_component id="oc-84">
         <name>.debug_info</name>
         <load_address>0x10c6b</load_address>
         <run_address>0x10c6b</run_address>
         <size>0x46</size>
         <input_file_ref idref="fl-c5"/>
      </object_component>
      <object_component id="oc-46">
         <name>.debug_info</name>
         <load_address>0x10cb1</load_address>
         <run_address>0x10cb1</run_address>
         <size>0x2da</size>
         <input_file_ref idref="fl-c6"/>
      </object_component>
      <object_component id="oc-1b">
         <name>.debug_info</name>
         <load_address>0x10f8b</load_address>
         <run_address>0x10f8b</run_address>
         <size>0x1df</size>
         <input_file_ref idref="fl-c6"/>
      </object_component>
      <object_component id="oc-41">
         <name>.debug_info</name>
         <load_address>0x1116a</load_address>
         <run_address>0x1116a</run_address>
         <size>0x46</size>
         <input_file_ref idref="fl-c6"/>
      </object_component>
      <object_component id="oc-8b">
         <name>.debug_info</name>
         <load_address>0x111b0</load_address>
         <run_address>0x111b0</run_address>
         <size>0x2c</size>
         <input_file_ref idref="fl-c6"/>
      </object_component>
      <object_component id="oc-52">
         <name>.debug_info</name>
         <load_address>0x111dc</load_address>
         <run_address>0x111dc</run_address>
         <size>0x2c9</size>
         <input_file_ref idref="fl-c7"/>
      </object_component>
      <object_component id="oc-21">
         <name>.debug_info</name>
         <load_address>0x114a5</load_address>
         <run_address>0x114a5</run_address>
         <size>0x1aa</size>
         <input_file_ref idref="fl-c7"/>
      </object_component>
      <object_component id="oc-4d">
         <name>.debug_info</name>
         <load_address>0x1164f</load_address>
         <run_address>0x1164f</run_address>
         <size>0x46</size>
         <input_file_ref idref="fl-c7"/>
      </object_component>
      <object_component id="oc-93">
         <name>.debug_info</name>
         <load_address>0x11695</load_address>
         <run_address>0x11695</run_address>
         <size>0x2c</size>
         <input_file_ref idref="fl-c7"/>
      </object_component>
      <object_component id="oc-b3">
         <name>.debug_info</name>
         <load_address>0x116c1</load_address>
         <run_address>0x116c1</run_address>
         <size>0x3ce</size>
         <input_file_ref idref="fl-c8"/>
      </object_component>
      <object_component id="oc-ad">
         <name>.debug_info</name>
         <load_address>0x11a8f</load_address>
         <run_address>0x11a8f</run_address>
         <size>0x185</size>
         <input_file_ref idref="fl-c8"/>
      </object_component>
      <object_component id="oc-6c">
         <name>.debug_info</name>
         <load_address>0x11c14</load_address>
         <run_address>0x11c14</run_address>
         <size>0x214</size>
         <input_file_ref idref="fl-c8"/>
      </object_component>
      <object_component id="oc-3c">
         <name>.debug_info</name>
         <load_address>0x11e28</load_address>
         <run_address>0x11e28</run_address>
         <size>0x111</size>
         <input_file_ref idref="fl-c9"/>
      </object_component>
      <object_component id="oc-48">
         <name>.debug_info</name>
         <load_address>0x11f39</load_address>
         <run_address>0x11f39</run_address>
         <size>0x13f</size>
         <input_file_ref idref="fl-ca"/>
      </object_component>
      <object_component id="oc-54">
         <name>.debug_info</name>
         <load_address>0x12078</load_address>
         <run_address>0x12078</run_address>
         <size>0x138</size>
         <input_file_ref idref="fl-cb"/>
      </object_component>
      <object_component id="oc-5a">
         <name>.debug_info</name>
         <load_address>0x121b0</load_address>
         <run_address>0x121b0</run_address>
         <size>0x148</size>
         <input_file_ref idref="fl-cc"/>
      </object_component>
      <object_component id="oc-136">
         <name>.debug_info</name>
         <load_address>0x122f8</load_address>
         <run_address>0x122f8</run_address>
         <size>0x355</size>
         <input_file_ref idref="fl-cd"/>
      </object_component>
      <object_component id="oc-c8">
         <name>.debug_info</name>
         <load_address>0x1264d</load_address>
         <run_address>0x1264d</run_address>
         <size>0x2e4</size>
         <input_file_ref idref="fl-cd"/>
      </object_component>
      <object_component id="oc-1db">
         <name>.debug_info</name>
         <load_address>0x12931</load_address>
         <run_address>0x12931</run_address>
         <size>0x2c</size>
         <input_file_ref idref="fl-cd"/>
      </object_component>
      <object_component id="oc-72">
         <name>.debug_info</name>
         <load_address>0x1295d</load_address>
         <run_address>0x1295d</run_address>
         <size>0x109</size>
         <input_file_ref idref="fl-ce"/>
      </object_component>
      <object_component id="oc-10e">
         <name>.debug_info</name>
         <load_address>0x12a66</load_address>
         <run_address>0x12a66</run_address>
         <size>0x2be</size>
         <input_file_ref idref="fl-cf"/>
      </object_component>
      <object_component id="oc-b0">
         <name>.debug_info</name>
         <load_address>0x12d24</load_address>
         <run_address>0x12d24</run_address>
         <size>0x113</size>
         <input_file_ref idref="fl-cf"/>
      </object_component>
      <object_component id="oc-107">
         <name>.debug_info</name>
         <load_address>0x12e37</load_address>
         <run_address>0x12e37</run_address>
         <size>0x21f</size>
         <input_file_ref idref="fl-cf"/>
      </object_component>
      <object_component id="oc-1d0">
         <name>.debug_info</name>
         <load_address>0x13056</load_address>
         <run_address>0x13056</run_address>
         <size>0x51f</size>
         <input_file_ref idref="fl-d0"/>
      </object_component>
      <object_component id="oc-130">
         <name>.debug_info</name>
         <load_address>0x13575</load_address>
         <run_address>0x13575</run_address>
         <size>0x1543</size>
         <input_file_ref idref="fl-d0"/>
      </object_component>
      <object_component id="oc-1d1">
         <name>.debug_info</name>
         <load_address>0x14ab8</load_address>
         <run_address>0x14ab8</run_address>
         <size>0x86</size>
         <input_file_ref idref="fl-d0"/>
      </object_component>
      <object_component id="oc-217">
         <name>.debug_info</name>
         <load_address>0x14b3e</load_address>
         <run_address>0x14b3e</run_address>
         <size>0x46</size>
         <input_file_ref idref="fl-d0"/>
      </object_component>
      <object_component id="oc-1d6">
         <name>.debug_info</name>
         <load_address>0x14b84</load_address>
         <run_address>0x14b84</run_address>
         <size>0x39</size>
         <input_file_ref idref="fl-d0"/>
      </object_component>
      <object_component id="oc-ab">
         <name>.debug_info</name>
         <load_address>0x14bbd</load_address>
         <run_address>0x14bbd</run_address>
         <size>0x300</size>
         <input_file_ref idref="fl-d1"/>
      </object_component>
      <object_component id="oc-66">
         <name>.debug_info</name>
         <load_address>0x14ebd</load_address>
         <run_address>0x14ebd</run_address>
         <size>0x167</size>
         <input_file_ref idref="fl-d1"/>
      </object_component>
      <object_component id="oc-ff">
         <name>.debug_info</name>
         <load_address>0x15024</load_address>
         <run_address>0x15024</run_address>
         <size>0x5e</size>
         <input_file_ref idref="fl-d1"/>
      </object_component>
      <object_component id="oc-212">
         <name>.debug_info</name>
         <load_address>0x15082</load_address>
         <run_address>0x15082</run_address>
         <size>0x2ae</size>
         <input_file_ref idref="fl-d2"/>
      </object_component>
      <object_component id="oc-1c4">
         <name>.debug_info</name>
         <load_address>0x15330</load_address>
         <run_address>0x15330</run_address>
         <size>0x171</size>
         <input_file_ref idref="fl-d2"/>
      </object_component>
      <object_component id="oc-a9">
         <name>.debug_info</name>
         <load_address>0x154a1</load_address>
         <run_address>0x154a1</run_address>
         <size>0x483</size>
         <input_file_ref idref="fl-d3"/>
      </object_component>
      <object_component id="oc-60">
         <name>.debug_info</name>
         <load_address>0x15924</load_address>
         <run_address>0x15924</run_address>
         <size>0x190</size>
         <input_file_ref idref="fl-d3"/>
      </object_component>
      <object_component id="oc-f3">
         <name>.debug_info</name>
         <load_address>0x15ab4</load_address>
         <run_address>0x15ab4</run_address>
         <size>0x39</size>
         <input_file_ref idref="fl-d3"/>
      </object_component>
      <object_component id="oc-154">
         <name>.debug_info</name>
         <load_address>0x15aed</load_address>
         <run_address>0x15aed</run_address>
         <size>0x39</size>
         <input_file_ref idref="fl-d3"/>
      </object_component>
      <object_component id="oc-f8">
         <name>.debug_info</name>
         <load_address>0x15b26</load_address>
         <run_address>0x15b26</run_address>
         <size>0xcd</size>
         <input_file_ref idref="fl-d3"/>
      </object_component>
      <object_component id="oc-ef">
         <name>.debug_info</name>
         <load_address>0x15bf3</load_address>
         <run_address>0x15bf3</run_address>
         <size>0x37a</size>
         <input_file_ref idref="fl-d4"/>
      </object_component>
      <object_component id="oc-9d">
         <name>.debug_info</name>
         <load_address>0x15f6d</load_address>
         <run_address>0x15f6d</run_address>
         <size>0x183</size>
         <input_file_ref idref="fl-d4"/>
      </object_component>
      <object_component id="oc-14f">
         <name>.debug_info</name>
         <load_address>0x160f0</load_address>
         <run_address>0x160f0</run_address>
         <size>0x2c</size>
         <input_file_ref idref="fl-d4"/>
      </object_component>
      <object_component id="oc-22b">
         <name>.debug_info</name>
         <load_address>0x1611c</load_address>
         <run_address>0x1611c</run_address>
         <size>0xee</size>
         <input_file_ref idref="fl-d5"/>
      </object_component>
      <object_component id="oc-20f">
         <name>.debug_info</name>
         <load_address>0x1620a</load_address>
         <run_address>0x1620a</run_address>
         <size>0xfa</size>
         <input_file_ref idref="fl-d5"/>
      </object_component>
      <object_component id="oc-1ad">
         <name>.debug_info</name>
         <load_address>0x16304</load_address>
         <run_address>0x16304</run_address>
         <size>0x144</size>
         <input_file_ref idref="fl-d6"/>
      </object_component>
      <object_component id="oc-189">
         <name>.debug_info</name>
         <load_address>0x16448</load_address>
         <run_address>0x16448</run_address>
         <size>0x120</size>
         <input_file_ref idref="fl-d7"/>
      </object_component>
      <object_component id="oc-198">
         <name>.debug_info</name>
         <load_address>0x16568</load_address>
         <run_address>0x16568</run_address>
         <size>0x122</size>
         <input_file_ref idref="fl-d7"/>
      </object_component>
      <object_component id="oc-193">
         <name>.debug_info</name>
         <load_address>0x1668a</load_address>
         <run_address>0x1668a</run_address>
         <size>0x132</size>
         <input_file_ref idref="fl-d8"/>
      </object_component>
      <object_component id="oc-18e">
         <name>.debug_info</name>
         <load_address>0x167bc</load_address>
         <run_address>0x167bc</run_address>
         <size>0x132</size>
         <input_file_ref idref="fl-d9"/>
      </object_component>
      <object_component id="oc-19d">
         <name>.debug_info</name>
         <load_address>0x168ee</load_address>
         <run_address>0x168ee</run_address>
         <size>0x126</size>
         <input_file_ref idref="fl-da"/>
      </object_component>
      <object_component id="oc-1a8">
         <name>.debug_info</name>
         <load_address>0x16a14</load_address>
         <run_address>0x16a14</run_address>
         <size>0x124</size>
         <input_file_ref idref="fl-db"/>
      </object_component>
      <object_component id="oc-1f7">
         <name>.debug_info</name>
         <load_address>0x16b38</load_address>
         <run_address>0x16b38</run_address>
         <size>0x2e6</size>
         <input_file_ref idref="fl-dc"/>
      </object_component>
      <object_component id="oc-1a2">
         <name>.debug_info</name>
         <load_address>0x16e1e</load_address>
         <run_address>0x16e1e</run_address>
         <size>0x1c2</size>
         <input_file_ref idref="fl-dc"/>
      </object_component>
      <object_component id="oc-214">
         <name>.debug_info</name>
         <load_address>0x16fe0</load_address>
         <run_address>0x16fe0</run_address>
         <size>0x28b</size>
         <input_file_ref idref="fl-dd"/>
      </object_component>
      <object_component id="oc-1ca">
         <name>.debug_info</name>
         <load_address>0x1726b</load_address>
         <run_address>0x1726b</run_address>
         <size>0x1ab</size>
         <input_file_ref idref="fl-dd"/>
      </object_component>
      <object_component id="oc-1fb">
         <name>.debug_info</name>
         <load_address>0x17416</load_address>
         <run_address>0x17416</run_address>
         <size>0x2d9</size>
         <input_file_ref idref="fl-de"/>
      </object_component>
      <object_component id="oc-1b2">
         <name>.debug_info</name>
         <load_address>0x176ef</load_address>
         <run_address>0x176ef</run_address>
         <size>0x18a</size>
         <input_file_ref idref="fl-de"/>
      </object_component>
      <object_component id="oc-1fc">
         <name>.debug_info</name>
         <load_address>0x17879</load_address>
         <run_address>0x17879</run_address>
         <size>0x2c</size>
         <input_file_ref idref="fl-de"/>
      </object_component>
      <object_component id="oc-20b">
         <name>.debug_info</name>
         <load_address>0x178a5</load_address>
         <run_address>0x178a5</run_address>
         <size>0x316</size>
         <input_file_ref idref="fl-df"/>
      </object_component>
      <object_component id="oc-1b8">
         <name>.debug_info</name>
         <load_address>0x17bbb</load_address>
         <run_address>0x17bbb</run_address>
         <size>0x1d5</size>
         <input_file_ref idref="fl-df"/>
      </object_component>
      <object_component id="oc-a3">
         <name>.debug_info</name>
         <load_address>0x17d90</load_address>
         <run_address>0x17d90</run_address>
         <size>0x145</size>
         <input_file_ref idref="fl-e0"/>
      </object_component>
      <object_component id="oc-20d">
         <name>.debug_info</name>
         <load_address>0x17ed5</load_address>
         <run_address>0x17ed5</run_address>
         <size>0x28f</size>
         <input_file_ref idref="fl-e1"/>
      </object_component>
      <object_component id="oc-1be">
         <name>.debug_info</name>
         <load_address>0x18164</load_address>
         <run_address>0x18164</run_address>
         <size>0x244</size>
         <input_file_ref idref="fl-e1"/>
      </object_component>
      <object_component id="oc-1f0">
         <name>.debug_info</name>
         <load_address>0x183a8</load_address>
         <run_address>0x183a8</run_address>
         <size>0x284</size>
         <input_file_ref idref="fl-e2"/>
      </object_component>
      <object_component id="oc-183">
         <name>.debug_info</name>
         <load_address>0x1862c</load_address>
         <run_address>0x1862c</run_address>
         <size>0x22a</size>
         <input_file_ref idref="fl-e2"/>
      </object_component>
      <object_component id="oc-17e">
         <name>.debug_info</name>
         <load_address>0x18856</load_address>
         <run_address>0x18856</run_address>
         <size>0x17d</size>
         <input_file_ref idref="fl-e3"/>
      </object_component>
      <object_component id="oc-208">
         <name>.debug_info</name>
         <load_address>0x189d3</load_address>
         <run_address>0x189d3</run_address>
         <size>0xf3</size>
         <input_file_ref idref="fl-e4"/>
      </object_component>
      <object_component id="oc-202">
         <name>.debug_info</name>
         <load_address>0x18ac6</load_address>
         <run_address>0x18ac6</run_address>
         <size>0x156</size>
         <input_file_ref idref="fl-e5"/>
      </object_component>
      <object_component id="oc-25c">
         <name>.debug_info</name>
         <load_address>0x18c1c</load_address>
         <run_address>0x18c1c</run_address>
         <size>0xb0</size>
      </object_component>
      <object_component id="oc-39">
         <name>.debug_line</name>
         <load_address>0x0</load_address>
         <run_address>0x0</run_address>
         <size>0x20</size>
         <input_file_ref idref="fl-2"/>
      </object_component>
      <object_component id="oc-e3">
         <name>.debug_line</name>
         <load_address>0x20</load_address>
         <run_address>0x20</run_address>
         <size>0x6f</size>
         <input_file_ref idref="fl-2"/>
      </object_component>
      <object_component id="oc-13f">
         <name>.debug_line</name>
         <load_address>0x8f</load_address>
         <run_address>0x8f</run_address>
         <size>0x8c</size>
         <input_file_ref idref="fl-3"/>
      </object_component>
      <object_component id="oc-14c">
         <name>.debug_line</name>
         <load_address>0x11b</load_address>
         <run_address>0x11b</run_address>
         <size>0x2d</size>
         <input_file_ref idref="fl-3"/>
      </object_component>
      <object_component id="oc-13d">
         <name>.debug_line</name>
         <load_address>0x148</load_address>
         <run_address>0x148</run_address>
         <size>0x2d</size>
         <input_file_ref idref="fl-3"/>
      </object_component>
      <object_component id="oc-117">
         <name>.debug_line</name>
         <load_address>0x175</load_address>
         <run_address>0x175</run_address>
         <size>0x2d</size>
         <input_file_ref idref="fl-3"/>
      </object_component>
      <object_component id="oc-7f">
         <name>.debug_line</name>
         <load_address>0x1a2</load_address>
         <run_address>0x1a2</run_address>
         <size>0xb07</size>
         <input_file_ref idref="fl-3"/>
      </object_component>
      <object_component id="oc-148">
         <name>.debug_line</name>
         <load_address>0xca9</load_address>
         <run_address>0xca9</run_address>
         <size>0x5f</size>
         <input_file_ref idref="fl-3"/>
      </object_component>
      <object_component id="oc-143">
         <name>.debug_line</name>
         <load_address>0xd08</load_address>
         <run_address>0xd08</run_address>
         <size>0x5c</size>
         <input_file_ref idref="fl-3"/>
      </object_component>
      <object_component id="oc-e8">
         <name>.debug_line</name>
         <load_address>0xd64</load_address>
         <run_address>0xd64</run_address>
         <size>0x2d</size>
         <input_file_ref idref="fl-3"/>
      </object_component>
      <object_component id="oc-13a">
         <name>.debug_line</name>
         <load_address>0xd91</load_address>
         <run_address>0xd91</run_address>
         <size>0x6f</size>
         <input_file_ref idref="fl-3"/>
      </object_component>
      <object_component id="oc-eb">
         <name>.debug_line</name>
         <load_address>0xe00</load_address>
         <run_address>0xe00</run_address>
         <size>0x40</size>
         <input_file_ref idref="fl-4"/>
      </object_component>
      <object_component id="oc-82">
         <name>.debug_line</name>
         <load_address>0xe40</load_address>
         <run_address>0xe40</run_address>
         <size>0x40</size>
         <input_file_ref idref="fl-4"/>
      </object_component>
      <object_component id="oc-79">
         <name>.debug_line</name>
         <load_address>0xe80</load_address>
         <run_address>0xe80</run_address>
         <size>0x71</size>
         <input_file_ref idref="fl-4"/>
      </object_component>
      <object_component id="oc-15d">
         <name>.debug_line</name>
         <load_address>0xef1</load_address>
         <run_address>0xef1</run_address>
         <size>0x3b</size>
         <input_file_ref idref="fl-5"/>
      </object_component>
      <object_component id="oc-bb">
         <name>.debug_line</name>
         <load_address>0xf2c</load_address>
         <run_address>0xf2c</run_address>
         <size>0x146</size>
         <input_file_ref idref="fl-5"/>
      </object_component>
      <object_component id="oc-d7">
         <name>.debug_line</name>
         <load_address>0x1072</load_address>
         <run_address>0x1072</run_address>
         <size>0x75</size>
         <input_file_ref idref="fl-b"/>
      </object_component>
      <object_component id="oc-177">
         <name>.debug_line</name>
         <load_address>0x10e7</load_address>
         <run_address>0x10e7</run_address>
         <size>0x41</size>
         <input_file_ref idref="fl-c"/>
      </object_component>
      <object_component id="oc-160">
         <name>.debug_line</name>
         <load_address>0x1128</load_address>
         <run_address>0x1128</run_address>
         <size>0x2c</size>
         <input_file_ref idref="fl-c"/>
      </object_component>
      <object_component id="oc-173">
         <name>.debug_line</name>
         <load_address>0x1154</load_address>
         <run_address>0x1154</run_address>
         <size>0x2c</size>
         <input_file_ref idref="fl-c"/>
      </object_component>
      <object_component id="oc-175">
         <name>.debug_line</name>
         <load_address>0x1180</load_address>
         <run_address>0x1180</run_address>
         <size>0x2c</size>
         <input_file_ref idref="fl-c"/>
      </object_component>
      <object_component id="oc-c5">
         <name>.debug_line</name>
         <load_address>0x11ac</load_address>
         <run_address>0x11ac</run_address>
         <size>0x3fd</size>
         <input_file_ref idref="fl-c"/>
      </object_component>
      <object_component id="oc-17b">
         <name>.debug_line</name>
         <load_address>0x15a9</load_address>
         <run_address>0x15a9</run_address>
         <size>0x52</size>
         <input_file_ref idref="fl-c"/>
      </object_component>
      <object_component id="oc-11c">
         <name>.debug_line</name>
         <load_address>0x15fb</load_address>
         <run_address>0x15fb</run_address>
         <size>0xb5</size>
         <input_file_ref idref="fl-d"/>
      </object_component>
      <object_component id="oc-1ed">
         <name>.debug_line</name>
         <load_address>0x16b0</load_address>
         <run_address>0x16b0</run_address>
         <size>0x41</size>
         <input_file_ref idref="fl-e"/>
      </object_component>
      <object_component id="oc-1e5">
         <name>.debug_line</name>
         <load_address>0x16f1</load_address>
         <run_address>0x16f1</run_address>
         <size>0x2e</size>
         <input_file_ref idref="fl-e"/>
      </object_component>
      <object_component id="oc-1e9">
         <name>.debug_line</name>
         <load_address>0x171f</load_address>
         <run_address>0x171f</run_address>
         <size>0x2e</size>
         <input_file_ref idref="fl-e"/>
      </object_component>
      <object_component id="oc-1e7">
         <name>.debug_line</name>
         <load_address>0x174d</load_address>
         <run_address>0x174d</run_address>
         <size>0x2e</size>
         <input_file_ref idref="fl-e"/>
      </object_component>
      <object_component id="oc-1e3">
         <name>.debug_line</name>
         <load_address>0x177b</load_address>
         <run_address>0x177b</run_address>
         <size>0x31</size>
         <input_file_ref idref="fl-e"/>
      </object_component>
      <object_component id="oc-1eb">
         <name>.debug_line</name>
         <load_address>0x17ac</load_address>
         <run_address>0x17ac</run_address>
         <size>0x31</size>
         <input_file_ref idref="fl-e"/>
      </object_component>
      <object_component id="oc-125">
         <name>.debug_line</name>
         <load_address>0x17dd</load_address>
         <run_address>0x17dd</run_address>
         <size>0x629</size>
         <input_file_ref idref="fl-e"/>
      </object_component>
      <object_component id="oc-2a">
         <name>.debug_line</name>
         <load_address>0x1e06</load_address>
         <run_address>0x1e06</run_address>
         <size>0x53</size>
         <input_file_ref idref="fl-c4"/>
      </object_component>
      <object_component id="oc-ed">
         <name>.debug_line</name>
         <load_address>0x1e59</load_address>
         <run_address>0x1e59</run_address>
         <size>0x20</size>
         <input_file_ref idref="fl-c5"/>
      </object_component>
      <object_component id="oc-18">
         <name>.debug_line</name>
         <load_address>0x1e79</load_address>
         <run_address>0x1e79</run_address>
         <size>0xa9</size>
         <input_file_ref idref="fl-c5"/>
      </object_component>
      <object_component id="oc-34">
         <name>.debug_line</name>
         <load_address>0x1f22</load_address>
         <run_address>0x1f22</run_address>
         <size>0x3a</size>
         <input_file_ref idref="fl-c5"/>
      </object_component>
      <object_component id="oc-87">
         <name>.debug_line</name>
         <load_address>0x1f5c</load_address>
         <run_address>0x1f5c</run_address>
         <size>0x8a</size>
         <input_file_ref idref="fl-c5"/>
      </object_component>
      <object_component id="oc-91">
         <name>.debug_line</name>
         <load_address>0x1fe6</load_address>
         <run_address>0x1fe6</run_address>
         <size>0x8a</size>
         <input_file_ref idref="fl-c6"/>
      </object_component>
      <object_component id="oc-1e">
         <name>.debug_line</name>
         <load_address>0x2070</load_address>
         <run_address>0x2070</run_address>
         <size>0x55</size>
         <input_file_ref idref="fl-c6"/>
      </object_component>
      <object_component id="oc-44">
         <name>.debug_line</name>
         <load_address>0x20c5</load_address>
         <run_address>0x20c5</run_address>
         <size>0x3a</size>
         <input_file_ref idref="fl-c6"/>
      </object_component>
      <object_component id="oc-8e">
         <name>.debug_line</name>
         <load_address>0x20ff</load_address>
         <run_address>0x20ff</run_address>
         <size>0x8a</size>
         <input_file_ref idref="fl-c6"/>
      </object_component>
      <object_component id="oc-99">
         <name>.debug_line</name>
         <load_address>0x2189</load_address>
         <run_address>0x2189</run_address>
         <size>0x8a</size>
         <input_file_ref idref="fl-c7"/>
      </object_component>
      <object_component id="oc-24">
         <name>.debug_line</name>
         <load_address>0x2213</load_address>
         <run_address>0x2213</run_address>
         <size>0x4f</size>
         <input_file_ref idref="fl-c7"/>
      </object_component>
      <object_component id="oc-50">
         <name>.debug_line</name>
         <load_address>0x2262</load_address>
         <run_address>0x2262</run_address>
         <size>0x34</size>
         <input_file_ref idref="fl-c7"/>
      </object_component>
      <object_component id="oc-96">
         <name>.debug_line</name>
         <load_address>0x2296</load_address>
         <run_address>0x2296</run_address>
         <size>0x8a</size>
         <input_file_ref idref="fl-c7"/>
      </object_component>
      <object_component id="oc-111">
         <name>.debug_line</name>
         <load_address>0x2320</load_address>
         <run_address>0x2320</run_address>
         <size>0xf2</size>
         <input_file_ref idref="fl-c8"/>
      </object_component>
      <object_component id="oc-105">
         <name>.debug_line</name>
         <load_address>0x2412</load_address>
         <run_address>0x2412</run_address>
         <size>0x2a</size>
         <input_file_ref idref="fl-c8"/>
      </object_component>
      <object_component id="oc-6f">
         <name>.debug_line</name>
         <load_address>0x243c</load_address>
         <run_address>0x243c</run_address>
         <size>0x86</size>
         <input_file_ref idref="fl-c8"/>
      </object_component>
      <object_component id="oc-3f">
         <name>.debug_line</name>
         <load_address>0x24c2</load_address>
         <run_address>0x24c2</run_address>
         <size>0x88</size>
         <input_file_ref idref="fl-c9"/>
      </object_component>
      <object_component id="oc-4b">
         <name>.debug_line</name>
         <load_address>0x254a</load_address>
         <run_address>0x254a</run_address>
         <size>0x79</size>
         <input_file_ref idref="fl-ca"/>
      </object_component>
      <object_component id="oc-57">
         <name>.debug_line</name>
         <load_address>0x25c3</load_address>
         <run_address>0x25c3</run_address>
         <size>0x3d</size>
         <input_file_ref idref="fl-cb"/>
      </object_component>
      <object_component id="oc-5d">
         <name>.debug_line</name>
         <load_address>0x2600</load_address>
         <run_address>0x2600</run_address>
         <size>0x40</size>
         <input_file_ref idref="fl-cc"/>
      </object_component>
      <object_component id="oc-1e1">
         <name>.debug_line</name>
         <load_address>0x2640</load_address>
         <run_address>0x2640</run_address>
         <size>0x97</size>
         <input_file_ref idref="fl-cd"/>
      </object_component>
      <object_component id="oc-cb">
         <name>.debug_line</name>
         <load_address>0x26d7</load_address>
         <run_address>0x26d7</run_address>
         <size>0x83</size>
         <input_file_ref idref="fl-cd"/>
      </object_component>
      <object_component id="oc-1de">
         <name>.debug_line</name>
         <load_address>0x275a</load_address>
         <run_address>0x275a</run_address>
         <size>0x89</size>
         <input_file_ref idref="fl-cd"/>
      </object_component>
      <object_component id="oc-b6">
         <name>.debug_line</name>
         <load_address>0x27e3</load_address>
         <run_address>0x27e3</run_address>
         <size>0x33</size>
         <input_file_ref idref="fl-ce"/>
      </object_component>
      <object_component id="oc-15b">
         <name>.debug_line</name>
         <load_address>0x2816</load_address>
         <run_address>0x2816</run_address>
         <size>0x20</size>
         <input_file_ref idref="fl-cf"/>
      </object_component>
      <object_component id="oc-10d">
         <name>.debug_line</name>
         <load_address>0x2836</load_address>
         <run_address>0x2836</run_address>
         <size>0x2b</size>
         <input_file_ref idref="fl-cf"/>
      </object_component>
      <object_component id="oc-10a">
         <name>.debug_line</name>
         <load_address>0x2861</load_address>
         <run_address>0x2861</run_address>
         <size>0x68</size>
         <input_file_ref idref="fl-cf"/>
      </object_component>
      <object_component id="oc-216">
         <name>.debug_line</name>
         <load_address>0x28c9</load_address>
         <run_address>0x28c9</run_address>
         <size>0x16a</size>
         <input_file_ref idref="fl-d0"/>
      </object_component>
      <object_component id="oc-133">
         <name>.debug_line</name>
         <load_address>0x2a33</load_address>
         <run_address>0x2a33</run_address>
         <size>0xc3e</size>
         <input_file_ref idref="fl-d0"/>
      </object_component>
      <object_component id="oc-1d4">
         <name>.debug_line</name>
         <load_address>0x3671</load_address>
         <run_address>0x3671</run_address>
         <size>0x8a</size>
         <input_file_ref idref="fl-d0"/>
      </object_component>
      <object_component id="oc-21a">
         <name>.debug_line</name>
         <load_address>0x36fb</load_address>
         <run_address>0x36fb</run_address>
         <size>0x8a</size>
         <input_file_ref idref="fl-d0"/>
      </object_component>
      <object_component id="oc-1d9">
         <name>.debug_line</name>
         <load_address>0x3785</load_address>
         <run_address>0x3785</run_address>
         <size>0x2e</size>
         <input_file_ref idref="fl-d0"/>
      </object_component>
      <object_component id="oc-fe">
         <name>.debug_line</name>
         <load_address>0x37b3</load_address>
         <run_address>0x37b3</run_address>
         <size>0x2b</size>
         <input_file_ref idref="fl-d1"/>
      </object_component>
      <object_component id="oc-69">
         <name>.debug_line</name>
         <load_address>0x37de</load_address>
         <run_address>0x37de</run_address>
         <size>0x4a</size>
         <input_file_ref idref="fl-d1"/>
      </object_component>
      <object_component id="oc-102">
         <name>.debug_line</name>
         <load_address>0x3828</load_address>
         <run_address>0x3828</run_address>
         <size>0x2b</size>
         <input_file_ref idref="fl-d1"/>
      </object_component>
      <object_component id="oc-22d">
         <name>.debug_line</name>
         <load_address>0x3853</load_address>
         <run_address>0x3853</run_address>
         <size>0x89</size>
         <input_file_ref idref="fl-d2"/>
      </object_component>
      <object_component id="oc-1c7">
         <name>.debug_line</name>
         <load_address>0x38dc</load_address>
         <run_address>0x38dc</run_address>
         <size>0x63</size>
         <input_file_ref idref="fl-d2"/>
      </object_component>
      <object_component id="oc-f2">
         <name>.debug_line</name>
         <load_address>0x393f</load_address>
         <run_address>0x393f</run_address>
         <size>0xa9</size>
         <input_file_ref idref="fl-d3"/>
      </object_component>
      <object_component id="oc-63">
         <name>.debug_line</name>
         <load_address>0x39e8</load_address>
         <run_address>0x39e8</run_address>
         <size>0x8b</size>
         <input_file_ref idref="fl-d3"/>
      </object_component>
      <object_component id="oc-f6">
         <name>.debug_line</name>
         <load_address>0x3a73</load_address>
         <run_address>0x3a73</run_address>
         <size>0x2e</size>
         <input_file_ref idref="fl-d3"/>
      </object_component>
      <object_component id="oc-157">
         <name>.debug_line</name>
         <load_address>0x3aa1</load_address>
         <run_address>0x3aa1</run_address>
         <size>0x8a</size>
         <input_file_ref idref="fl-d3"/>
      </object_component>
      <object_component id="oc-fb">
         <name>.debug_line</name>
         <load_address>0x3b2b</load_address>
         <run_address>0x3b2b</run_address>
         <size>0x8b</size>
         <input_file_ref idref="fl-d3"/>
      </object_component>
      <object_component id="oc-14e">
         <name>.debug_line</name>
         <load_address>0x3bb6</load_address>
         <run_address>0x3bb6</run_address>
         <size>0x98</size>
         <input_file_ref idref="fl-d4"/>
      </object_component>
      <object_component id="oc-a0">
         <name>.debug_line</name>
         <load_address>0x3c4e</load_address>
         <run_address>0x3c4e</run_address>
         <size>0x68</size>
         <input_file_ref idref="fl-d4"/>
      </object_component>
      <object_component id="oc-152">
         <name>.debug_line</name>
         <load_address>0x3cb6</load_address>
         <run_address>0x3cb6</run_address>
         <size>0x2e</size>
         <input_file_ref idref="fl-d4"/>
      </object_component>
      <object_component id="oc-231">
         <name>.debug_line</name>
         <load_address>0x3ce4</load_address>
         <run_address>0x3ce4</run_address>
         <size>0x20</size>
         <input_file_ref idref="fl-d5"/>
      </object_component>
      <object_component id="oc-22a">
         <name>.debug_line</name>
         <load_address>0x3d04</load_address>
         <run_address>0x3d04</run_address>
         <size>0x2b</size>
         <input_file_ref idref="fl-d5"/>
      </object_component>
      <object_component id="oc-1b0">
         <name>.debug_line</name>
         <load_address>0x3d2f</load_address>
         <run_address>0x3d2f</run_address>
         <size>0xd2</size>
         <input_file_ref idref="fl-d6"/>
      </object_component>
      <object_component id="oc-18c">
         <name>.debug_line</name>
         <load_address>0x3e01</load_address>
         <run_address>0x3e01</run_address>
         <size>0x77</size>
         <input_file_ref idref="fl-d7"/>
      </object_component>
      <object_component id="oc-19b">
         <name>.debug_line</name>
         <load_address>0x3e78</load_address>
         <run_address>0x3e78</run_address>
         <size>0x77</size>
         <input_file_ref idref="fl-d7"/>
      </object_component>
      <object_component id="oc-196">
         <name>.debug_line</name>
         <load_address>0x3eef</load_address>
         <run_address>0x3eef</run_address>
         <size>0xa8</size>
         <input_file_ref idref="fl-d8"/>
      </object_component>
      <object_component id="oc-191">
         <name>.debug_line</name>
         <load_address>0x3f97</load_address>
         <run_address>0x3f97</run_address>
         <size>0x8e</size>
         <input_file_ref idref="fl-d9"/>
      </object_component>
      <object_component id="oc-1a0">
         <name>.debug_line</name>
         <load_address>0x4025</load_address>
         <run_address>0x4025</run_address>
         <size>0x5a</size>
         <input_file_ref idref="fl-da"/>
      </object_component>
      <object_component id="oc-1ab">
         <name>.debug_line</name>
         <load_address>0x407f</load_address>
         <run_address>0x407f</run_address>
         <size>0x50</size>
         <input_file_ref idref="fl-db"/>
      </object_component>
      <object_component id="oc-21f">
         <name>.debug_line</name>
         <load_address>0x40cf</load_address>
         <run_address>0x40cf</run_address>
         <size>0x8a</size>
         <input_file_ref idref="fl-dc"/>
      </object_component>
      <object_component id="oc-1a5">
         <name>.debug_line</name>
         <load_address>0x4159</load_address>
         <run_address>0x4159</run_address>
         <size>0x66</size>
         <input_file_ref idref="fl-dc"/>
      </object_component>
      <object_component id="oc-22f">
         <name>.debug_line</name>
         <load_address>0x41bf</load_address>
         <run_address>0x41bf</run_address>
         <size>0x20</size>
         <input_file_ref idref="fl-dd"/>
      </object_component>
      <object_component id="oc-1cd">
         <name>.debug_line</name>
         <load_address>0x41df</load_address>
         <run_address>0x41df</run_address>
         <size>0x48</size>
         <input_file_ref idref="fl-dd"/>
      </object_component>
      <object_component id="oc-221">
         <name>.debug_line</name>
         <load_address>0x4227</load_address>
         <run_address>0x4227</run_address>
         <size>0x20</size>
         <input_file_ref idref="fl-de"/>
      </object_component>
      <object_component id="oc-1b5">
         <name>.debug_line</name>
         <load_address>0x4247</load_address>
         <run_address>0x4247</run_address>
         <size>0x5e</size>
         <input_file_ref idref="fl-de"/>
      </object_component>
      <object_component id="oc-1ff">
         <name>.debug_line</name>
         <load_address>0x42a5</load_address>
         <run_address>0x42a5</run_address>
         <size>0x8a</size>
         <input_file_ref idref="fl-de"/>
      </object_component>
      <object_component id="oc-226">
         <name>.debug_line</name>
         <load_address>0x432f</load_address>
         <run_address>0x432f</run_address>
         <size>0x93</size>
         <input_file_ref idref="fl-df"/>
      </object_component>
      <object_component id="oc-1bb">
         <name>.debug_line</name>
         <load_address>0x43c2</load_address>
         <run_address>0x43c2</run_address>
         <size>0xa1</size>
         <input_file_ref idref="fl-df"/>
      </object_component>
      <object_component id="oc-a6">
         <name>.debug_line</name>
         <load_address>0x4463</load_address>
         <run_address>0x4463</run_address>
         <size>0x3c</size>
         <input_file_ref idref="fl-e0"/>
      </object_component>
      <object_component id="oc-228">
         <name>.debug_line</name>
         <load_address>0x449f</load_address>
         <run_address>0x449f</run_address>
         <size>0x20</size>
         <input_file_ref idref="fl-e1"/>
      </object_component>
      <object_component id="oc-1c1">
         <name>.debug_line</name>
         <load_address>0x44bf</load_address>
         <run_address>0x44bf</run_address>
         <size>0xa8</size>
         <input_file_ref idref="fl-e1"/>
      </object_component>
      <object_component id="oc-21d">
         <name>.debug_line</name>
         <load_address>0x4567</load_address>
         <run_address>0x4567</run_address>
         <size>0x20</size>
         <input_file_ref idref="fl-e2"/>
      </object_component>
      <object_component id="oc-186">
         <name>.debug_line</name>
         <load_address>0x4587</load_address>
         <run_address>0x4587</run_address>
         <size>0xaa</size>
         <input_file_ref idref="fl-e2"/>
      </object_component>
      <object_component id="oc-181">
         <name>.debug_line</name>
         <load_address>0x4631</load_address>
         <run_address>0x4631</run_address>
         <size>0x118</size>
         <input_file_ref idref="fl-e3"/>
      </object_component>
      <object_component id="oc-224">
         <name>.debug_line</name>
         <load_address>0x4749</load_address>
         <run_address>0x4749</run_address>
         <size>0x2b</size>
         <input_file_ref idref="fl-e4"/>
      </object_component>
      <object_component id="oc-205">
         <name>.debug_line</name>
         <load_address>0x4774</load_address>
         <run_address>0x4774</run_address>
         <size>0x45</size>
         <input_file_ref idref="fl-e5"/>
      </object_component>
      <object_component id="oc-38">
         <name>.debug_abbrev</name>
         <load_address>0x0</load_address>
         <run_address>0x0</run_address>
         <size>0x1f</size>
         <input_file_ref idref="fl-2"/>
      </object_component>
      <object_component id="oc-e2">
         <name>.debug_abbrev</name>
         <load_address>0x1f</load_address>
         <run_address>0x1f</run_address>
         <size>0x35</size>
         <input_file_ref idref="fl-2"/>
      </object_component>
      <object_component id="oc-13e">
         <name>.debug_abbrev</name>
         <load_address>0x54</load_address>
         <run_address>0x54</run_address>
         <size>0x10b</size>
[...]
      <symbol id="sm-3eb">
         <name>drawCharLgBkg</name>
         <value>0x2921</value>
         <object_component_ref idref="oc-121"/>
      </symbol>
      <symbol id="sm-3ec">
         <name>drawPixel</name>
         <value>0x258f</value>
         <object_component_ref idref="oc-121"/>
      </symbol>
      <symbol id="sm-3ed">
         <name>drawImageMono</name>
         <value>0x2d3b</value>
         <object_component_ref idref="oc-121"/>
      </symbol>
      <symbol id="sm-3ee">
         <name>setColor</name>
         <value>0x243d</value>
         <object_component_ref idref="oc-121"/>
      </symbol>
      <symbol id="sm-3ef">
         <name>bgColorHighByte</name>
         <value>0x2000046f</value>
         <object_component_ref idref="oc-161"/>
      </symbol>
      <symbol id="sm-3f0">
         <name>drawCircle</name>
         <value>0x30f3</value>
         <object_component_ref idref="oc-121"/>
      </symbol>
      <symbol id="sm-3f1">
         <name>drawImageLut</name>
         <value>0x2c2d</value>
         <object_component_ref idref="oc-121"/>
      </symbol>
      <symbol id="sm-3f2">
         <name>drawImage</name>
         <value>0x2c15</value>
         <object_component_ref idref="oc-121"/>
      </symbol>
      <symbol id="sm-3f3">
         <name>font_11x16</name>
         <value>0x4fb8</value>
         <object_component_ref idref="oc-167"/>
      </symbol>
      <symbol id="sm-3f4">
         <name>drawLine</name>
         <value>0x2e99</value>
         <object_component_ref idref="oc-121"/>
      </symbol>
      <symbol id="sm-3f5">
         <name>font_8x12</name>
         <value>0x57e2</value>
         <object_component_ref idref="oc-16a"/>
      </symbol>
      <symbol id="sm-3f6">
         <name>drawCharMd</name>
         <value>0x2a05</value>
         <object_component_ref idref="oc-121"/>
      </symbol>
      <symbol id="sm-3f7">
         <name>drawCharSmBkg</name>
         <value>0x279f</value>
         <object_component_ref idref="oc-121"/>
      </symbol>
      <symbol id="sm-3f8">
         <name>drawCharLg</name>
         <value>0x2879</value>
         <object_component_ref idref="oc-121"/>
      </symbol>
      <symbol id="sm-3f9">
         <name>drawCharSm</name>
         <value>0x26f9</value>
         <object_component_ref idref="oc-121"/>
      </symbol>
      <symbol id="sm-3fa">
         <name>drawLogicLine</name>
         <value>0x2d59</value>
         <object_component_ref idref="oc-121"/>
      </symbol>
      <symbol id="sm-3fb">
         <name>setBackgroundColor</name>
         <value>0x245b</value>
         <object_component_ref idref="oc-121"/>
      </symbol>
      <symbol id="sm-3fc">
         <name>clearScreenBkg</name>
         <value>0x2507</value>
         <object_component_ref idref="oc-121"/>
      </symbol>
      <symbol id="sm-3fd">
         <name>fillCircle</name>
         <value>0x3311</value>
         <object_component_ref idref="oc-121"/>
      </symbol>
      <symbol id="sm-3fe">
         <name>fillRect</name>
         <value>0x3273</value>
         <object_component_ref idref="oc-121"/>
      </symbol>
      <symbol id="sm-3ff">
         <name>drawString</name>
         <value>0x25bf</value>
         <object_component_ref idref="oc-121"/>
      </symbol>
      <symbol id="sm-400">
         <name>clearScreen</name>
         <value>0x2479</value>
         <object_component_ref idref="oc-121"/>
      </symbol>
      <symbol id="sm-401">
         <name>colorLowByte</name>
         <value>0x2000046c</value>
         <object_component_ref idref="oc-161"/>
      </symbol>
      <symbol id="sm-402">
         <name>drawCharMdBkg</name>
         <value>0x2ab3</value>
         <object_component_ref idref="oc-121"/>
      </symbol>
      <symbol id="sm-403">
         <name>font_5x7</name>
         <value>0x5c56</value>
         <object_component_ref idref="oc-164"/>
      </symbol>
      <symbol id="sm-404">
         <name>drawRect</name>
         <value>0x308f</value>
         <object_component_ref idref="oc-121"/>
      </symbol>
      <symbol id="sm-405">
         <name>colorHighByte</name>
         <value>0x2000046d</value>
         <object_component_ref idref="oc-161"/>
      </symbol>
      <symbol id="sm-406">
         <name>bgColorLowByte</name>
         <value>0x2000046e</value>
         <object_component_ref idref="oc-161"/>
      </symbol>
      <symbol id="sm-417">
         <name>_c_int00</name>
         <value>0x4cf9</value>
         <object_component_ref idref="oc-26"/>
      </symbol>
      <symbol id="sm-418">
         <name>__stack</name>
         <value>0x2000fe00</value>
         <object_component_ref idref="oc-2f"/>
      </symbol>
      <symbol id="sm-436">
         <name>__TI_decompress_lzss</name>
         <value>0x4bcd</value>
         <object_component_ref idref="oc-14"/>
      </symbol>
      <symbol id="sm-44d">
         <name>__TI_decompress_none</name>
         <value>0x4f8d</value>
         <object_component_ref idref="oc-1a"/>
      </symbol>
      <symbol id="sm-464">
         <name>__TI_zero_init</name>
         <value>0x4fa9</value>
         <object_component_ref idref="oc-20"/>
      </symbol>
      <symbol id="sm-485">
         <name>C$$EXIT</name>
         <value>0x4d4d</value>
         <object_component_ref idref="oc-6b"/>
      </symbol>
      <symbol id="sm-486">
         <name>abort</name>
         <value>0x4d51</value>
         <object_component_ref idref="oc-6b"/>
      </symbol>
      <symbol id="sm-487">
         <name>exit</name>
         <value>0x4d59</value>
         <object_component_ref idref="oc-6b"/>
      </symbol>
      <symbol id="sm-488">
         <name>__TI_dtors_ptr</name>
         <value>0x20000450</value>
         <object_component_ref idref="oc-ac"/>
      </symbol>
      <symbol id="sm-489">
         <name>__TI_cleanup_ptr</name>
         <value>0x2000044c</value>
         <object_component_ref idref="oc-ac"/>
      </symbol>
      <symbol id="sm-48a">
         <name>__TI_enable_exit_profile_output</name>
         <value>0x20000454</value>
         <object_component_ref idref="oc-ac"/>
      </symbol>
      <symbol id="sm-4a5">
         <name>memcpy</name>
         <value>0x48c1</value>
         <object_component_ref idref="oc-3b"/>
      </symbol>
      <symbol id="sm-4a6">
         <name>__aeabi_memcpy</name>
         <value>0x48c1</value>
         <object_component_ref idref="oc-3b"/>
      </symbol>
      <symbol id="sm-4a7">
         <name>__aeabi_memcpy8</name>
         <value>0x48c1</value>
         <object_component_ref idref="oc-3b"/>
      </symbol>
      <symbol id="sm-4a8">
         <name>__aeabi_memcpy4</name>
         <value>0x48c1</value>
         <object_component_ref idref="oc-3b"/>
      </symbol>
      <symbol id="sm-4b7">
         <name>__aeabi_memset</name>
         <value>0x4a6b</value>
         <object_component_ref idref="oc-47"/>
      </symbol>
      <symbol id="sm-4b8">
         <name>memset</name>
         <value>0x4a71</value>
         <object_component_ref idref="oc-47"/>
      </symbol>
      <symbol id="sm-4b9">
         <name>__aeabi_memset8</name>
         <value>0x4a6b</value>
         <object_component_ref idref="oc-47"/>
      </symbol>
      <symbol id="sm-4ba">
         <name>__aeabi_memset4</name>
         <value>0x4a6b</value>
         <object_component_ref idref="oc-47"/>
      </symbol>
      <symbol id="sm-4bb">
         <name>__aeabi_memclr8</name>
         <value>0x4a69</value>
         <object_component_ref idref="oc-47"/>
      </symbol>
      <symbol id="sm-4bc">
         <name>__aeabi_memclr4</name>
         <value>0x4a69</value>
         <object_component_ref idref="oc-47"/>
      </symbol>
      <symbol id="sm-4bd">
         <name>__aeabi_memclr</name>
         <value>0x4a69</value>
         <object_component_ref idref="oc-47"/>
      </symbol>
      <symbol id="sm-4c7">
         <name>__mpu_init</name>
         <value>0x243b</value>
         <object_component_ref idref="oc-53"/>
      </symbol>
      <symbol id="sm-4d1">
         <name>_system_pre_init</name>
         <value>0x4fb5</value>
         <object_component_ref idref="oc-59"/>
      </symbol>
      <symbol id="sm-4ea">
         <name>sprintf</name>
         <value>0x4c99</value>
         <object_component_ref idref="oc-c7"/>
      </symbol>
      <symbol id="sm-4f2">
         <name>main_func_sp</name>
         <value>0x20000474</value>
         <object_component_ref idref="oc-71"/>
      </symbol>
      <symbol id="sm-50b">
         <name>_nop</name>
         <value>0x4f5f</value>
         <object_component_ref idref="oc-106"/>
      </symbol>
      <symbol id="sm-50c">
         <name>_lock</name>
         <value>0x20000464</value>
         <object_component_ref idref="oc-af"/>
      </symbol>
      <symbol id="sm-50d">
         <name>_unlock</name>
         <value>0x20000468</value>
         <object_component_ref idref="oc-af"/>
      </symbol>
      <symbol id="sm-50e">
         <name>_register_lock</name>
         <value>0x4f57</value>
         <object_component_ref idref="oc-106"/>
      </symbol>
      <symbol id="sm-50f">
         <name>_register_unlock</name>
         <value>0x4f51</value>
         <object_component_ref idref="oc-106"/>
      </symbol>
      <symbol id="sm-610">
         <name>__TI_printfi</name>
         <value>0x1b41</value>
         <object_component_ref idref="oc-12f"/>
      </symbol>
      <symbol id="sm-624">
         <name>_args_main</name>
         <value>0x4f21</value>
         <object_component_ref idref="oc-65"/>
      </symbol>
      <symbol id="sm-63a">
         <name>atoi</name>
         <value>0x4df5</value>
         <object_component_ref idref="oc-1c3"/>
      </symbol>
      <symbol id="sm-664">
         <name>__TI_auto_init</name>
         <value>0x4b5d</value>
         <object_component_ref idref="oc-5f"/>
      </symbol>
      <symbol id="sm-67e">
         <name>copy_in</name>
         <value>0x4e41</value>
         <object_component_ref idref="oc-9c"/>
      </symbol>
      <symbol id="sm-689">
         <name>_ctypes_</name>
         <value>0x5e36</value>
         <object_component_ref idref="oc-20e"/>
      </symbol>
      <symbol id="sm-6a0">
         <name>__aeabi_dsub</name>
         <value>0x4251</value>
         <object_component_ref idref="oc-1ac"/>
      </symbol>
      <symbol id="sm-6a1">
         <name>__aeabi_dadd</name>
         <value>0x425b</value>
         <object_component_ref idref="oc-1ac"/>
      </symbol>
      <symbol id="sm-6c3">
         <name>__aeabi_cdcmpeq</name>
         <value>0x495d</value>
         <object_component_ref idref="oc-188"/>
      </symbol>
      <symbol id="sm-6c4">
         <name>__aeabi_cdcmple</name>
         <value>0x495d</value>
         <object_component_ref idref="oc-188"/>
      </symbol>
      <symbol id="sm-6c5">
         <name>__aeabi_cdrcmple</name>
         <value>0x49e3</value>
         <object_component_ref idref="oc-197"/>
      </symbol>
      <symbol id="sm-6d9">
         <name>__aeabi_ddiv</name>
         <value>0x4591</value>
         <object_component_ref idref="oc-192"/>
      </symbol>
      <symbol id="sm-6e4">
         <name>__aeabi_dmul</name>
         <value>0x46c7</value>
         <object_component_ref idref="oc-18d"/>
      </symbol>
      <symbol id="sm-6ee">
         <name>__aeabi_d2iz</name>
         <value>0x4e8d</value>
         <object_component_ref idref="oc-19c"/>
      </symbol>
      <symbol id="sm-6f8">
         <name>__aeabi_i2d</name>
         <value>0x4ed5</value>
         <object_component_ref idref="oc-1a7"/>
      </symbol>
      <symbol id="sm-707">
         <name>ltoa</name>
         <value>0x4da1</value>
         <object_component_ref idref="oc-1a1"/>
      </symbol>
      <symbol id="sm-717">
         <name>memccpy</name>
         <value>0x4f03</value>
         <object_component_ref idref="oc-1c9"/>
      </symbol>
      <symbol id="sm-732">
         <name>frexpl</name>
         <value>0x4c35</value>
         <object_component_ref idref="oc-1b1"/>
      </symbol>
      <symbol id="sm-733">
         <name>frexp</name>
         <value>0x4c35</value>
         <object_component_ref idref="oc-1b1"/>
      </symbol>
      <symbol id="sm-750">
         <name>scalbn</name>
         <value>0x47c5</value>
         <object_component_ref idref="oc-1b7"/>
      </symbol>
      <symbol id="sm-751">
         <name>scalbnl</name>
         <value>0x47c5</value>
         <object_component_ref idref="oc-1b7"/>
      </symbol>
      <symbol id="sm-752">
         <name>ldexpl</name>
         <value>0x47c5</value>
         <object_component_ref idref="oc-1b7"/>
      </symbol>
      <symbol id="sm-753">
         <name>ldexp</name>
         <value>0x47c5</value>
         <object_component_ref idref="oc-1b7"/>
      </symbol>
      <symbol id="sm-75d">
         <name>_system_post_cinit</name>
         <value>0x4407</value>
         <object_component_ref idref="oc-a2"/>
      </symbol>
      <symbol id="sm-76d">
         <name>strchr</name>
         <value>0x4f39</value>
         <object_component_ref idref="oc-1bd"/>
      </symbol>
      <symbol id="sm-77b">
         <name>strlen</name>
         <value>0x4f79</value>
         <object_component_ref idref="oc-182"/>
      </symbol>
      <symbol id="sm-797">
         <name>__aeabi_uldivmod</name>
         <value>0x405d</value>
         <object_component_ref idref="oc-17d"/>
      </symbol>
      <symbol id="sm-79f">
         <name>errno</name>
         <value>0x20000470</value>
         <object_component_ref idref="oc-207"/>
      </symbol>
      <symbol id="sm-7a9">
         <name>copysign</name>
         <value>0x4f65</value>
         <object_component_ref idref="oc-201"/>
      </symbol>
      <symbol id="sm-7aa">
         <name>copysignl</name>
         <value>0x4f65</value>
         <object_component_ref idref="oc-201"/>
      </symbol>
      <symbol id="sm-7ab">
         <name>__TI_static_base__</name>
         <value>0x0</value>
      </symbol>
      <symbol id="sm-7ae">
         <name>SHT$$INIT_ARRAY$$Limit</name>
         <value>0x0</value>
      </symbol>
      <symbol id="sm-7af">
         <name>SHT$$INIT_ARRAY$$Base</name>
         <value>0x0</value>
      </symbol>
      <symbol id="sm-7b0">
         <name>NMI_Handler</name>
         <value>0x4fa7</value>
      </symbol>
      <symbol id="sm-7b1">
         <name>HardFault_Handler</name>
         <value>0x4fa7</value>
      </symbol>
      <symbol id="sm-7b2">
         <name>MemManage_Handler</name>
         <value>0x4fa7</value>
      </symbol>
      <symbol id="sm-7b3">
         <name>BusFault_Handler</name>
         <value>0x4fa7</value>
      </symbol>
      <symbol id="sm-7b4">
         <name>UsageFault_Handler</name>
         <value>0x4fa7</value>
      </symbol>
      <symbol id="sm-7b5">
         <name>SVC_Handler</name>
         <value>0x4fa7</value>
      </symbol>
      <symbol id="sm-7b6">
         <name>DebugMon_Handler</name>
         <value>0x4fa7</value>
      </symbol>
      <symbol id="sm-7b7">
         <name>PendSV_Handler</name>
         <value>0x4fa7</value>
      </symbol>
      <symbol id="sm-7b8">
         <name>SysTick_Handler</name>
         <value>0x4fa7</value>
      </symbol>
      <symbol id="sm-7b9">
         <name>PSS_IRQHandler</name>
         <value>0x4fa7</value>
      </symbol>
      <symbol id="sm-7ba">
         <name>CS_IRQHandler</name>
         <value>0x4fa7</value>
      </symbol>
      <symbol id="sm-7bb">
         <name>PCM_IRQHandler</name>
         <value>0x4fa7</value>
      </symbol>
      <symbol id="sm-7bc">
         <name>WDT_A_IRQHandler</name>
         <value>0x4fa7</value>
      </symbol>
      <symbol id="sm-7bd">
         <name>FPU_IRQHandler</name>
         <value>0x4fa7</value>
      </symbol>
      <symbol id="sm-7be">
         <name>FLCTL_IRQHandler</name>
         <value>0x4fa7</value>
      </symbol>
      <symbol id="sm-7bf">
         <name>COMP_E0_IRQHandler</name>
         <value>0x4fa7</value>
      </symbol>
      <symbol id="sm-7c0">
         <name>COMP_E1_IRQHandler</name>
         <value>0x4fa7</value>
      </symbol>
      <symbol id="sm-7c1">
         <name>TA0_0_IRQHandler</name>
         <value>0x1221</value>
      </symbol>
      <symbol id="sm-7c2">
         <name>TA0_N_IRQHandler</name>
         <value>0x4fa7</value>
      </symbol>
      <symbol id="sm-7c3">
         <name>TA1_0_IRQHandler</name>
         <value>0x1249</value>
      </symbol>
      <symbol id="sm-7c4">
         <name>TA1_N_IRQHandler</name>
         <value>0x4fa7</value>
      </symbol>
      <symbol id="sm-7c5">
         <name>TA2_0_IRQHandler</name>
         <value>0x4fa7</value>
      </symbol>
      <symbol id="sm-7c6">
         <name>TA2_N_IRQHandler</name>
         <value>0x4fa7</value>
      </symbol>
      <symbol id="sm-7c7">
         <name>TA3_0_IRQHandler</name>
         <value>0x4fa7</value>
      </symbol>
      <symbol id="sm-7c8">
         <name>TA3_N_IRQHandler</name>
         <value>0x4fa7</value>
      </symbol>
      <symbol id="sm-7c9">
         <name>EUSCIA0_IRQHandler</name>
         <value>0x4fa7</value>
      </symbol>
      <symbol id="sm-7ca">
         <name>EUSCIA1_IRQHandler</name>
         <value>0x4fa7</value>
      </symbol>
      <symbol id="sm-7cb">
         <name>EUSCIA2_IRQHandler</name>
         <value>0x1271</value>
      </symbol>
      <symbol id="sm-7cc">
         <name>EUSCIA3_IRQHandler</name>
         <value>0x4fa7</value>
      </symbol>
      <symbol id="sm-7cd">
         <name>EUSCIB0_IRQHandler</name>
         <value>0x4fa7</value>
      </symbol>
      <symbol id="sm-7ce">
         <name>EUSCIB1_IRQHandler</name>
         <value>0x4fa7</value>
      </symbol>
      <symbol id="sm-7cf">
         <name>EUSCIB2_IRQHandler</name>
         <value>0x4fa7</value>
      </symbol>
      <symbol id="sm-7d0">
         <name>EUSCIB3_IRQHandler</name>
         <value>0x4fa7</value>
      </symbol>
      <symbol id="sm-7d1">
         <name>ADC14_IRQHandler</name>
         <value>0x4fa7</value>
      </symbol>
      <symbol id="sm-7d2">
         <name>T32_INT1_IRQHandler</name>
         <value>0x4fa7</value>
      </symbol>
      <symbol id="sm-7d3">
         <name>T32_INT2_IRQHandler</name>
         <value>0x4fa7</value>
      </symbol>
      <symbol id="sm-7d4">
         <name>T32_INTC_IRQHandler</name>
         <value>0x4fa7</value>
      </symbol>
      <symbol id="sm-7d5">
         <name>AES256_IRQHandler</name>
         <value>0x4fa7</value>
      </symbol>
      <symbol id="sm-7d6">
         <name>RTC_C_IRQHandler</name>
         <value>0x4fa7</value>
      </symbol>
      <symbol id="sm-7d7">
         <name>DMA_ERR_IRQHandler</name>
         <value>0x4fa7</value>
      </symbol>
      <symbol id="sm-7d8">
         <name>DMA_INT3_IRQHandler</name>
         <value>0x4fa7</value>
      </symbol>
      <symbol id="sm-7d9">
         <name>DMA_INT2_IRQHandler</name>
         <value>0x4fa7</value>
      </symbol>
      <symbol id="sm-7da">
         <name>DMA_INT1_IRQHandler</name>
         <value>0x4fa7</value>
      </symbol>
      <symbol id="sm-7db">
         <name>DMA_INT0_IRQHandler</name>
         <value>0x4fa7</value>
      </symbol>
      <symbol id="sm-7dc">
         <name>PORT1_IRQHandler</name>
         <value>0x4fa7</value>
      </symbol>
      <symbol id="sm-7dd">
         <name>PORT2_IRQHandler</name>
         <value>0x4fa7</value>
      </symbol>
      <symbol id="sm-7de">
         <name>PORT3_IRQHandler</name>
         <value>0x1149</value>
      </symbol>
      <symbol id="sm-7df">
         <name>PORT4_IRQHandler</name>
         <value>0x1179</value>
      </symbol>
      <symbol id="sm-7e0">
         <name>PORT5_IRQHandler</name>
         <value>0x11cd</value>
      </symbol>
      <symbol id="sm-7e1">
         <name>PORT6_IRQHandler</name>
         <value>0x4fa7</value>
      </symbol>
   </symbol_table>
   <title>Link successful</title>
</link_info>
